Archive member included to satisfy reference by file (symbol)

C:/ST/STM32CubeIDE_1.17.0/STM32CubeIDE/plugins/com.st.stm32cube.ide.mcu.externaltools.gnu-tools-for-stm32.12.3.rel1.win32_1.1.0.202410251130/tools/bin/../lib/gcc/arm-none-eabi/12.3.1/../../../../arm-none-eabi/lib/thumb/v6-m/nofp\libc.a(libc_a-atof.o)
                              BOS\BOS_CLI.o (atof)
C:/ST/STM32CubeIDE_1.17.0/STM32CubeIDE/plugins/com.st.stm32cube.ide.mcu.externaltools.gnu-tools-for-stm32.12.3.rel1.win32_1.1.0.202410251130/tools/bin/../lib/gcc/arm-none-eabi/12.3.1/../../../../arm-none-eabi/lib/thumb/v6-m/nofp\libc.a(libc_a-atoi.o)
                              BOS\BOS_CLI.o (atoi)
C:/ST/STM32CubeIDE_1.17.0/STM32CubeIDE/plugins/com.st.stm32cube.ide.mcu.externaltools.gnu-tools-for-stm32.12.3.rel1.win32_1.1.0.202410251130/tools/bin/../lib/gcc/arm-none-eabi/12.3.1/../../../../arm-none-eabi/lib/thumb/v6-m/nofp\libc.a(libc_a-atol.o)
                              BOS\BOS.o (atol)
C:/ST/STM32CubeIDE_1.17.0/STM32CubeIDE/plugins/com.st.stm32cube.ide.mcu.externaltools.gnu-tools-for-stm32.12.3.rel1.win32_1.1.0.202410251130/tools/bin/../lib/gcc/arm-none-eabi/12.3.1/../../../../arm-none-eabi/lib/thumb/v6-m/nofp\libc.a(libc_a-exit.o)
                              C:/ST/STM32CubeIDE_1.17.0/STM32CubeIDE/plugins/com.st.stm32cube.ide.mcu.externaltools.gnu-tools-for-stm32.12.3.rel1.win32_1.1.0.202410251130/tools/bin/../lib/gcc/arm-none-eabi/12.3.1/../../../../arm-none-eabi/lib/thumb/v6-m/nofp/crt0.o (exit)
C:/ST/STM32CubeIDE_1.17.0/STM32CubeIDE/plugins/com.st.stm32cube.ide.mcu.externaltools.gnu-tools-for-stm32.12.3.rel1.win32_1.1.0.202410251130/tools/bin/../lib/gcc/arm-none-eabi/12.3.1/../../../../arm-none-eabi/lib/thumb/v6-m/nofp\libc.a(libc_a-malloc.o)
                              BOS\BOS.o (malloc)
C:/ST/STM32CubeIDE_1.17.0/STM32CubeIDE/plugins/com.st.stm32cube.ide.mcu.externaltools.gnu-tools-for-stm32.12.3.rel1.win32_1.1.0.202410251130/tools/bin/../lib/gcc/arm-none-eabi/12.3.1/../../../../arm-none-eabi/lib/thumb/v6-m/nofp\libc.a(libc_a-mallocr.o)
                              C:/ST/STM32CubeIDE_1.17.0/STM32CubeIDE/plugins/com.st.stm32cube.ide.mcu.externaltools.gnu-tools-for-stm32.12.3.rel1.win32_1.1.0.202410251130/tools/bin/../lib/gcc/arm-none-eabi/12.3.1/../../../../arm-none-eabi/lib/thumb/v6-m/nofp\libc.a(libc_a-malloc.o) (_malloc_r)
C:/ST/STM32CubeIDE_1.17.0/STM32CubeIDE/plugins/com.st.stm32cube.ide.mcu.externaltools.gnu-tools-for-stm32.12.3.rel1.win32_1.1.0.202410251130/tools/bin/../lib/gcc/arm-none-eabi/12.3.1/../../../../arm-none-eabi/lib/thumb/v6-m/nofp\libc.a(libc_a-mlock.o)
                              C:/ST/STM32CubeIDE_1.17.0/STM32CubeIDE/plugins/com.st.stm32cube.ide.mcu.externaltools.gnu-tools-for-stm32.12.3.rel1.win32_1.1.0.202410251130/tools/bin/../lib/gcc/arm-none-eabi/12.3.1/../../../../arm-none-eabi/lib/thumb/v6-m/nofp\libc.a(libc_a-mallocr.o) (__malloc_lock)
C:/ST/STM32CubeIDE_1.17.0/STM32CubeIDE/plugins/com.st.stm32cube.ide.mcu.externaltools.gnu-tools-for-stm32.12.3.rel1.win32_1.1.0.202410251130/tools/bin/../lib/gcc/arm-none-eabi/12.3.1/../../../../arm-none-eabi/lib/thumb/v6-m/nofp\libc.a(libc_a-rand.o)
                              BOS\BOS_CLIcommands.o (rand)
C:/ST/STM32CubeIDE_1.17.0/STM32CubeIDE/plugins/com.st.stm32cube.ide.mcu.externaltools.gnu-tools-for-stm32.12.3.rel1.win32_1.1.0.202410251130/tools/bin/../lib/gcc/arm-none-eabi/12.3.1/../../../../arm-none-eabi/lib/thumb/v6-m/nofp\libc.a(libc_a-realloc.o)
                              BOS\BOS_CLI.o (realloc)
C:/ST/STM32CubeIDE_1.17.0/STM32CubeIDE/plugins/com.st.stm32cube.ide.mcu.externaltools.gnu-tools-for-stm32.12.3.rel1.win32_1.1.0.202410251130/tools/bin/../lib/gcc/arm-none-eabi/12.3.1/../../../../arm-none-eabi/lib/thumb/v6-m/nofp\libc.a(libc_a-reallocr.o)
                              C:/ST/STM32CubeIDE_1.17.0/STM32CubeIDE/plugins/com.st.stm32cube.ide.mcu.externaltools.gnu-tools-for-stm32.12.3.rel1.win32_1.1.0.202410251130/tools/bin/../lib/gcc/arm-none-eabi/12.3.1/../../../../arm-none-eabi/lib/thumb/v6-m/nofp\libc.a(libc_a-realloc.o) (_realloc_r)
C:/ST/STM32CubeIDE_1.17.0/STM32CubeIDE/plugins/com.st.stm32cube.ide.mcu.externaltools.gnu-tools-for-stm32.12.3.rel1.win32_1.1.0.202410251130/tools/bin/../lib/gcc/arm-none-eabi/12.3.1/../../../../arm-none-eabi/lib/thumb/v6-m/nofp\libc.a(libc_a-strtod.o)
                              C:/ST/STM32CubeIDE_1.17.0/STM32CubeIDE/plugins/com.st.stm32cube.ide.mcu.externaltools.gnu-tools-for-stm32.12.3.rel1.win32_1.1.0.202410251130/tools/bin/../lib/gcc/arm-none-eabi/12.3.1/../../../../arm-none-eabi/lib/thumb/v6-m/nofp\libc.a(libc_a-atof.o) (strtod)
C:/ST/STM32CubeIDE_1.17.0/STM32CubeIDE/plugins/com.st.stm32cube.ide.mcu.externaltools.gnu-tools-for-stm32.12.3.rel1.win32_1.1.0.202410251130/tools/bin/../lib/gcc/arm-none-eabi/12.3.1/../../../../arm-none-eabi/lib/thumb/v6-m/nofp\libc.a(libc_a-strtol.o)
[...]
Memory Configuration

Name             Origin             Length             Attributes
RAM              0x20000000         0x00024000         xrw
FLASH            0x08000000         0x00080000         xr
*default*        0x00000000         0xffffffff

Linker script and memory map

LOAD C:/ST/STM32CubeIDE_1.17.0/STM32CubeIDE/plugins/com.st.stm32cube.ide.mcu.externaltools.gnu-tools-for-stm32.12.3.rel1.win32_1.1.0.202410251130/tools/bin/../lib/gcc/arm-none-eabi/12.3.1/thumb/v6-m/nofp/crti.o
LOAD C:/ST/STM32CubeIDE_1.17.0/STM32CubeIDE/plugins/com.st.stm32cube.ide.mcu.externaltools.gnu-tools-for-stm32.12.3.rel1.win32_1.1.0.202410251130/tools/bin/../lib/gcc/arm-none-eabi/12.3.1/thumb/v6-m/nofp/crtbegin.o
LOAD C:/ST/STM32CubeIDE_1.17.0/STM32CubeIDE/plugins/com.st.stm32cube.ide.mcu.externaltools.gnu-tools-for-stm32.12.3.rel1.win32_1.1.0.202410251130/tools/bin/../lib/gcc/arm-none-eabi/12.3.1/../../../../arm-none-eabi/lib/thumb/v6-m/nofp/crt0.o
LOAD BOS\BOS.o
LOAD BOS\BOS_CLI.o
LOAD BOS\BOS_CLIcommands.o
LOAD BOS\BOS_dma.o
LOAD BOS\BOS_freertos.o
LOAD BOS\BOS_messaging.o
LOAD BOS\BOS_msgparser.o
LOAD H2BR0\H2BR0.o
LOAD H2BR0\H2BR0_adc.o
LOAD H2BR0\H2BR0_dma.o
LOAD H2BR0\H2BR0_eeprom.o
LOAD H2BR0\H2BR0_gpio.o
LOAD H2BR0\H2BR0_inputs.o
LOAD H2BR0\H2BR0_it.o
LOAD H2BR0\H2BR0_rtc.o
LOAD H2BR0\H2BR0_timers.o
LOAD H2BR0\H2BR0_uart.o
LOAD H2BR0\startup_stm32g0b1ceuxn.o
LOAD Thirdparty\CMSIS\STM32G0xx\Device\ST\STM32G0xx\Source\Templates\system_stm32g0xx.o
LOAD Thirdparty\EEPROM_Emul\Core\eeprom_emul.o
LOAD Thirdparty\EEPROM_Emul\Porting\STM32G0\flash_interface.o
LOAD Thirdparty\Middleware\STM32G0xx\FreeRTOS\Source\CMSIS_RTOS\cmsis_os.o
LOAD Thirdparty\Middleware\STM32G0xx\FreeRTOS\Source\FreeRTOS_CLI.o
LOAD Thirdparty\Middleware\STM32G0xx\FreeRTOS\Source\croutine.o
LOAD Thirdparty\Middleware\STM32G0xx\FreeRTOS\Source\event_groups.o
LOAD Thirdparty\Middleware\STM32G0xx\FreeRTOS\Source\list.o
LOAD Thirdparty\Middleware\STM32G0xx\FreeRTOS\Source\portable\GCC\ARM_CM0\port.o
LOAD Thirdparty\Middleware\STM32G0xx\FreeRTOS\Source\portable\MemMang\heap_4.o
LOAD Thirdparty\Middleware\STM32G0xx\FreeRTOS\Source\queue.o
LOAD Thirdparty\Middleware\STM32G0xx\FreeRTOS\Source\stream_buffer.o
LOAD Thirdparty\Middleware\STM32G0xx\FreeRTOS\Source\tasks.o
LOAD Thirdparty\Middleware\STM32G0xx\FreeRTOS\Source\timers.o
LOAD Thirdparty\STM32G0xx_HAL_Driver\Src\stm32g0xx_hal.o
LOAD Thirdparty\STM32G0xx_HAL_Driver\Src\stm32g0xx_hal_adc.o
LOAD Thirdparty\STM32G0xx_HAL_Driver\Src\stm32g0xx_hal_adc_ex.o
LOAD Thirdparty\STM32G0xx_HAL_Driver\Src\stm32g0xx_hal_cec.o
LOAD Thirdparty\STM32G0xx_HAL_Driver\Src\stm32g0xx_hal_comp.o
LOAD Thirdparty\STM32G0xx_HAL_Driver\Src\stm32g0xx_hal_cortex.o
LOAD Thirdparty\STM32G0xx_HAL_Driver\Src\stm32g0xx_hal_crc.o
LOAD Thirdparty\STM32G0xx_HAL_Driver\Src\stm32g0xx_hal_crc_ex.o
LOAD Thirdparty\STM32G0xx_HAL_Driver\Src\stm32g0xx_hal_cryp.o
LOAD Thirdparty\STM32G0xx_HAL_Driver\Src\stm32g0xx_hal_cryp_ex.o
LOAD Thirdparty\STM32G0xx_HAL_Driver\Src\stm32g0xx_hal_dac.o
LOAD Thirdparty\STM32G0xx_HAL_Driver\Src\stm32g0xx_hal_dac_ex.o
LOAD Thirdparty\STM32G0xx_HAL_Driver\Src\stm32g0xx_hal_dma.o
LOAD Thirdparty\STM32G0xx_HAL_Driver\Src\stm32g0xx_hal_dma_ex.o
LOAD Thirdparty\STM32G0xx_HAL_Driver\Src\stm32g0xx_hal_exti.o
LOAD Thirdparty\STM32G0xx_HAL_Driver\Src\stm32g0xx_hal_fdcan.o
LOAD Thirdparty\STM32G0xx_HAL_Driver\Src\stm32g0xx_hal_flash.o
LOAD Thirdparty\STM32G0xx_HAL_Driver\Src\stm32g0xx_hal_flash_ex.o
LOAD Thirdparty\STM32G0xx_HAL_Driver\Src\stm32g0xx_hal_gpio.o
LOAD Thirdparty\STM32G0xx_HAL_Driver\Src\stm32g0xx_hal_hcd.o
LOAD Thirdparty\STM32G0xx_HAL_Driver\Src\stm32g0xx_hal_i2c.o
LOAD Thirdparty\STM32G0xx_HAL_Driver\Src\stm32g0xx_hal_i2c_ex.o
LOAD Thirdparty\STM32G0xx_HAL_Driver\Src\stm32g0xx_hal_i2s.o
LOAD Thirdparty\STM32G0xx_HAL_Driver\Src\stm32g0xx_hal_irda.o
LOAD Thirdparty\STM32G0xx_HAL_Driver\Src\stm32g0xx_hal_iwdg.o
LOAD Thirdparty\STM32G0xx_HAL_Driver\Src\stm32g0xx_hal_lptim.o
LOAD Thirdparty\STM32G0xx_HAL_Driver\Src\stm32g0xx_hal_msp_template.o
LOAD Thirdparty\STM32G0xx_HAL_Driver\Src\stm32g0xx_hal_pcd.o
LOAD Thirdparty\STM32G0xx_HAL_Driver\Src\stm32g0xx_hal_pcd_ex.o
LOAD Thirdparty\STM32G0xx_HAL_Driver\Src\stm32g0xx_hal_pwr.o
LOAD Thirdparty\STM32G0xx_HAL_Driver\Src\stm32g0xx_hal_pwr_ex.o
LOAD Thirdparty\STM32G0xx_HAL_Driver\Src\stm32g0xx_hal_rcc.o
LOAD Thirdparty\STM32G0xx_HAL_Driver\Src\stm32g0xx_hal_rcc_ex.o
LOAD Thirdparty\STM32G0xx_HAL_Driver\Src\stm32g0xx_hal_rng.o
LOAD Thirdparty\STM32G0xx_HAL_Driver\Src\stm32g0xx_hal_rtc.o
LOAD Thirdparty\STM32G0xx_HAL_Driver\Src\stm32g0xx_hal_rtc_ex.o
LOAD Thirdparty\STM32G0xx_HAL_Driver\Src\stm32g0xx_hal_smartcard.o
LOAD Thirdparty\STM32G0xx_HAL_Driver\Src\stm32g0xx_hal_smartcard_ex.o
LOAD Thirdparty\STM32G0xx_HAL_Driver\Src\stm32g0xx_hal_smbus.o
LOAD Thirdparty\STM32G0xx_HAL_Driver\Src\stm32g0xx_hal_smbus_ex.o
LOAD Thirdparty\STM32G0xx_HAL_Driver\Src\stm32g0xx_hal_spi.o
LOAD Thirdparty\STM32G0xx_HAL_Driver\Src\stm32g0xx_hal_spi_ex.o
LOAD Thirdparty\STM32G0xx_HAL_Driver\Src\stm32g0xx_hal_tim.o
LOAD Thirdparty\STM32G0xx_HAL_Driver\Src\stm32g0xx_hal_tim_ex.o
LOAD Thirdparty\STM32G0xx_HAL_Driver\Src\stm32g0xx_hal_uart.o
LOAD Thirdparty\STM32G0xx_HAL_Driver\Src\stm32g0xx_hal_uart_ex.o
LOAD Thirdparty\STM32G0xx_HAL_Driver\Src\stm32g0xx_hal_usart.o
LOAD Thirdparty\STM32G0xx_HAL_Driver\Src\stm32g0xx_hal_usart_ex.o
LOAD Thirdparty\STM32G0xx_HAL_Driver\Src\stm32g0xx_hal_wwdg.o
LOAD Thirdparty\STM32G0xx_HAL_Driver\Src\stm32g0xx_ll_adc.o
LOAD Thirdparty\STM32G0xx_HAL_Driver\Src\stm32g0xx_ll_comp.o
LOAD Thirdparty\STM32G0xx_HAL_Driver\Src\stm32g0xx_ll_crc.o
LOAD Thirdparty\STM32G0xx_HAL_Driver\Src\stm32g0xx_ll_crs.o
LOAD Thirdparty\STM32G0xx_HAL_Driver\Src\stm32g0xx_ll_dac.o
LOAD Thirdparty\STM32G0xx_HAL_Driver\Src\stm32g0xx_ll_dma.o
LOAD Thirdparty\STM32G0xx_HAL_Driver\Src\stm32g0xx_ll_exti.o
LOAD Thirdparty\STM32G0xx_HAL_Driver\Src\stm32g0xx_ll_gpio.o
LOAD Thirdparty\STM32G0xx_HAL_Driver\Src\stm32g0xx_ll_i2c.o
LOAD Thirdparty\STM32G0xx_HAL_Driver\Src\stm32g0xx_ll_lptim.o
LOAD Thirdparty\STM32G0xx_HAL_Driver\Src\stm32g0xx_ll_lpuart.o
LOAD Thirdparty\STM32G0xx_HAL_Driver\Src\stm32g0xx_ll_pwr.o
LOAD Thirdparty\STM32G0xx_HAL_Driver\Src\stm32g0xx_ll_rcc.o
LOAD Thirdparty\STM32G0xx_HAL_Driver\Src\stm32g0xx_ll_rng.o
LOAD Thirdparty\STM32G0xx_HAL_Driver\Src\stm32g0xx_ll_rtc.o
LOAD Thirdparty\STM32G0xx_HAL_Driver\Src\stm32g0xx_ll_spi.o
LOAD Thirdparty\STM32G0xx_HAL_Driver\Src\stm32g0xx_ll_tim.o
LOAD Thirdparty\STM32G0xx_HAL_Driver\Src\stm32g0xx_ll_ucpd.o
LOAD Thirdparty\STM32G0xx_HAL_Driver\Src\stm32g0xx_ll_usart.o
LOAD Thirdparty\STM32G0xx_HAL_Driver\Src\stm32g0xx_ll_usb.o
LOAD Thirdparty\STM32G0xx_HAL_Driver\Src\stm32g0xx_ll_utils.o
LOAD User\main.o
START GROUP
LOAD C:/ST/STM32CubeIDE_1.17.0/STM32CubeIDE/plugins/com.st.stm32cube.ide.mcu.externaltools.gnu-tools-for-stm32.12.3.rel1.win32_1.1.0.202410251130/tools/bin/../lib/gcc/arm-none-eabi/12.3.1/../../../../arm-none-eabi/lib/thumb/v6-m/nofp\libc.a
LOAD C:/ST/STM32CubeIDE_1.17.0/STM32CubeIDE/plugins/com.st.stm32cube.ide.mcu.externaltools.gnu-tools-for-stm32.12.3.rel1.win32_1.1.0.202410251130/tools/bin/../lib/gcc/arm-none-eabi/12.3.1/../../../../arm-none-eabi/lib/thumb/v6-m/nofp\libm.a
END GROUP
START GROUP
LOAD C:/ST/STM32CubeIDE_1.17.0/STM32CubeIDE/plugins/com.st.stm32cube.ide.mcu.externaltools.gnu-tools-for-stm32.12.3.rel1.win32_1.1.0.202410251130/tools/bin/../lib/gcc/arm-none-eabi/12.3.1/thumb/v6-m/nofp\libgcc.a
LOAD C:/ST/STM32CubeIDE_1.17.0/STM32CubeIDE/plugins/com.st.stm32cube.ide.mcu.externaltools.gnu-tools-for-stm32.12.3.rel1.win32_1.1.0.202410251130/tools/bin/../lib/gcc/arm-none-eabi/12.3.1/../../../../arm-none-eabi/lib/thumb/v6-m/nofp\libc.a
END GROUP
START GROUP
LOAD C:/ST/STM32CubeIDE_1.17.0/STM32CubeIDE/plugins/com.st.stm32cube.ide.mcu.externaltools.gnu-tools-for-stm32.12.3.rel1.win32_1.1.0.202410251130/tools/bin/../lib/gcc/arm-none-eabi/12.3.1/thumb/v6-m/nofp\libgcc.a
LOAD C:/ST/STM32CubeIDE_1.17.0/STM32CubeIDE/plugins/com.st.stm32cube.ide.mcu.externaltools.gnu-tools-for-stm32.12.3.rel1.win32_1.1.0.202410251130/tools/bin/../lib/gcc/arm-none-eabi/12.3.1/../../../../arm-none-eabi/lib/thumb/v6-m/nofp\libc.a
LOAD C:/ST/STM32CubeIDE_1.17.0/STM32CubeIDE/plugins/com.st.stm32cube.ide.mcu.externaltools.gnu-tools-for-stm32.12.3.rel1.win32_1.1.0.202410251130/tools/bin/../lib/gcc/arm-none-eabi/12.3.1/../../../../arm-none-eabi/lib/thumb/v6-m/nofp\libnosys.a
END GROUP
LOAD C:/ST/STM32CubeIDE_1.17.0/STM32CubeIDE/plugins/com.st.stm32cube.ide.mcu.externaltools.gnu-tools-for-stm32.12.3.rel1.win32_1.1.0.202410251130/tools/bin/../lib/gcc/arm-none-eabi/12.3.1/thumb/v6-m/nofp/crtend.o
LOAD C:/ST/STM32CubeIDE_1.17.0/STM32CubeIDE/plugins/com.st.stm32cube.ide.mcu.externaltools.gnu-tools-for-stm32.12.3.rel1.win32_1.1.0.202410251130/tools/bin/../lib/gcc/arm-none-eabi/12.3.1/thumb/v6-m/nofp/crtn.o
                0x20024000                        _estack = (ORIGIN (RAM) + LENGTH (RAM))
                0x00000200                        _Min_Heap_Size = 0x200
                0x00000400                        _Min_Stack_Size = 0x400

.isr_vector     0x08000000       0xbc
                0x08000000                        . = ALIGN (0x4)
 *(.isr_vector)
 .isr_vector    0x08000000       0xbc H2BR0\startup_stm32g0b1ceuxn.o
                0x08000000                g_pfnVectors
                0x080000bc                        . = ALIGN (0x4)

.text           0x080000c0    0x2e980
                0x080000c0                        . = ALIGN (0x4)
 *(.text)
 .text          0x080000c0       0x48 C:/ST/STM32CubeIDE_1.17.0/STM32CubeIDE/plugins/com.st.stm32cube.ide.mcu.externaltools.gnu-tools-for-stm32.12.3.rel1.win32_1.1.0.202410251130/tools/bin/../lib/gcc/arm-none-eabi/12.3.1/thumb/v6-m/nofp/crtbegin.o
 .text          0x08000108       0x14 C:/ST/STM32CubeIDE_1.17.0/STM32CubeIDE/plugins/com.st.stm32cube.ide.mcu.externaltools.gnu-tools-for-stm32.12.3.rel1.win32_1.1.0.202410251130/tools/bin/../lib/gcc/arm-none-eabi/12.3.1/../../../../arm-none-eabi/lib/thumb/v6-m/nofp\libc.a(libc_a-strcmp.o)
                0x08000108                strcmp
 .text          0x0800011c        0xe C:/ST/STM32CubeIDE_1.17.0/STM32CubeIDE/plugins/com.st.stm32cube.ide.mcu.externaltools.gnu-tools-for-stm32.12.3.rel1.win32_1.1.0.202410251130/tools/bin/../lib/gcc/arm-none-eabi/12.3.1/../../../../arm-none-eabi/lib/thumb/v6-m/nofp\libc.a(libc_a-strlen.o)
                0x0800011c                strlen
 *fill*         0x0800012a        0x2 
 .text          0x0800012c       0x14 C:/ST/STM32CubeIDE_1.17.0/STM32CubeIDE/plugins/com.st.stm32cube.ide.mcu.externaltools.gnu-tools-for-stm32.12.3.rel1.win32_1.1.0.202410251130/tools/bin/../lib/gcc/arm-none-eabi/12.3.1/thumb/v6-m/nofp\libgcc.a(_thumb1_case_uqi.o)
                0x0800012c                __gnu_thumb1_case_uqi
 .text          0x08000140       0x14 C:/ST/STM32CubeIDE_1.17.0/STM32CubeIDE/plugins/com.st.stm32cube.ide.mcu.externaltools.gnu-tools-for-stm32.12.3.rel1.win32_1.1.0.202410251130/tools/bin/../lib/gcc/arm-none-eabi/12.3.1/thumb/v6-m/nofp\libgcc.a(_thumb1_case_uhi.o)
                0x08000140                __gnu_thumb1_case_uhi
 .text          0x08000154      0x114 C:/ST/STM32CubeIDE_1.17.0/STM32CubeIDE/plugins/com.st.stm32cube.ide.mcu.externaltools.gnu-tools-for-stm32.12.3.rel1.win32_1.1.0.202410251130/tools/bin/../lib/gcc/arm-none-eabi/12.3.1/thumb/v6-m/nofp\libgcc.a(_udivsi3.o)
                0x08000154                __aeabi_uidiv
                0x08000154                __udivsi3
                0x08000260                __aeabi_uidivmod
 .text          0x08000268      0x1d4 C:/ST/STM32CubeIDE_1.17.0/STM32CubeIDE/plugins/com.st.stm32cube.ide.mcu.externaltools.gnu-tools-for-stm32.12.3.rel1.win32_1.1.0.202410251130/tools/bin/../lib/gcc/arm-none-eabi/12.3.1/thumb/v6-m/nofp\libgcc.a(_divsi3.o)
                0x08000268                __divsi3
                0x08000268                __aeabi_idiv
                0x08000434                __aeabi_idivmod
 .text          0x0800043c        0x4 C:/ST/STM32CubeIDE_1.17.0/STM32CubeIDE/plugins/com.st.stm32cube.ide.mcu.externaltools.gnu-tools-for-stm32.12.3.rel1.win32_1.1.0.202410251130/tools/bin/../lib/gcc/arm-none-eabi/12.3.1/thumb/v6-m/nofp\libgcc.a(_dvmd_tls.o)
                0x0800043c                __aeabi_idiv0
                0x0800043c                __aeabi_ldiv0
 .text          0x08000440       0x7c C:/ST/STM32CubeIDE_1.17.0/STM32CubeIDE/plugins/com.st.stm32cube.ide.mcu.externaltools.gnu-tools-for-stm32.12.3.rel1.win32_1.1.0.202410251130/tools/bin/../lib/gcc/arm-none-eabi/12.3.1/thumb/v6-m/nofp\libgcc.a(_arm_cmpdf2.o)
                0x08000440                __aeabi_cdrcmple
                0x08000450                __aeabi_cdcmple
                0x08000450                __aeabi_cdcmpeq
                0x08000460                __aeabi_dcmpeq
                0x0800046c                __aeabi_dcmplt
                0x08000480                __aeabi_dcmple
                0x08000494                __aeabi_dcmpgt
                0x080004a8                __aeabi_dcmpge
 .text          0x080004bc       0x74 C:/ST/STM32CubeIDE_1.17.0/STM32CubeIDE/plugins/com.st.stm32cube.ide.mcu.externaltools.gnu-tools-for-stm32.12.3.rel1.win32_1.1.0.202410251130/tools/bin/../lib/gcc/arm-none-eabi/12.3.1/thumb/v6-m/nofp\libgcc.a(_arm_cmpsf2.o)
                0x080004bc                __aeabi_cfrcmple
                0x080004c4                __aeabi_cfcmpeq
                0x080004c4                __aeabi_cfcmple
                0x080004d4                __aeabi_fcmpeq
                0x080004e0                __aeabi_fcmplt
                0x080004f4                __aeabi_fcmple
                0x08000508                __aeabi_fcmpgt
                0x0800051c                __aeabi_fcmpge
 .text          0x08000530       0x14 C:/ST/STM32CubeIDE_1.17.0/STM32CubeIDE/plugins/com.st.stm32cube.ide.mcu.externaltools.gnu-tools-for-stm32.12.3.rel1.win32_1.1.0.202410251130/tools/bin/../lib/gcc/arm-none-eabi/12.3.1/thumb/v6-m/nofp\libgcc.a(_aeabi_ulcmp.o)
                0x08000530                __aeabi_ulcmp
 .text          0x08000544       0x40 C:/ST/STM32CubeIDE_1.17.0/STM32CubeIDE/plugins/com.st.stm32cube.ide.mcu.externaltools.gnu-tools-for-stm32.12.3.rel1.win32_1.1.0.202410251130/tools/bin/../lib/gcc/arm-none-eabi/12.3.1/thumb/v6-m/nofp\libgcc.a(_aeabi_uldivmod.o)
                0x08000544                __aeabi_uldivmod
 .text          0x08000584       0x5c C:/ST/STM32CubeIDE_1.17.0/STM32CubeIDE/plugins/com.st.stm32cube.ide.mcu.externaltools.gnu-tools-for-stm32.12.3.rel1.win32_1.1.0.202410251130/tools/bin/../lib/gcc/arm-none-eabi/12.3.1/thumb/v6-m/nofp\libgcc.a(_muldi3.o)
                0x08000584                __muldi3
                0x08000584                __aeabi_lmul
 .text          0x080005e0       0x30 C:/ST/STM32CubeIDE_1.17.0/STM32CubeIDE/plugins/com.st.stm32cube.ide.mcu.externaltools.gnu-tools-for-stm32.12.3.rel1.win32_1.1.0.202410251130/tools/bin/../lib/gcc/arm-none-eabi/12.3.1/thumb/v6-m/nofp\libgcc.a(_fixunssfsi.o)
                0x080005e0                __fixunssfsi
                0x080005e0                __aeabi_f2uiz
 .text          0x08000610       0x3c C:/ST/STM32CubeIDE_1.17.0/STM32CubeIDE/plugins/com.st.stm32cube.ide.mcu.externaltools.gnu-tools-for-stm32.12.3.rel1.win32_1.1.0.202410251130/tools/bin/../lib/gcc/arm-none-eabi/12.3.1/thumb/v6-m/nofp\libgcc.a(_fixunsdfsi.o)
                0x08000610                __aeabi_d2uiz
                0x08000610                __fixunsdfsi
 .text          0x0800064c       0x38 C:/ST/STM32CubeIDE_1.17.0/STM32CubeIDE/plugins/com.st.stm32cube.ide.mcu.externaltools.gnu-tools-for-stm32.12.3.rel1.win32_1.1.0.202410251130/tools/bin/../lib/gcc/arm-none-eabi/12.3.1/thumb/v6-m/nofp\libgcc.a(_fixdfdi.o)
                0x0800064c                __fixdfdi
                0x0800064c                __aeabi_d2lz
 .text          0x08000684       0x3c C:/ST/STM32CubeIDE_1.17.0/STM32CubeIDE/plugins/com.st.stm32cube.ide.mcu.externaltools.gnu-tools-for-stm32.12.3.rel1.win32_1.1.0.202410251130/tools/bin/../lib/gcc/arm-none-eabi/12.3.1/thumb/v6-m/nofp\libgcc.a(_fixunsdfdi.o)
                0x08000684                __fixunsdfdi
                0x08000684                __aeabi_d2ulz
 .text          0x080006c0       0x2c C:/ST/STM32CubeIDE_1.17.0/STM32CubeIDE/plugins/com.st.stm32cube.ide.mcu.externaltools.gnu-tools-for-stm32.12.3.rel1.win32_1.1.0.202410251130/tools/bin/../lib/gcc/arm-none-eabi/12.3.1/thumb/v6-m/nofp\libgcc.a(_floatdidf.o)
                0x080006c0                __aeabi_l2d
                0x080006c0                __floatdidf
 .text          0x080006ec      0x198 C:/ST/STM32CubeIDE_1.17.0/STM32CubeIDE/plugins/com.st.stm32cube.ide.mcu.externaltools.gnu-tools-for-stm32.12.3.rel1.win32_1.1.0.202410251130/tools/bin/../lib/gcc/arm-none-eabi/12.3.1/thumb/v6-m/nofp\libgcc.a(_udivmoddi4.o)
                0x080006ec                __udivmoddi4
 .text          0x08000884      0x314 C:/ST/STM32CubeIDE_1.17.0/STM32CubeIDE/plugins/com.st.stm32cube.ide.mcu.externaltools.gnu-tools-for-stm32.12.3.rel1.win32_1.1.0.202410251130/tools/bin/../lib/gcc/arm-none-eabi/12.3.1/thumb/v6-m/nofp\libgcc.a(addsf3.o)
                0x08000884                __aeabi_fadd
 .text          0x08000b98      0x240 C:/ST/STM32CubeIDE_1.17.0/STM32CubeIDE/plugins/com.st.stm32cube.ide.mcu.externaltools.gnu-tools-for-stm32.12.3.rel1.win32_1.1.0.202410251130/tools/bin/../lib/gcc/arm-none-eabi/12.3.1/thumb/v6-m/nofp\libgcc.a(divsf3.o)
                0x08000b98                __aeabi_fdiv
 .text          0x08000dd8       0x50 C:/ST/STM32CubeIDE_1.17.0/STM32CubeIDE/plugins/com.st.stm32cube.ide.mcu.externaltools.gnu-tools-for-stm32.12.3.rel1.win32_1.1.0.202410251130/tools/bin/../lib/gcc/arm-none-eabi/12.3.1/thumb/v6-m/nofp\libgcc.a(eqsf2.o)
                0x08000dd8                __eqsf2
                0x08000dd8                __nesf2
 .text          0x08000e28       0xa0 C:/ST/STM32CubeIDE_1.17.0/STM32CubeIDE/plugins/com.st.stm32cube.ide.mcu.externaltools.gnu-tools-for-stm32.12.3.rel1.win32_1.1.0.202410251130/tools/bin/../lib/gcc/arm-none-eabi/12.3.1/thumb/v6-m/nofp\libgcc.a(gesf2.o)
                0x08000e28                __gesf2
                0x08000e28                __gtsf2
 .text          0x08000ec8       0x9c C:/ST/STM32CubeIDE_1.17.0/STM32CubeIDE/plugins/com.st.stm32cube.ide.mcu.externaltools.gnu-tools-for-stm32.12.3.rel1.win32_1.1.0.202410251130/tools/bin/../lib/gcc/arm-none-eabi/12.3.1/thumb/v6-m/nofp\libgcc.a(lesf2.o)
                0x08000ec8                __ltsf2
                0x08000ec8                __lesf2
 .text          0x08000f64      0x27c C:/ST/STM32CubeIDE_1.17.0/STM32CubeIDE/plugins/com.st.stm32cube.ide.mcu.externaltools.gnu-tools-for-stm32.12.3.rel1.win32_1.1.0.202410251130/tools/bin/../lib/gcc/arm-none-eabi/12.3.1/thumb/v6-m/nofp\libgcc.a(mulsf3.o)
                0x08000f64                __aeabi_fmul
 .text          0x080011e0      0x348 C:/ST/STM32CubeIDE_1.17.0/STM32CubeIDE/plugins/com.st.stm32cube.ide.mcu.externaltools.gnu-tools-for-stm32.12.3.rel1.win32_1.1.0.202410251130/tools/bin/../lib/gcc/arm-none-eabi/12.3.1/thumb/v6-m/nofp\libgcc.a(subsf3.o)
                0x080011e0                __aeabi_fsub
 .text          0x08001528       0x40 C:/ST/STM32CubeIDE_1.17.0/STM32CubeIDE/plugins/com.st.stm32cube.ide.mcu.externaltools.gnu-tools-for-stm32.12.3.rel1.win32_1.1.0.202410251130/tools/bin/../lib/gcc/arm-none-eabi/12.3.1/thumb/v6-m/nofp\libgcc.a(fixsfsi.o)
                0x08001528                __aeabi_f2iz
 .text          0x08001568       0x84 C:/ST/STM32CubeIDE_1.17.0/STM32CubeIDE/plugins/com.st.stm32cube.ide.mcu.externaltools.gnu-tools-for-stm32.12.3.rel1.win32_1.1.0.202410251130/tools/bin/../lib/gcc/arm-none-eabi/12.3.1/thumb/v6-m/nofp\libgcc.a(floatunsisf.o)
                0x08001568                __aeabi_ui2f
 .text          0x080015ec      0x6c8 C:/ST/STM32CubeIDE_1.17.0/STM32CubeIDE/plugins/com.st.stm32cube.ide.mcu.externaltools.gnu-tools-for-stm32.12.3.rel1.win32_1.1.0.202410251130/tools/bin/../lib/gcc/arm-none-eabi/12.3.1/thumb/v6-m/nofp\libgcc.a(adddf3.o)
                0x080015ec                __aeabi_dadd
 .text          0x08001cb4      0x634 C:/ST/STM32CubeIDE_1.17.0/STM32CubeIDE/plugins/com.st.stm32cube.ide.mcu.externaltools.gnu-tools-for-stm32.12.3.rel1.win32_1.1.0.202410251130/tools/bin/../lib/gcc/arm-none-eabi/12.3.1/thumb/v6-m/nofp\libgcc.a(divdf3.o)
                0x08001cb4                __aeabi_ddiv
 .text          0x080022e8       0x88 C:/ST/STM32CubeIDE_1.17.0/STM32CubeIDE/plugins/com.st.stm32cube.ide.mcu.externaltools.gnu-tools-for-stm32.12.3.rel1.win32_1.1.0.202410251130/tools/bin/../lib/gcc/arm-none-eabi/12.3.1/thumb/v6-m/nofp\libgcc.a(eqdf2.o)
                0x080022e8                __nedf2
                0x080022e8                __eqdf2
 .text          0x08002370       0xe8 C:/ST/STM32CubeIDE_1.17.0/STM32CubeIDE/plugins/com.st.stm32cube.ide.mcu.externaltools.gnu-tools-for-stm32.12.3.rel1.win32_1.1.0.202410251130/tools/bin/../lib/gcc/arm-none-eabi/12.3.1/thumb/v6-m/nofp\libgcc.a(gedf2.o)
                0x08002370                __gedf2
                0x08002370                __gtdf2
 .text          0x08002458       0xe4 C:/ST/STM32CubeIDE_1.17.0/STM32CubeIDE/plugins/com.st.stm32cube.ide.mcu.externaltools.gnu-tools-for-stm32.12.3.rel1.win32_1.1.0.202410251130/tools/bin/../lib/gcc/arm-none-eabi/12.3.1/thumb/v6-m/nofp\libgcc.a(ledf2.o)
                0x08002458                __ledf2
                0x08002458                __ltdf2
 .text          0x0800253c      0x590 C:/ST/STM32CubeIDE_1.17.0/STM32CubeIDE/plugins/com.st.stm32cube.ide.mcu.externaltools.gnu-tools-for-stm32.12.3.rel1.win32_1.1.0.202410251130/tools/bin/../lib/gcc/arm-none-eabi/12.3.1/thumb/v6-m/nofp\libgcc.a(muldf3.o)
                0x0800253c                __aeabi_dmul
 .text          0x08002acc      0x738 C:/ST/STM32CubeIDE_1.17.0/STM32CubeIDE/plugins/com.st.stm32cube.ide.mcu.externaltools.gnu-tools-for-stm32.12.3.rel1.win32_1.1.0.202410251130/tools/bin/../lib/gcc/arm-none-eabi/12.3.1/thumb/v6-m/nofp\libgcc.a(subdf3.o)
                0x08002acc                __aeabi_dsub
 .text          0x08003204       0x44 C:/ST/STM32CubeIDE_1.17.0/STM32CubeIDE/plugins/com.st.stm32cube.ide.mcu.externaltools.gnu-tools-for-stm32.12.3.rel1.win32_1.1.0.202410251130/tools/bin/../lib/gcc/arm-none-eabi/12.3.1/thumb/v6-m/nofp\libgcc.a(unorddf2.o)
                0x08003204                __aeabi_dcmpun
 .text          0x08003248       0x78 C:/ST/STM32CubeIDE_1.17.0/STM32CubeIDE/plugins/com.st.stm32cube.ide.mcu.externaltools.gnu-tools-for-stm32.12.3.rel1.win32_1.1.0.202410251130/tools/bin/../lib/gcc/arm-none-eabi/12.3.1/thumb/v6-m/nofp\libgcc.a(fixdfsi.o)
                0x08003248                __aeabi_d2iz
 .text          0x080032c0       0x5c C:/ST/STM32CubeIDE_1.17.0/STM32CubeIDE/plugins/com.st.stm32cube.ide.mcu.externaltools.gnu-tools-for-stm32.12.3.rel1.win32_1.1.0.202410251130/tools/bin/../lib/gcc/arm-none-eabi/12.3.1/thumb/v6-m/nofp\libgcc.a(floatsidf.o)
                0x080032c0                __aeabi_i2d
 .text          0x0800331c       0x48 C:/ST/STM32CubeIDE_1.17.0/STM32CubeIDE/plugins/com.st.stm32cube.ide.mcu.externaltools.gnu-tools-for-stm32.12.3.rel1.win32_1.1.0.202410251130/tools/bin/../lib/gcc/arm-none-eabi/12.3.1/thumb/v6-m/nofp\libgcc.a(floatunsidf.o)
                0x0800331c                __aeabi_ui2d
 .text          0x08003364       0x90 C:/ST/STM32CubeIDE_1.17.0/STM32CubeIDE/plugins/com.st.stm32cube.ide.mcu.externaltools.gnu-tools-for-stm32.12.3.rel1.win32_1.1.0.202410251130/tools/bin/../lib/gcc/arm-none-eabi/12.3.1/thumb/v6-m/nofp\libgcc.a(extendsfdf2.o)
                0x08003364                __aeabi_f2d
 .text          0x080033f4      0x108 C:/ST/STM32CubeIDE_1.17.0/STM32CubeIDE/plugins/com.st.stm32cube.ide.mcu.externaltools.gnu-tools-for-stm32.12.3.rel1.win32_1.1.0.202410251130/tools/bin/../lib/gcc/arm-none-eabi/12.3.1/thumb/v6-m/nofp\libgcc.a(truncdfsf2.o)
                0x080033f4                __aeabi_d2f
 .text          0x080034fc       0x3c C:/ST/STM32CubeIDE_1.17.0/STM32CubeIDE/plugins/com.st.stm32cube.ide.mcu.externaltools.gnu-tools-for-stm32.12.3.rel1.win32_1.1.0.202410251130/tools/bin/../lib/gcc/arm-none-eabi/12.3.1/thumb/v6-m/nofp\libgcc.a(_clzsi2.o)
                0x080034fc                __clzsi2
 .text          0x08003538       0x18 C:/ST/STM32CubeIDE_1.17.0/STM32CubeIDE/plugins/com.st.stm32cube.ide.mcu.externaltools.gnu-tools-for-stm32.12.3.rel1.win32_1.1.0.202410251130/tools/bin/../lib/gcc/arm-none-eabi/12.3.1/thumb/v6-m/nofp\libgcc.a(_clzdi2.o)
                0x08003538                __clzdi2
 *(.text*)
 .text.__NVIC_SystemReset
                0x08003550       0x24 BOS\BOS.o
 .text.Processor_type
                0x08003574       0x5a BOS\BOS.o
                0x08003574                Processor_type
 *fill*         0x080035ce        0x2 
 .text.Get_Module_Name
                0x080035d0       0x28 BOS\BOS.o
                0x080035d0                Get_Module_Name
 .text.Send_BOS_Message
                0x080035f8       0xfc BOS\BOS.o
                0x080035f8                Send_BOS_Message
 .text.LoadEEvars
                0x080036f4       0x2a BOS\BOS.o
                0x080036f4                LoadEEvars
 *fill*         0x0800371e        0x2 
 .text.LoadROtopology
                0x08003720       0xfc BOS\BOS.o
                0x08003720                LoadROtopology
 .text.LoadEEportsDir
                0x0800381c       0x68 BOS\BOS.o
                0x0800381c                LoadEEportsDir
 .text.LoadEEalias
                0x08003884       0xd8 BOS\BOS.o
                0x08003884                LoadEEalias
 .text.LoadEEgroup
                0x0800395c      0x120 BOS\BOS.o
                0x0800395c                LoadEEgroup
 .text.LoadEEstreams
                0x08003a7c      0x228 BOS\BOS.o
                0x08003a7c                LoadEEstreams
 .text.LoadEEparams
                0x08003ca4      0x274 BOS\BOS.o
                0x08003ca4                LoadEEparams
 .text.LoadEEbuttons
                0x08003f18      0x2ec BOS\BOS.o
                0x08003f18                LoadEEbuttons
 .text.LoadROsnippets
                0x08004204      0x1d8 BOS\BOS.o
                0x08004204                LoadROsnippets
 .text.SaveEEportsDir
                0x080043dc       0x78 BOS\BOS.o
                0x080043dc                SaveEEportsDir
 .text.SaveEEalias
                0x08004454       0xd0 BOS\BOS.o
                0x08004454                SaveEEalias
 .text.SaveEEstreams
                0x08004524       0xdc BOS\BOS.o
                0x08004524                SaveEEstreams
 .text.SaveEEparams
                0x08004600       0xf8 BOS\BOS.o
                0x08004600                SaveEEparams
 .text.ClearEEportsDir
                0x080046f8       0x84 BOS\BOS.o
                0x080046f8                ClearEEportsDir
 .text.EE_FormatForFactoryReset
                0x0800477c       0x2c BOS\BOS.o
                0x0800477c                EE_FormatForFactoryReset
 .text.IsLowerCLIbaud
                0x080047a8       0xe8 BOS\BOS.o
                0x080047a8                IsLowerCLIbaud
 .text.IsModuleParameter
                0x08004890       0x64 BOS\BOS.o
                0x08004890                IsModuleParameter
 .text.IsMathOperator
                0x080048f4       0xc4 BOS\BOS.o
                0x080048f4                IsMathOperator
 .text.BOS_Init
                0x080049b8      0x130 BOS\BOS.o
                0x080049b8                BOS_Init
 .text.Module_Init
                0x08004ae8       0x1e BOS\BOS.o
                0x08004ae8                Module_Init
 *fill*         0x08004b06        0x2 
 .text.Explore  0x08004b08      0xa48 BOS\BOS.o
                0x08004b08                Explore
 .text.ExploreNeighbors
                0x08005550       0x90 BOS\BOS.o
                0x08005550                ExploreNeighbors
 .text.FindBroadcastRoutes
                0x080055e0      0x3b0 BOS\BOS.o
                0x080055e0                FindBroadcastRoutes
 .text.FindRoute
                0x08005990      0x2d8 BOS\BOS.o
                0x08005990                FindRoute
 .text.minArr   0x08005c68       0x88 BOS\BOS.o
                0x08005c68                minArr
 .text.QnotEmpty
                0x08005cf0       0x50 BOS\BOS.o
                0x08005cf0                QnotEmpty
 .text.DisplayTopology
                0x08005d40      0x258 BOS\BOS.o
                0x08005d40                DisplayTopology
 .text.DisplayPortsDir
                0x08005f98      0x118 BOS\BOS.o
                0x08005f98                DisplayPortsDir
 .text.DisplayModuleStatus
                0x080060b0      0x3c0 BOS\BOS.o
                0x080060b0                DisplayModuleStatus
 .text.GetID    0x08006470      0x15c BOS\BOS.o
                0x08006470                GetID
 .text.NameModule
                0x080065cc      0x140 BOS\BOS.o
                0x080065cc                NameModule
 .text.AddModuleToGroup
                0x0800670c      0x1b8 BOS\BOS.o
                0x0800670c                AddModuleToGroup
 .text.WriteToRemote
                0x080068c4      0x1fc BOS\BOS.o
                0x080068c4                WriteToRemote
 .text.GetDateString
                0x08006ac0       0x5c BOS\BOS.o
                0x08006ac0                GetDateString
 .text.Bridge   0x08006b1c       0x4c BOS\BOS.o
                0x08006b1c                Bridge
 .text.Unbridge
                0x08006b68       0xcc BOS\BOS.o
                0x08006b68                Unbridge
 .text.EnableStopModebyUARTx
                0x08006c34       0xb8 BOS\BOS.o
                0x08006c34                EnableStopModebyUARTx
 .text.EnableStandbyModebyWakeupPinx
                0x08006cec       0x64 BOS\BOS.o
                0x08006cec                EnableStandbyModebyWakeupPinx
 .text.DisableStandbyModeWakeupPinx
                0x08006d50       0x98 BOS\BOS.o
                0x08006d50                DisableStandbyModeWakeupPinx
 .text.prvCLITask
                0x08006de8      0x278 BOS\BOS_CLI.o
                0x08006de8                prvCLITask
 .text.CLI_CommandParser
                0x08007060      0x574 BOS\BOS_CLI.o
                0x08007060                CLI_CommandParser
 .text.StringToLowerCase
                0x080075d4       0x6c BOS\BOS_CLI.o
                0x080075d4                StringToLowerCase
 .text.AddSnippet
                0x08007640      0x1b4 BOS\BOS_CLI.o
                0x08007640                AddSnippet
 .text.ParseSnippetCondition
                0x080077f4      0x7f8 BOS\BOS_CLI.o
                0x080077f4                ParseSnippetCondition
 .text.ParseSnippetCommand
                0x08007fec       0xc8 BOS\BOS_CLI.o
                0x08007fec                ParseSnippetCommand
 .text.CheckSnippetCondition
                0x080080b4      0x1b4 BOS\BOS_CLI.o
                0x080080b4                CheckSnippetCondition
 .text.ExecuteSnippet
                0x08008268       0xd0 BOS\BOS_CLI.o
                0x08008268                ExecuteSnippet
 .text.__NVIC_SystemReset
                0x08008338       0x24 BOS\BOS_CLIcommands.o
 .text.RegisterUserCLICommands
                0x0800835c        0xa BOS\BOS_CLIcommands.o
                0x0800835c                RegisterUserCLICommands
 *fill*         0x08008366        0x2 
 .text.vRegisterCLICommands
                0x08008368      0x1b0 BOS\BOS_CLIcommands.o
                0x08008368                vRegisterCLICommands
 .text.prvTaskStatsCommand
                0x08008518       0x40 BOS\BOS_CLIcommands.o
 .text.prvRunTimeStatsCommand
                0x08008558       0x40 BOS\BOS_CLIcommands.o
 .text.pingCommand
                0x08008598       0x98 BOS\BOS_CLIcommands.o
 .text.bootloaderUpdateCommand
                0x08008630      0x1fc BOS\BOS_CLIcommands.o
 .text.exploreCommand
                0x0800882c       0xf8 BOS\BOS_CLIcommands.o
 .text.resetCommand
                0x08008924       0x10 BOS\BOS_CLIcommands.o
 .text.nameCommand
                0x08008934       0xe8 BOS\BOS_CLIcommands.o
 .text.groupCommand
                0x08008a1c      0x2fc BOS\BOS_CLIcommands.o
 .text.statusCommand
                0x08008d18       0x1c BOS\BOS_CLIcommands.o
 .text.infoCommand
                0x08008d34       0xfc BOS\BOS_CLIcommands.o
 .text.scastCommand
                0x08008e30      0x2dc BOS\BOS_CLIcommands.o
 .text.addbuttonCommand
                0x0800910c      0x150 BOS\BOS_CLIcommands.o
 .text.removebuttonCommand
                0x0800925c       0x94 BOS\BOS_CLIcommands.o
 .text.setCommand
                0x080092f0      0xa04 BOS\BOS_CLIcommands.o
 .text.getCommand
                0x08009cf4      0x310 BOS\BOS_CLIcommands.o
 .text.defaultCommand
                0x0800a004       0xf8 BOS\BOS_CLIcommands.o
 .text.timeCommand
                0x0800a0fc       0xd8 BOS\BOS_CLIcommands.o
 .text.dateCommand
                0x0800a1d4       0x34 BOS\BOS_CLIcommands.o
 .text.setBaudrateCommand
                0x0800a208       0xc0 BOS\BOS_CLIcommands.o
 .text.uuidCommand
                0x0800a2c8       0x70 BOS\BOS_CLIcommands.o
 .text.idcodeCommand
                0x0800a338       0xe0 BOS\BOS_CLIcommands.o
 .text.flashsizeCommand
                0x0800a418       0x34 BOS\BOS_CLIcommands.o
 .text.snipCommand
                0x0800a44c      0x3ac BOS\BOS_CLIcommands.o
 .text.actSnipCommand
                0x0800a7f8       0xb8 BOS\BOS_CLIcommands.o
 .text.pauseSnipCommand
                0x0800a8b0       0xb8 BOS\BOS_CLIcommands.o
 .text.delSnipCommand
                0x0800a968      0x1d4 BOS\BOS_CLIcommands.o
 .text.bridgeCommand
                0x0800ab3c      0x11c BOS\BOS_CLIcommands.o
 .text.unbridgeCommand
                0x0800ac58      0x11c BOS\BOS_CLIcommands.o
 .text.testportCommand
                0x0800ad74      0x2e8 BOS\BOS_CLIcommands.o
 .text.ADCReadCommand
                0x0800b05c      0x134 BOS\BOS_CLIcommands.o
 .text.ReadTempCommand
                0x0800b190       0x54 BOS\BOS_CLIcommands.o
 .text.ReadVrefCommand
                0x0800b1e4       0x54 BOS\BOS_CLIcommands.o
 .text.GetReadPrecentageCommand
                0x0800b238       0x98 BOS\BOS_CLIcommands.o
 .text.StartDMAstream
                0x0800b2d0       0xb0 BOS\BOS_dma.o
                0x0800b2d0                StartDMAstream
 .text.ResetUartORE
                0x0800b380       0x48 BOS\BOS_dma.o
                0x0800b380                ResetUartORE
 .text.MX_FREERTOS_Init
                0x0800b3c8      0x214 BOS\BOS_freertos.o
                0x0800b3c8                MX_FREERTOS_Init
 .text.StartDefaultTask
                0x0800b5dc       0xfc BOS\BOS_freertos.o
                0x0800b5dc                StartDefaultTask
 .text.ExecuteMonitor
                0x0800b6d8      0x4c8 BOS\BOS_freertos.o
                0x0800b6d8                ExecuteMonitor
 .text.vMainConfigureTimerForRunTimeStats
                0x0800bba0       0x2c BOS\BOS_freertos.o
                0x0800bba0                vMainConfigureTimerForRunTimeStats
 .text.ulMainGetRunTimeCounterValue
                0x0800bbcc       0x90 BOS\BOS_freertos.o
                0x0800bbcc                ulMainGetRunTimeCounterValue
 .text.SetupDMAStreams
                0x0800bc5c      0x27c BOS\BOS_messaging.o
                0x0800bc5c                SetupDMAStreams
 .text.StreamTimerCallback
                0x0800bed8       0x34 BOS\BOS_messaging.o
                0x0800bed8                StreamTimerCallback
 .text.ForwardReceivedMessage
                0x0800bf0c       0x80 BOS\BOS_messaging.o
                0x0800bf0c                ForwardReceivedMessage
 .text.BroadcastReceivedMessage
                0x0800bf8c       0x70 BOS\BOS_messaging.o
                0x0800bf8c                BroadcastReceivedMessage
 .text.NotifyMessagingTask
                0x0800bffc       0x90 BOS\BOS_messaging.o
                0x0800bffc                NotifyMessagingTask
 .text.BroadcastMessage
                0x0800c08c       0x94 BOS\BOS_messaging.o
                0x0800c08c                BroadcastMessage
 .text.SendMessageToModule
                0x0800c120       0xa4 BOS\BOS_messaging.o
                0x0800c120                SendMessageToModule
 .text.SendMessageFromPort
                0x0800c1c4      0x6c0 BOS\BOS_messaging.o
                0x0800c1c4                SendMessageFromPort
 .text.StartScastDMAStream
                0x0800c884      0x30c BOS\BOS_messaging.o
                0x0800c884                StartScastDMAStream
 .text.__NVIC_SystemReset
                0x0800cb90       0x24 BOS\BOS_msgparser.o
 .text.BackEndTask
                0x0800cbb4      0x930 BOS\BOS_msgparser.o
                0x0800cbb4                BackEndTask
 .text.PxMessagingTask
                0x0800d4e4     0x4ec4 BOS\BOS_msgparser.o
                0x0800d4e4                PxMessagingTask
 .text.User_MessagingParser
                0x080123a8       0x3a BOS\BOS_msgparser.o
                0x080123a8                User_MessagingParser
 *fill*         0x080123e2        0x2 
 .text.SystemClock_Config
                0x080123e4       0xe8 H2BR0\H2BR0.o
                0x080123e4                SystemClock_Config
 .text.SaveTopologyToRO
                0x080124cc      0x1bc H2BR0\H2BR0.o
                0x080124cc                SaveTopologyToRO
 .text.SaveSnippetsToRO
                0x08012688      0x1f8 H2BR0\H2BR0.o
                0x08012688                SaveSnippetsToRO
 .text.ClearROtopology
                0x08012880       0x38 H2BR0\H2BR0.o
                0x08012880                ClearROtopology
 .text.remoteBootloaderUpdate
                0x080128b8      0x178 H2BR0\H2BR0.o
                0x080128b8                remoteBootloaderUpdate
 .text.SetupPortForRemoteBootloaderUpdate
                0x08012a30       0x52 H2BR0\H2BR0.o
                0x08012a30                SetupPortForRemoteBootloaderUpdate
 *fill*         0x08012a82        0x2 
 .text.Module_Peripheral_Init
                0x08012a84      0x160 H2BR0\H2BR0.o
                0x08012a84                Module_Peripheral_Init
 .text.Module_MessagingTask
                0x08012be4      0x36c H2BR0\H2BR0.o
                0x08012be4                Module_MessagingTask
 .text.GetPort  0x08012f50       0x6c H2BR0\H2BR0.o
                0x08012f50                GetPort
 .text.RegisterModuleCLICommands
                0x08012fbc       0x90 H2BR0\H2BR0.o
                0x08012fbc                RegisterModuleCLICommands
 .text.EXGSignalProcessing
                0x0801304c       0x1a H2BR0\H2BR0.o
                0x0801304c                EXGSignalProcessing
 *fill*         0x08013066        0x2 
 .text.EXG_Enable
                0x08013068       0x24 H2BR0\H2BR0.o
                0x08013068                EXG_Enable
 .text.GetSamplingFlag
                0x0801308c       0x1c H2BR0\H2BR0.o
                0x0801308c                GetSamplingFlag
 .text.ResetSamplingFlag
                0x080130a8       0x14 H2BR0\H2BR0.o
                0x080130a8                ResetSamplingFlag
 .text.SetSamplingFlag
                0x080130bc       0x14 H2BR0\H2BR0.o
                0x080130bc                SetSamplingFlag
 .text.CheckLeadsStatus
                0x080130d0       0x9c H2BR0\H2BR0.o
                0x080130d0                CheckLeadsStatus
 .text.ECG_Filter
                0x0801316c      0x210 H2BR0\H2BR0.o
                0x0801316c                ECG_Filter
 .text.EOG_Filter
                0x0801337c      0x11c H2BR0\H2BR0.o
                0x0801337c                EOG_Filter
 .text.EEG_Filter
                0x08013498      0x124 H2BR0\H2BR0.o
                0x08013498                EEG_Filter
 .text.EMG_Filter
                0x080135bc      0x22c H2BR0\H2BR0.o
                0x080135bc                EMG_Filter
 .text.ECG_BaselineFilter
                0x080137e8       0xb0 H2BR0\H2BR0.o
                0x080137e8                ECG_BaselineFilter
 .text.ECG_HeartRateCalculation
                0x08013898      0x1ec H2BR0\H2BR0.o
                0x08013898                ECG_HeartRateCalculation
 .text.EMG_Rectifying
                0x08013a84       0x38 H2BR0\H2BR0.o
                0x08013a84                EMG_Rectifying
 .text.EMG_EnvelopeDetection
                0x08013abc       0xc0 H2BR0\H2BR0.o
                0x08013abc                EMG_EnvelopeDetection
 .text.EMG_PulseDetection
                0x08013b7c       0xb0 H2BR0\H2BR0.o
                0x08013b7c                EMG_PulseDetection
 .text.EyeBlinkDetection
                0x08013c2c      0x1ac H2BR0\H2BR0.o
                0x08013c2c                EyeBlinkDetection
 .text.EXG_SignalProcessing
                0x08013dd8       0xf4 H2BR0\H2BR0.o
                0x08013dd8                EXG_SignalProcessing
 .text.HAL_TIM_PeriodElapsedCallback
                0x08013ecc       0x4c H2BR0\H2BR0.o
                0x08013ecc                HAL_TIM_PeriodElapsedCallback
 .text.EXG_Init
                0x08013f18       0xd8 H2BR0\H2BR0.o
                0x08013f18                EXG_Init
 .text.EMG_SetThreshold
                0x08013ff0       0x9c H2BR0\H2BR0.o
                0x08013ff0                EMG_SetThreshold
 .text.EMG_CheckPulse
                0x0801408c       0x60 H2BR0\H2BR0.o
                0x0801408c                EMG_CheckPulse
 .text.EOG_CheckEyeBlink
                0x080140ec       0x54 H2BR0\H2BR0.o
                0x080140ec                EOG_CheckEyeBlink
 .text.ECG_Sample
                0x08014140       0x48 H2BR0\H2BR0.o
                0x08014140                ECG_Sample
 .text.EOG_Sample
                0x08014188       0x48 H2BR0\H2BR0.o
                0x08014188                EOG_Sample
 .text.EEG_Sample
                0x080141d0       0x48 H2BR0\H2BR0.o
                0x080141d0                EEG_Sample
 .text.EMG_Sample
                0x08014218       0x5c H2BR0\H2BR0.o
                0x08014218                EMG_Sample
 .text.ECG_HeartRate
                0x08014274       0x40 H2BR0\H2BR0.o
                0x08014274                ECG_HeartRate
 .text.PlotToTerminal
                0x080142b4      0x130 H2BR0\H2BR0.o
                0x080142b4                PlotToTerminal
 .text.LeadsStatus
                0x080143e4       0x28 H2BR0\H2BR0.o
                0x080143e4                LeadsStatus
 .text.SampletoPort
                0x0801440c      0x604 H2BR0\H2BR0.o
                0x0801440c                SampletoPort
 .text.ExportStreanToPort
                0x08014a10       0xb4 H2BR0\H2BR0.o
                0x08014a10                ExportStreanToPort
 .text.PollingSleepCLISafe
                0x08014ac4      0x100 H2BR0\H2BR0.o
 .text.StreamMemsToCLI
                0x08014bc4      0x178 H2BR0\H2BR0.o
 .text.SampleEMGToString
                0x08014d3c       0x88 H2BR0\H2BR0.o
                0x08014d3c                SampleEMGToString
 .text.SampleEEGToString
                0x08014dc4       0x54 H2BR0\H2BR0.o
                0x08014dc4                SampleEEGToString
 .text.SampleEOGToString
                0x08014e18       0x54 H2BR0\H2BR0.o
                0x08014e18                SampleEOGToString
 .text.SampleECGToString
                0x08014e6c       0x54 H2BR0\H2BR0.o
                0x08014e6c                SampleECGToString
 .text.StreamToCLI
                0x08014ec0       0x7c H2BR0\H2BR0.o
                0x08014ec0                StreamToCLI
 .text.StreamEXGCommand
                0x08014f3c      0x200 H2BR0\H2BR0.o
                0x08014f3c                StreamEXGCommand
 .text.StreamCommandParser
                0x0801513c      0x116 H2BR0\H2BR0.o
 *fill*         0x08015252        0x2 
 .text.CLI_PlotToTerminalCommand
                0x08015254      0x154 H2BR0\H2BR0.o
                0x08015254                CLI_PlotToTerminalCommand
 .text.CLI_ECG_SampleCommand
                0x080153a8       0x98 H2BR0\H2BR0.o
                0x080153a8                CLI_ECG_SampleCommand
 .text.CLI_EOG_SampleCommand
                0x08015440       0x98 H2BR0\H2BR0.o
                0x08015440                CLI_EOG_SampleCommand
 .text.CLI_EEG_SampleCommand
                0x080154d8       0x98 H2BR0\H2BR0.o
                0x080154d8                CLI_EEG_SampleCommand
 .text.CLI_EMG_SampleCommand
                0x08015570       0xe0 H2BR0\H2BR0.o
                0x08015570                CLI_EMG_SampleCommand
 .text.CLI_EMG_SetThresholdCommand
                0x08015650       0x9c H2BR0\H2BR0.o
                0x08015650                CLI_EMG_SetThresholdCommand
 .text.CLI_EMG_CheckPulseCommand
                0x080156ec       0x88 H2BR0\H2BR0.o
                0x080156ec                CLI_EMG_CheckPulseCommand
 .text.CLI_ECG_HeartRateCommand
                0x08015774       0x78 H2BR0\H2BR0.o
                0x08015774                CLI_ECG_HeartRateCommand
 .text.CLI_EOG_CheckEyeBlinkCommand
                0x080157ec       0x88 H2BR0\H2BR0.o
                0x080157ec                CLI_EOG_CheckEyeBlinkCommand
 .text.CLI_LeadsStatusCommand
                0x08015874       0x84 H2BR0\H2BR0.o
                0x08015874                CLI_LeadsStatusCommand
 .text.MX_ADC1_Init
                0x080158f8       0xcc H2BR0\H2BR0_adc.o
                0x080158f8                MX_ADC1_Init
 .text.HAL_ADC_MspInit
                0x080159c4       0xdc H2BR0\H2BR0_adc.o
                0x080159c4                HAL_ADC_MspInit
 .text.LL_DMAMUX_SetRequestID
                0x08015aa0       0x3c H2BR0\H2BR0_dma.o
 .text.DMA_Init
                0x08015adc       0xb8 H2BR0\H2BR0_dma.o
                0x08015adc                DMA_Init
 .text.DMA_MSG_RX_CH_Init
                0x08015b94       0x4c H2BR0\H2BR0_dma.o
                0x08015b94                DMA_MSG_RX_CH_Init
 .text.DMA_STREAM_CH_Init
                0x08015be0       0x4c H2BR0\H2BR0_dma.o
                0x08015be0                DMA_STREAM_CH_Init
 .text.SetupMessagingRxDMAs
                0x08015c2c       0x9c H2BR0\H2BR0_dma.o
                0x08015c2c                SetupMessagingRxDMAs
 .text.DMA_MSG_RX_Setup
                0x08015cc8       0x38 H2BR0\H2BR0_dma.o
                0x08015cc8                DMA_MSG_RX_Setup
 .text.DMA_MSG_TX_UnSetup
                0x08015d00       0x28 H2BR0\H2BR0_dma.o
                0x08015d00                DMA_MSG_TX_UnSetup
 .text.DMA_STREAM_Setup
                0x08015d28       0x68 H2BR0\H2BR0_dma.o
                0x08015d28                DMA_STREAM_Setup
 .text.StopStreamDMA
                0x08015d90       0x70 H2BR0\H2BR0_dma.o
                0x08015d90                StopStreamDMA
 .text.StopMsgDMA
                0x08015e00       0x4c H2BR0\H2BR0_dma.o
                0x08015e00                StopMsgDMA
 .text.SwitchMsgDMAToStream
                0x08015e4c       0x50 H2BR0\H2BR0_dma.o
                0x08015e4c                SwitchMsgDMAToStream
 .text.SwitchStreamDMAToMsg
                0x08015e9c       0xd8 H2BR0\H2BR0_dma.o
                0x08015e9c                SwitchStreamDMAToMsg
 .text.UnSetupDMAInterrupts
                0x08015f74       0xe4 H2BR0\H2BR0_dma.o
                0x08015f74                UnSetupDMAInterrupts
 .text.RemapAndLinkDMAtoUARTRx
                0x08016058      0x134 H2BR0\H2BR0_dma.o
                0x08016058                RemapAndLinkDMAtoUARTRx
 .text.CRC_Init
                0x0801618c       0x44 H2BR0\H2BR0_dma.o
                0x0801618c                CRC_Init
 .text.HAL_CRC_MspInit
                0x080161d0       0x30 H2BR0\H2BR0_dma.o
                0x080161d0                HAL_CRC_MspInit
 .text.CalculateCRC8
                0x08016200      0x154 H2BR0\H2BR0_dma.o
                0x08016200                CalculateCRC8
 .text.__NVIC_SystemReset
                0x08016354       0x24 H2BR0\H2BR0_eeprom.o
 .text.EE_Init  0x08016378       0x56 H2BR0\H2BR0_eeprom.o
                0x08016378                EE_Init
 .text.EE_ReadVariable
                0x080163ce       0x42 H2BR0\H2BR0_eeprom.o
                0x080163ce                EE_ReadVariable
 .text.EE_WriteVariable
                0x08016410       0x72 H2BR0\H2BR0_eeprom.o
                0x08016410                EE_WriteVariable
 .text.EE_Format
                0x08016482       0x3a H2BR0\H2BR0_eeprom.o
                0x08016482                EE_Format
 .text.GPIO_Init
                0x080164bc      0x114 H2BR0\H2BR0_gpio.o
                0x080164bc                GPIO_Init
 .text.IND_LED_Init
                0x080165d0       0x38 H2BR0\H2BR0_gpio.o
                0x080165d0                IND_LED_Init
 .text.IsFactoryReset
                0x08016608      0x15c H2BR0\H2BR0_gpio.o
                0x08016608                IsFactoryReset
 .text.GetPortGPIOs
                0x08016764      0x11c H2BR0\H2BR0_gpio.o
                0x08016764                GetPortGPIOs
 .text.buttonPressedCallback
                0x08016880       0x14 H2BR0\H2BR0_inputs.o
                0x08016880                buttonPressedCallback
 .text.CheckAttachedButtons
                0x08016894      0x7a8 H2BR0\H2BR0_inputs.o
                0x08016894                CheckAttachedButtons
 .text.CheckForTimedButtonPress
                0x0801703c       0xfc H2BR0\H2BR0_inputs.o
                0x0801703c                CheckForTimedButtonPress
 .text.CheckForTimedButtonRelease
                0x08017138       0xfc H2BR0\H2BR0_inputs.o
                0x08017138                CheckForTimedButtonRelease
 .text.AddPortButton
                0x08017234      0x268 H2BR0\H2BR0_inputs.o
                0x08017234                AddPortButton
 .text.RemovePortButton
                0x0801749c      0x204 H2BR0\H2BR0_inputs.o
                0x0801749c                RemovePortButton
 .text.SetButtonEvents
                0x080176a0      0x6ec H2BR0\H2BR0_inputs.o
                0x080176a0                SetButtonEvents
 .text.MX_ADC_Init
                0x08017d8c        0xa H2BR0\H2BR0_inputs.o
                0x08017d8c                MX_ADC_Init
 *fill*         0x08017d96        0x2 
 .text.ADCSelectChannel
                0x08017d98       0xa0 H2BR0\H2BR0_inputs.o
                0x08017d98                ADCSelectChannel
 .text.ReadADCChannel
                0x08017e38      0x10c H2BR0\H2BR0_inputs.o
                0x08017e38                ReadADCChannel
 .text.ReadTempAndVref
                0x08017f44      0x1f0 H2BR0\H2BR0_inputs.o
                0x08017f44                ReadTempAndVref
 .text.GetReadPrecentage
                0x08018134      0x220 H2BR0\H2BR0_inputs.o
                0x08018134                GetReadPrecentage
 .text.Get_channel
                0x08018354       0x8c H2BR0\H2BR0_inputs.o
                0x08018354                Get_channel
 .text.Error_Handler
                0x080183e0       0x10 H2BR0\H2BR0_inputs.o
                0x080183e0                Error_Handler
 .text.Get_Rank
                0x080183f0       0x84 H2BR0\H2BR0_inputs.o
                0x080183f0                Get_Rank
 .text.buttonReleasedCallback
                0x08018474       0x14 H2BR0\H2BR0_inputs.o
                0x08018474                buttonReleasedCallback
 .text.buttonClickedCallback
                0x08018488       0x14 H2BR0\H2BR0_inputs.o
                0x08018488                buttonClickedCallback
 .text.buttonDblClickedCallback
                0x0801849c       0x14 H2BR0\H2BR0_inputs.o
                0x0801849c                buttonDblClickedCallback
 .text.buttonPressedForXCallback
                0x080184b0       0x1a H2BR0\H2BR0_inputs.o
                0x080184b0                buttonPressedForXCallback
 .text.buttonReleasedForYCallback
                0x080184ca       0x1a H2BR0\H2BR0_inputs.o
                0x080184ca                buttonReleasedForYCallback
 .text.__NVIC_SystemReset
                0x080184e4       0x24 H2BR0\H2BR0_it.o
 .text.NMI_Handler
                0x08018508        0x6 H2BR0\H2BR0_it.o
                0x08018508                NMI_Handler
 .text.SysTick_Handler
                0x0801850e       0x12 H2BR0\H2BR0_it.o
                0x0801850e                SysTick_Handler
 .text.HardFault_Handler
                0x08018520       0x40 H2BR0\H2BR0_it.o
                0x08018520                HardFault_Handler
 .text.HAL_UARTEx_RxEventCallback
                0x08018560       0x5c H2BR0\H2BR0_it.o
                0x08018560                HAL_UARTEx_RxEventCallback
 .text.USART1_IRQHandler
                0x080185bc       0xac H2BR0\H2BR0_it.o
                0x080185bc                USART1_IRQHandler
 .text.USART2_LPUART2_IRQHandler
                0x08018668       0xac H2BR0\H2BR0_it.o
                0x08018668                USART2_LPUART2_IRQHandler
 .text.USART3_4_5_6_LPUART1_IRQHandler
                0x08018714      0x1c0 H2BR0\H2BR0_it.o
                0x08018714                USART3_4_5_6_LPUART1_IRQHandler
 .text.HAL_UART_TxCpltCallback
                0x080188d4       0x48 H2BR0\H2BR0_it.o
                0x080188d4                HAL_UART_TxCpltCallback
 .text.HAL_UART_ErrorCallback
                0x0801891c       0xd4 H2BR0\H2BR0_it.o
                0x0801891c                HAL_UART_ErrorCallback
 .text.HAL_UART_RxCpltCallback
                0x080189f0       0x10 H2BR0\H2BR0_it.o
                0x080189f0                HAL_UART_RxCpltCallback
 .text.vApplicationStackOverflowHook
                0x08018a00       0x44 H2BR0\H2BR0_it.o
                0x08018a00                vApplicationStackOverflowHook
 .text.vApplicationMallocFailedHook
                0x08018a44       0x40 H2BR0\H2BR0_it.o
                0x08018a44                vApplicationMallocFailedHook
 .text.DMA1_Channel1_IRQHandler
                0x08018a84       0x18 H2BR0\H2BR0_it.o
                0x08018a84                DMA1_Channel1_IRQHandler
 .text.TIM2_IRQHandler
                0x08018a9c       0x18 H2BR0\H2BR0_it.o
                0x08018a9c                TIM2_IRQHandler
 .text.RTC_Init
                0x08018ab4       0xc4 H2BR0\H2BR0_rtc.o
                0x08018ab4                RTC_Init
 .text.RTC_CalendarConfig
                0x08018b78      0x18c H2BR0\H2BR0_rtc.o
                0x08018b78                RTC_CalendarConfig
 .text.BOS_CalendarConfig
                0x08018d04      0x128 H2BR0\H2BR0_rtc.o
                0x08018d04                BOS_CalendarConfig
 .text.GetTimeDate
                0x08018e2c       0x90 H2BR0\H2BR0_rtc.o
                0x08018e2c                GetTimeDate
 .text.TIM_USEC_Init
                0x08018ebc       0x74 H2BR0\H2BR0_timers.o
                0x08018ebc                TIM_USEC_Init
 .text.TIM_MSEC_Init
                0x08018f30       0x78 H2BR0\H2BR0_timers.o
                0x08018f30                TIM_MSEC_Init
 .text.MX_TIM2_Init
                0x08018fa8       0x8c H2BR0\H2BR0_timers.o
                0x08018fa8                MX_TIM2_Init
 .text.HAL_TIM_Base_MspInit
                0x08019034       0x48 H2BR0\H2BR0_timers.o
                0x08019034                HAL_TIM_Base_MspInit
 .text.StartMicroDelay
                0x0801907c       0x48 H2BR0\H2BR0_timers.o
                0x0801907c                StartMicroDelay
 .text.StartMilliDelay
                0x080190c4       0x48 H2BR0\H2BR0_timers.o
                0x080190c4                StartMilliDelay
 .text.MX_USART1_UART_Init
                0x0801910c       0x58 H2BR0\H2BR0_uart.o
                0x0801910c                MX_USART1_UART_Init
 .text.MX_USART2_UART_Init
                0x08019164       0x58 H2BR0\H2BR0_uart.o
                0x08019164                MX_USART2_UART_Init
 .text.MX_USART3_UART_Init
                0x080191bc       0x58 H2BR0\H2BR0_uart.o
                0x080191bc                MX_USART3_UART_Init
 .text.MX_USART5_UART_Init
                0x08019214       0x58 H2BR0\H2BR0_uart.o
                0x08019214                MX_USART5_UART_Init
 .text.MX_USART6_UART_Init
                0x0801926c       0x58 H2BR0\H2BR0_uart.o
                0x0801926c                MX_USART6_UART_Init
 .text.HAL_UART_MspInit
                0x080192c4      0x600 H2BR0\H2BR0_uart.o
                0x080192c4                HAL_UART_MspInit
 .text.writePxMutex
                0x080198c4       0xac H2BR0\H2BR0_uart.o
                0x080198c4                writePxMutex
 .text.writePxITMutex
                0x08019970       0x78 H2BR0\H2BR0_uart.o
                0x08019970                writePxITMutex
 .text.UpdateBaudrate
                0x080199e8       0x3e H2BR0\H2BR0_uart.o
                0x080199e8                UpdateBaudrate
 *fill*         0x08019a26        0x2 
 .text.GetUart  0x08019a28       0x54 H2BR0\H2BR0_uart.o
                0x08019a28                GetUart
 .text.SwapUartPins
                0x08019a7c      0x118 H2BR0\H2BR0_uart.o
                0x08019a7c                SwapUartPins
 .text.ReadPortsDir
                0x08019b94       0xa8 H2BR0\H2BR0_uart.o
                0x08019b94                ReadPortsDir
 .text.ReadPortsDirMSG
                0x08019c3c       0x80 H2BR0\H2BR0_uart.o
                0x08019c3c                ReadPortsDirMSG
 .text.UpdateMyPortsDir
                0x08019cbc       0x84 H2BR0\H2BR0_uart.o
                0x08019cbc                UpdateMyPortsDir
 .text.Reset_Handler
                0x08019d40       0x90 H2BR0\startup_stm32g0b1ceuxn.o
                0x08019d40                Reset_Handler
 .text.Default_Handler
                0x08019dd0        0x2 H2BR0\startup_stm32g0b1ceuxn.o
                0x08019dd0                I2C2_3_IRQHandler
                0x08019dd0                TIM1_CC_IRQHandler
                0x08019dd0                ADC1_COMP_IRQHandler
                0x08019dd0                I2C1_IRQHandler
                0x08019dd0                TIM7_LPTIM2_IRQHandler
                0x08019dd0                TIM17_FDCAN_IT1_IRQHandler
                0x08019dd0                DMA1_Ch4_7_DMA2_Ch1_5_DMAMUX1_OVR_IRQHandler
                0x08019dd0                RCC_CRS_IRQHandler
                0x08019dd0                RTC_TAMP_IRQHandler
                0x08019dd0                SPI1_IRQHandler
                0x08019dd0                USB_UCPD1_2_IRQHandler
                0x08019dd0                EXTI2_3_IRQHandler
                0x08019dd0                PVD_VDDIO2_IRQHandler
                0x08019dd0                EXTI4_15_IRQHandler
                0x08019dd0                Default_Handler
                0x08019dd0                CEC_IRQHandler
                0x08019dd0                TIM14_IRQHandler
                0x08019dd0                TIM15_IRQHandler
                0x08019dd0                TIM3_TIM4_IRQHandler
                0x08019dd0                EXTI0_1_IRQHandler
                0x08019dd0                SPI2_3_IRQHandler
                0x08019dd0                TIM6_DAC_LPTIM1_IRQHandler
                0x08019dd0                WWDG_IRQHandler
                0x08019dd0                DMA1_Channel2_3_IRQHandler
                0x08019dd0                FLASH_IRQHandler
                0x08019dd0                TIM16_FDCAN_IT0_IRQHandler
                0x08019dd0                TIM1_BRK_UP_TRG_COM_IRQHandler
 .text.SystemInit
                0x08019dd2        0xa Thirdparty\CMSIS\STM32G0xx\Device\ST\STM32G0xx\Source\Templates\system_stm32g0xx.o
                0x08019dd2                SystemInit
 .text.LL_CRC_ResetCRCCalculationUnit
                0x08019ddc       0x1c Thirdparty\EEPROM_Emul\Core\eeprom_emul.o
 .text.LL_CRC_SetPolynomialSize
                0x08019df8       0x24 Thirdparty\EEPROM_Emul\Core\eeprom_emul.o
 .text.LL_CRC_SetPolynomialCoef
                0x08019e1c       0x18 Thirdparty\EEPROM_Emul\Core\eeprom_emul.o
 .text.LL_CRC_FeedData32
                0x08019e34       0x18 Thirdparty\EEPROM_Emul\Core\eeprom_emul.o
 .text.LL_CRC_FeedData16
                0x08019e4c       0x22 Thirdparty\EEPROM_Emul\Core\eeprom_emul.o
 .text.LL_CRC_ReadData16
                0x08019e6e       0x16 Thirdparty\EEPROM_Emul\Core\eeprom_emul.o
 .text.LL_AHB1_GRP1_EnableClock
                0x08019e84       0x2c Thirdparty\EEPROM_Emul\Core\eeprom_emul.o
 .text.EEPROM_Init
                0x08019eb0     0x1874 Thirdparty\EEPROM_Emul\Core\eeprom_emul.o
                0x08019eb0                EEPROM_Init
 .text.EEPROM_Format
                0x0801b724      0x2a8 Thirdparty\EEPROM_Emul\Core\eeprom_emul.o
                0x0801b724                EEPROM_Format
 .text.EE_ReadVariable16bits
                0x0801b9cc       0x60 Thirdparty\EEPROM_Emul\Core\eeprom_emul.o
                0x0801b9cc                EE_ReadVariable16bits
 .text.EE_WriteVariable16bits
                0x0801ba2c       0x48 Thirdparty\EEPROM_Emul\Core\eeprom_emul.o
                0x0801ba2c                EE_WriteVariable16bits
 .text.EE_CleanUp
                0x0801ba74      0x2a4 Thirdparty\EEPROM_Emul\Core\eeprom_emul.o
                0x0801ba74                EE_CleanUp
 .text.ReadVariable
                0x0801bd18      0x340 Thirdparty\EEPROM_Emul\Core\eeprom_emul.o
 .text.WriteVariable
                0x0801c058       0x52 Thirdparty\EEPROM_Emul\Core\eeprom_emul.o
 .text.VerifyPageFullyErased
                0x0801c0aa       0x4e Thirdparty\EEPROM_Emul\Core\eeprom_emul.o
 .text.FindPage
                0x0801c0f8      0x444 Thirdparty\EEPROM_Emul\Core\eeprom_emul.o
 .text.PagesTransfer
                0x0801c53c      0x8ec Thirdparty\EEPROM_Emul\Core\eeprom_emul.o
 .text.VerifyPagesFullWriteVariable
                0x0801ce28      0x1ac Thirdparty\EEPROM_Emul\Core\eeprom_emul.o
 .text.SetPageState
                0x0801cfd4      0x364 Thirdparty\EEPROM_Emul\Core\eeprom_emul.o
 .text.GetPageState
                0x0801d338       0xa0 Thirdparty\EEPROM_Emul\Core\eeprom_emul.o
 .text.ConfigureCrc
                0x0801d3d8       0x34 Thirdparty\EEPROM_Emul\Core\eeprom_emul.o
                0x0801d3d8                ConfigureCrc
 .text.CalculateCrc
                0x0801d40c       0x48 Thirdparty\EEPROM_Emul\Core\eeprom_emul.o
                0x0801d40c                CalculateCrc
 .text.FI_WriteDoubleWord
                0x0801d454       0x22 Thirdparty\EEPROM_Emul\Porting\STM32G0\flash_interface.o
                0x0801d454                FI_WriteDoubleWord
 *fill*         0x0801d476        0x2 
 .text.FI_PageErase
                0x0801d478      0x120 Thirdparty\EEPROM_Emul\Porting\STM32G0\flash_interface.o
                0x0801d478                FI_PageErase
 .text.FI_CacheFlush
                0x0801d598        0xa Thirdparty\EEPROM_Emul\Porting\STM32G0\flash_interface.o
                0x0801d598                FI_CacheFlush
 *fill*         0x0801d5a2        0x2 
 .text.GetBankNumber
                0x0801d5a4       0x90 Thirdparty\EEPROM_Emul\Porting\STM32G0\flash_interface.o
 .text.FI_CheckBankConfig
                0x0801d634       0x18 Thirdparty\EEPROM_Emul\Porting\STM32G0\flash_interface.o
                0x0801d634                FI_CheckBankConfig
 .text.inHandlerMode
                0x0801d64c       0x1c Thirdparty\Middleware\STM32G0xx\FreeRTOS\Source\CMSIS_RTOS\cmsis_os.o
 .text.osKernelStart
                0x0801d668       0x10 Thirdparty\Middleware\STM32G0xx\FreeRTOS\Source\CMSIS_RTOS\cmsis_os.o
                0x0801d668                osKernelStart
 .text.osDelay  0x0801d678       0x28 Thirdparty\Middleware\STM32G0xx\FreeRTOS\Source\CMSIS_RTOS\cmsis_os.o
                0x0801d678                osDelay
 .text.osSemaphoreCreate
                0x0801d6a0       0x4a Thirdparty\Middleware\STM32G0xx\FreeRTOS\Source\CMSIS_RTOS\cmsis_os.o
                0x0801d6a0                osSemaphoreCreate
 *fill*         0x0801d6ea        0x2 
 .text.osSemaphoreWait
                0x0801d6ec       0x94 Thirdparty\Middleware\STM32G0xx\FreeRTOS\Source\CMSIS_RTOS\cmsis_os.o
                0x0801d6ec                osSemaphoreWait
 .text.osSemaphoreRelease
                0x0801d780       0x64 Thirdparty\Middleware\STM32G0xx\FreeRTOS\Source\CMSIS_RTOS\cmsis_os.o
                0x0801d780                osSemaphoreRelease
 .text.osSystickHandler
                0x0801d7e4       0x18 Thirdparty\Middleware\STM32G0xx\FreeRTOS\Source\CMSIS_RTOS\cmsis_os.o
                0x0801d7e4                osSystickHandler
 .text.FreeRTOS_CLIRegisterCommand
                0x0801d7fc       0x50 Thirdparty\Middleware\STM32G0xx\FreeRTOS\Source\FreeRTOS_CLI.o
                0x0801d7fc                FreeRTOS_CLIRegisterCommand
 .text.FreeRTOS_CLIProcessCommand
                0x0801d84c      0x11c Thirdparty\Middleware\STM32G0xx\FreeRTOS\Source\FreeRTOS_CLI.o
                0x0801d84c                FreeRTOS_CLIProcessCommand
 .text.FreeRTOS_CLIGetOutputBuffer
                0x0801d968       0x10 Thirdparty\Middleware\STM32G0xx\FreeRTOS\Source\FreeRTOS_CLI.o
                0x0801d968                FreeRTOS_CLIGetOutputBuffer
 .text.FreeRTOS_CLIGetParameter
                0x0801d978       0xbc Thirdparty\Middleware\STM32G0xx\FreeRTOS\Source\FreeRTOS_CLI.o
                0x0801d978                FreeRTOS_CLIGetParameter
 .text.prvHelpCommand
                0x0801da34      0x154 Thirdparty\Middleware\STM32G0xx\FreeRTOS\Source\FreeRTOS_CLI.o
 .text.prvGetNumberOfParameters
                0x0801db88       0x7a Thirdparty\Middleware\STM32G0xx\FreeRTOS\Source\FreeRTOS_CLI.o
 .text.vListInitialise
                0x0801dc02       0x3c Thirdparty\Middleware\STM32G0xx\FreeRTOS\Source\list.o
                0x0801dc02                vListInitialise
 .text.vListInitialiseItem
                0x0801dc3e       0x16 Thirdparty\Middleware\STM32G0xx\FreeRTOS\Source\list.o
                0x0801dc3e                vListInitialiseItem
 .text.vListInsertEnd
                0x0801dc54       0x44 Thirdparty\Middleware\STM32G0xx\FreeRTOS\Source\list.o
                0x0801dc54                vListInsertEnd
 .text.vListInsert
                0x0801dc98       0x6c Thirdparty\Middleware\STM32G0xx\FreeRTOS\Source\list.o
                0x0801dc98                vListInsert
 .text.uxListRemove
                0x0801dd04       0x50 Thirdparty\Middleware\STM32G0xx\FreeRTOS\Source\list.o
                0x0801dd04                uxListRemove
 .text.pxPortInitialiseStack
                0x0801dd54       0x54 Thirdparty\Middleware\STM32G0xx\FreeRTOS\Source\portable\GCC\ARM_CM0\port.o
                0x0801dd54                pxPortInitialiseStack
 .text.prvTaskExitError
                0x0801dda8       0x1e Thirdparty\Middleware\STM32G0xx\FreeRTOS\Source\portable\GCC\ARM_CM0\port.o
 .text.SVC_Handler
                0x0801ddc6        0xa Thirdparty\Middleware\STM32G0xx\FreeRTOS\Source\portable\GCC\ARM_CM0\port.o
                0x0801ddc6                SVC_Handler
 .text.vPortStartFirstTask
                0x0801ddd0       0x38 Thirdparty\Middleware\STM32G0xx\FreeRTOS\Source\portable\GCC\ARM_CM0\port.o
 .text.xPortStartScheduler
                0x0801de08       0x48 Thirdparty\Middleware\STM32G0xx\FreeRTOS\Source\portable\GCC\ARM_CM0\port.o
                0x0801de08                xPortStartScheduler
 .text.vPortYield
                0x0801de50       0x20 Thirdparty\Middleware\STM32G0xx\FreeRTOS\Source\portable\GCC\ARM_CM0\port.o
                0x0801de50                vPortYield
 .text.vPortEnterCritical
                0x0801de70       0x24 Thirdparty\Middleware\STM32G0xx\FreeRTOS\Source\portable\GCC\ARM_CM0\port.o
                0x0801de70                vPortEnterCritical
 .text.vPortExitCritical
                0x0801de94       0x24 Thirdparty\Middleware\STM32G0xx\FreeRTOS\Source\portable\GCC\ARM_CM0\port.o
                0x0801de94                vPortExitCritical
 .text.ulSetInterruptMaskFromISR
                0x0801deb8        0xc Thirdparty\Middleware\STM32G0xx\FreeRTOS\Source\portable\GCC\ARM_CM0\port.o
                0x0801deb8                ulSetInterruptMaskFromISR
 .text.vClearInterruptMaskFromISR
                0x0801dec4        0x8 Thirdparty\Middleware\STM32G0xx\FreeRTOS\Source\portable\GCC\ARM_CM0\port.o
                0x0801dec4                vClearInterruptMaskFromISR
 *fill*         0x0801decc        0x4 
 .text.PendSV_Handler
                0x0801ded0       0x48 Thirdparty\Middleware\STM32G0xx\FreeRTOS\Source\portable\GCC\ARM_CM0\port.o
                0x0801ded0                PendSV_Handler
 .text.xPortSysTickHandler
                0x0801df18       0x34 Thirdparty\Middleware\STM32G0xx\FreeRTOS\Source\portable\GCC\ARM_CM0\port.o
                0x0801df18                xPortSysTickHandler
 .text.vPortSetupTimerInterrupt
                0x0801df4c       0x44 Thirdparty\Middleware\STM32G0xx\FreeRTOS\Source\portable\GCC\ARM_CM0\port.o
                0x0801df4c                vPortSetupTimerInterrupt
 .text.pvPortMalloc
                0x0801df90      0x140 Thirdparty\Middleware\STM32G0xx\FreeRTOS\Source\portable\MemMang\heap_4.o
                0x0801df90                pvPortMalloc
 .text.vPortFree
                0x0801e0d0       0x80 Thirdparty\Middleware\STM32G0xx\FreeRTOS\Source\portable\MemMang\heap_4.o
                0x0801e0d0                vPortFree
 .text.prvHeapInit
                0x0801e150       0xc0 Thirdparty\Middleware\STM32G0xx\FreeRTOS\Source\portable\MemMang\heap_4.o
 .text.prvInsertBlockIntoFreeList
                0x0801e210       0xb0 Thirdparty\Middleware\STM32G0xx\FreeRTOS\Source\portable\MemMang\heap_4.o
 .text.xQueueGenericReset
                0x0801e2c0       0x9e Thirdparty\Middleware\STM32G0xx\FreeRTOS\Source\queue.o
                0x0801e2c0                xQueueGenericReset
 .text.xQueueGenericCreate
                0x0801e35e       0x52 Thirdparty\Middleware\STM32G0xx\FreeRTOS\Source\queue.o
                0x0801e35e                xQueueGenericCreate
 .text.prvInitialiseNewQueue
                0x0801e3b0       0x4e Thirdparty\Middleware\STM32G0xx\FreeRTOS\Source\queue.o
 .text.xQueueCreateCountingSemaphore
                0x0801e3fe       0x30 Thirdparty\Middleware\STM32G0xx\FreeRTOS\Source\queue.o
                0x0801e3fe                xQueueCreateCountingSemaphore
 .text.xQueueGenericSend
                0x0801e42e      0x12a Thirdparty\Middleware\STM32G0xx\FreeRTOS\Source\queue.o
                0x0801e42e                xQueueGenericSend
 .text.xQueueGenericSendFromISR
                0x0801e558       0xa6 Thirdparty\Middleware\STM32G0xx\FreeRTOS\Source\queue.o
                0x0801e558                xQueueGenericSendFromISR
 .text.xQueueGiveFromISR
                0x0801e5fe       0x96 Thirdparty\Middleware\STM32G0xx\FreeRTOS\Source\queue.o
                0x0801e5fe                xQueueGiveFromISR
 .text.xQueueReceive
                0x0801e694      0x128 Thirdparty\Middleware\STM32G0xx\FreeRTOS\Source\queue.o
                0x0801e694                xQueueReceive
 .text.xQueueSemaphoreTake
                0x0801e7bc      0x178 Thirdparty\Middleware\STM32G0xx\FreeRTOS\Source\queue.o
                0x0801e7bc                xQueueSemaphoreTake
 .text.xQueueReceiveFromISR
                0x0801e934       0xa0 Thirdparty\Middleware\STM32G0xx\FreeRTOS\Source\queue.o
                0x0801e934                xQueueReceiveFromISR
 .text.prvGetDisinheritPriorityAfterTimeout
                0x0801e9d4       0x2c Thirdparty\Middleware\STM32G0xx\FreeRTOS\Source\queue.o
 .text.prvCopyDataToQueue
                0x0801ea00       0xd6 Thirdparty\Middleware\STM32G0xx\FreeRTOS\Source\queue.o
 .text.prvCopyDataFromQueue
                0x0801ead6       0x4c Thirdparty\Middleware\STM32G0xx\FreeRTOS\Source\queue.o
 .text.prvUnlockQueue
                0x0801eb22       0xbc Thirdparty\Middleware\STM32G0xx\FreeRTOS\Source\queue.o
 .text.prvIsQueueEmpty
                0x0801ebde       0x2c Thirdparty\Middleware\STM32G0xx\FreeRTOS\Source\queue.o
 .text.prvIsQueueFull
                0x0801ec0a       0x30 Thirdparty\Middleware\STM32G0xx\FreeRTOS\Source\queue.o
 *fill*         0x0801ec3a        0x2 
 .text.vQueueAddToRegistry
                0x0801ec3c       0x50 Thirdparty\Middleware\STM32G0xx\FreeRTOS\Source\queue.o
                0x0801ec3c                vQueueAddToRegistry
 .text.vQueueWaitForMessageRestricted
                0x0801ec8c       0x66 Thirdparty\Middleware\STM32G0xx\FreeRTOS\Source\queue.o
                0x0801ec8c                vQueueWaitForMessageRestricted
 .text.xTaskCreate
                0x0801ecf2       0x90 Thirdparty\Middleware\STM32G0xx\FreeRTOS\Source\tasks.o
                0x0801ecf2                xTaskCreate
 *fill*         0x0801ed82        0x2 
 .text.prvInitialiseNewTask
                0x0801ed84      0x10c Thirdparty\Middleware\STM32G0xx\FreeRTOS\Source\tasks.o
 .text.prvAddNewTaskToReadyList
                0x0801ee90       0xd0 Thirdparty\Middleware\STM32G0xx\FreeRTOS\Source\tasks.o
 .text.vTaskDelay
                0x0801ef60       0x3a Thirdparty\Middleware\STM32G0xx\FreeRTOS\Source\tasks.o
                0x0801ef60                vTaskDelay
 *fill*         0x0801ef9a        0x2 
 .text.eTaskGetState
                0x0801ef9c       0xd0 Thirdparty\Middleware\STM32G0xx\FreeRTOS\Source\tasks.o
                0x0801ef9c                eTaskGetState
 .text.uxTaskPriorityGet
                0x0801f06c       0x34 Thirdparty\Middleware\STM32G0xx\FreeRTOS\Source\tasks.o
                0x0801f06c                uxTaskPriorityGet
 .text.vTaskPrioritySet
                0x0801f0a0      0x110 Thirdparty\Middleware\STM32G0xx\FreeRTOS\Source\tasks.o
                0x0801f0a0                vTaskPrioritySet
 .text.vTaskStartScheduler
                0x0801f1b0       0x74 Thirdparty\Middleware\STM32G0xx\FreeRTOS\Source\tasks.o
                0x0801f1b0                vTaskStartScheduler
 .text.vTaskSuspendAll
                0x0801f224       0x18 Thirdparty\Middleware\STM32G0xx\FreeRTOS\Source\tasks.o
                0x0801f224                vTaskSuspendAll
 .text.xTaskResumeAll
                0x0801f23c      0x10c Thirdparty\Middleware\STM32G0xx\FreeRTOS\Source\tasks.o
                0x0801f23c                xTaskResumeAll
 .text.xTaskGetTickCount
                0x0801f348       0x1c Thirdparty\Middleware\STM32G0xx\FreeRTOS\Source\tasks.o
                0x0801f348                xTaskGetTickCount
 .text.xTaskGetTickCountFromISR
                0x0801f364       0x20 Thirdparty\Middleware\STM32G0xx\FreeRTOS\Source\tasks.o
                0x0801f364                xTaskGetTickCountFromISR
 .text.uxTaskGetSystemState
                0x0801f384      0x120 Thirdparty\Middleware\STM32G0xx\FreeRTOS\Source\tasks.o
                0x0801f384                uxTaskGetSystemState
 .text.xTaskIncrementTick
                0x0801f4a4      0x150 Thirdparty\Middleware\STM32G0xx\FreeRTOS\Source\tasks.o
                0x0801f4a4                xTaskIncrementTick
 .text.vTaskSwitchContext
                0x0801f5f4      0x124 Thirdparty\Middleware\STM32G0xx\FreeRTOS\Source\tasks.o
                0x0801f5f4                vTaskSwitchContext
 .text.vTaskPlaceOnEventList
                0x0801f718       0x34 Thirdparty\Middleware\STM32G0xx\FreeRTOS\Source\tasks.o
                0x0801f718                vTaskPlaceOnEventList
 .text.vTaskPlaceOnEventListRestricted
                0x0801f74c       0x44 Thirdparty\Middleware\STM32G0xx\FreeRTOS\Source\tasks.o
                0x0801f74c                vTaskPlaceOnEventListRestricted
 .text.xTaskRemoveFromEventList
                0x0801f790       0xb0 Thirdparty\Middleware\STM32G0xx\FreeRTOS\Source\tasks.o
                0x0801f790                xTaskRemoveFromEventList
 .text.vTaskInternalSetTimeOutState
                0x0801f840       0x28 Thirdparty\Middleware\STM32G0xx\FreeRTOS\Source\tasks.o
                0x0801f840                vTaskInternalSetTimeOutState
 .text.xTaskCheckForTimeOut
                0x0801f868       0x8c Thirdparty\Middleware\STM32G0xx\FreeRTOS\Source\tasks.o
                0x0801f868                xTaskCheckForTimeOut
 .text.vTaskMissedYield
                0x0801f8f4       0x14 Thirdparty\Middleware\STM32G0xx\FreeRTOS\Source\tasks.o
                0x0801f8f4                vTaskMissedYield
 .text.prvIdleTask
                0x0801f908       0x20 Thirdparty\Middleware\STM32G0xx\FreeRTOS\Source\tasks.o
 .text.prvInitialiseTaskLists
                0x0801f928       0x88 Thirdparty\Middleware\STM32G0xx\FreeRTOS\Source\tasks.o
 .text.prvCheckTasksWaitingTermination
                0x0801f9b0       0x5c Thirdparty\Middleware\STM32G0xx\FreeRTOS\Source\tasks.o
 .text.vTaskGetInfo
                0x0801fa0c       0xd8 Thirdparty\Middleware\STM32G0xx\FreeRTOS\Source\tasks.o
                0x0801fa0c                vTaskGetInfo
 .text.prvListTasksWithinSingleList
                0x0801fae4       0xa6 Thirdparty\Middleware\STM32G0xx\FreeRTOS\Source\tasks.o
 .text.prvTaskCheckFreeStackSpace
                0x0801fb8a       0x34 Thirdparty\Middleware\STM32G0xx\FreeRTOS\Source\tasks.o
 .text.prvDeleteTCB
                0x0801fbbe       0x22 Thirdparty\Middleware\STM32G0xx\FreeRTOS\Source\tasks.o
 .text.prvResetNextTaskUnblockTime
                0x0801fbe0       0x3c Thirdparty\Middleware\STM32G0xx\FreeRTOS\Source\tasks.o
 .text.xTaskGetSchedulerState
                0x0801fc1c       0x38 Thirdparty\Middleware\STM32G0xx\FreeRTOS\Source\tasks.o
                0x0801fc1c                xTaskGetSchedulerState
 .text.xTaskPriorityInherit
                0x0801fc54       0xd0 Thirdparty\Middleware\STM32G0xx\FreeRTOS\Source\tasks.o
                0x0801fc54                xTaskPriorityInherit
 .text.xTaskPriorityDisinherit
                0x0801fd24       0x98 Thirdparty\Middleware\STM32G0xx\FreeRTOS\Source\tasks.o
                0x0801fd24                xTaskPriorityDisinherit
 .text.vTaskPriorityDisinheritAfterTimeout
                0x0801fdbc       0xc0 Thirdparty\Middleware\STM32G0xx\FreeRTOS\Source\tasks.o
                0x0801fdbc                vTaskPriorityDisinheritAfterTimeout
 .text.prvWriteNameToBuffer
                0x0801fe7c       0x52 Thirdparty\Middleware\STM32G0xx\FreeRTOS\Source\tasks.o
 *fill*         0x0801fece        0x2 
 .text.vTaskList
                0x0801fed0      0x14c Thirdparty\Middleware\STM32G0xx\FreeRTOS\Source\tasks.o
                0x0801fed0                vTaskList
 .text.vTaskGetRunTimeStats
                0x0802001c      0x118 Thirdparty\Middleware\STM32G0xx\FreeRTOS\Source\tasks.o
                0x0802001c                vTaskGetRunTimeStats
 .text.pvTaskIncrementMutexHeldCount
                0x08020134       0x24 Thirdparty\Middleware\STM32G0xx\FreeRTOS\Source\tasks.o
                0x08020134                pvTaskIncrementMutexHeldCount
 .text.ulTaskNotifyTake
                0x08020158       0x84 Thirdparty\Middleware\STM32G0xx\FreeRTOS\Source\tasks.o
                0x08020158                ulTaskNotifyTake
 .text.xTaskGenericNotify
                0x080201dc      0x104 Thirdparty\Middleware\STM32G0xx\FreeRTOS\Source\tasks.o
                0x080201dc                xTaskGenericNotify
 .text.xTaskGenericNotifyFromISR
                0x080202e0      0x140 Thirdparty\Middleware\STM32G0xx\FreeRTOS\Source\tasks.o
                0x080202e0                xTaskGenericNotifyFromISR
 .text.vTaskNotifyGiveFromISR
                0x08020420       0xd8 Thirdparty\Middleware\STM32G0xx\FreeRTOS\Source\tasks.o
                0x08020420                vTaskNotifyGiveFromISR
 .text.prvAddCurrentTaskToDelayedList
                0x080204f8       0xa8 Thirdparty\Middleware\STM32G0xx\FreeRTOS\Source\tasks.o
 .text.xTimerCreateTimerTask
                0x080205a0       0x4c Thirdparty\Middleware\STM32G0xx\FreeRTOS\Source\timers.o
                0x080205a0                xTimerCreateTimerTask
 .text.xTimerCreate
                0x080205ec       0x46 Thirdparty\Middleware\STM32G0xx\FreeRTOS\Source\timers.o
                0x080205ec                xTimerCreate
 .text.prvInitialiseNewTimer
                0x08020632       0x5a Thirdparty\Middleware\STM32G0xx\FreeRTOS\Source\timers.o
 .text.xTimerGenericCommand
                0x0802068c       0x8c Thirdparty\Middleware\STM32G0xx\FreeRTOS\Source\timers.o
                0x0802068c                xTimerGenericCommand
 .text.prvProcessExpiredTimer
                0x08020718       0x80 Thirdparty\Middleware\STM32G0xx\FreeRTOS\Source\timers.o
 .text.prvTimerTask
                0x08020798       0x28 Thirdparty\Middleware\STM32G0xx\FreeRTOS\Source\timers.o
 .text.prvProcessTimerOrBlockTask
                0x080207c0       0x90 Thirdparty\Middleware\STM32G0xx\FreeRTOS\Source\timers.o
 .text.prvGetNextExpireTime
                0x08020850       0x44 Thirdparty\Middleware\STM32G0xx\FreeRTOS\Source\timers.o
 .text.prvSampleTimeNow
                0x08020894       0x40 Thirdparty\Middleware\STM32G0xx\FreeRTOS\Source\timers.o
 .text.prvInsertTimerInActiveList
                0x080208d4       0x84 Thirdparty\Middleware\STM32G0xx\FreeRTOS\Source\timers.o
 .text.prvProcessReceivedCommands
                0x08020958      0x16c Thirdparty\Middleware\STM32G0xx\FreeRTOS\Source\timers.o
 .text.prvSwitchTimerLists
                0x08020ac4       0xb0 Thirdparty\Middleware\STM32G0xx\FreeRTOS\Source\timers.o
 .text.prvCheckForValidListAndQueue
                0x08020b74       0x74 Thirdparty\Middleware\STM32G0xx\FreeRTOS\Source\timers.o
 .text.pvTimerGetTimerID
                0x08020be8       0x24 Thirdparty\Middleware\STM32G0xx\FreeRTOS\Source\timers.o
                0x08020be8                pvTimerGetTimerID
 .text.HAL_Init
                0x08020c0c       0x40 Thirdparty\STM32G0xx_HAL_Driver\Src\stm32g0xx_hal.o
                0x08020c0c                HAL_Init
 .text.HAL_InitTick
                0x08020c4c       0x94 Thirdparty\STM32G0xx_HAL_Driver\Src\stm32g0xx_hal.o
                0x08020c4c                HAL_InitTick
 .text.HAL_IncTick
                0x08020ce0       0x24 Thirdparty\STM32G0xx_HAL_Driver\Src\stm32g0xx_hal.o
                0x08020ce0                HAL_IncTick
 .text.HAL_GetTick
                0x08020d04       0x14 Thirdparty\STM32G0xx_HAL_Driver\Src\stm32g0xx_hal.o
                0x08020d04                HAL_GetTick
 .text.HAL_Delay
                0x08020d18       0x48 Thirdparty\STM32G0xx_HAL_Driver\Src\stm32g0xx_hal.o
                0x08020d18                HAL_Delay
 .text.HAL_GetREVID
                0x08020d60       0x18 Thirdparty\STM32G0xx_HAL_Driver\Src\stm32g0xx_hal.o
                0x08020d60                HAL_GetREVID
 .text.HAL_GetDEVID
                0x08020d78       0x18 Thirdparty\STM32G0xx_HAL_Driver\Src\stm32g0xx_hal.o
                0x08020d78                HAL_GetDEVID
 .text.LL_ADC_SetCommonPathInternalCh
                0x08020d90       0x28 Thirdparty\STM32G0xx_HAL_Driver\Src\stm32g0xx_hal_adc.o
 .text.LL_ADC_GetCommonPathInternalCh
                0x08020db8       0x1a Thirdparty\STM32G0xx_HAL_Driver\Src\stm32g0xx_hal_adc.o
 .text.LL_ADC_SetSamplingTimeCommonChannels
                0x08020dd2       0x3a Thirdparty\STM32G0xx_HAL_Driver\Src\stm32g0xx_hal_adc.o
 .text.LL_ADC_GetSamplingTimeCommonChannels
                0x08020e0c       0x2e Thirdparty\STM32G0xx_HAL_Driver\Src\stm32g0xx_hal_adc.o
 .text.LL_ADC_REG_IsTriggerSourceSWStart
                0x08020e3a       0x22 Thirdparty\STM32G0xx_HAL_Driver\Src\stm32g0xx_hal_adc.o
 .text.LL_ADC_REG_SetSequencerRanks
                0x08020e5c       0x40 Thirdparty\STM32G0xx_HAL_Driver\Src\stm32g0xx_hal_adc.o
 .text.LL_ADC_REG_SetSequencerChAdd
                0x08020e9c       0x22 Thirdparty\STM32G0xx_HAL_Driver\Src\stm32g0xx_hal_adc.o
 .text.LL_ADC_REG_SetSequencerChRem
                0x08020ebe       0x24 Thirdparty\STM32G0xx_HAL_Driver\Src\stm32g0xx_hal_adc.o
 *fill*         0x08020ee2        0x2 
 .text.LL_ADC_SetChannelSamplingTime
                0x08020ee4       0x38 Thirdparty\STM32G0xx_HAL_Driver\Src\stm32g0xx_hal_adc.o
 .text.LL_ADC_EnableInternalRegulator
                0x08020f1c       0x28 Thirdparty\STM32G0xx_HAL_Driver\Src\stm32g0xx_hal_adc.o
 .text.LL_ADC_IsInternalRegulatorEnabled
                0x08020f44       0x28 Thirdparty\STM32G0xx_HAL_Driver\Src\stm32g0xx_hal_adc.o
 .text.LL_ADC_Enable
                0x08020f6c       0x24 Thirdparty\STM32G0xx_HAL_Driver\Src\stm32g0xx_hal_adc.o
 .text.LL_ADC_Disable
                0x08020f90       0x24 Thirdparty\STM32G0xx_HAL_Driver\Src\stm32g0xx_hal_adc.o
 .text.LL_ADC_IsEnabled
                0x08020fb4       0x22 Thirdparty\STM32G0xx_HAL_Driver\Src\stm32g0xx_hal_adc.o
 .text.LL_ADC_IsDisableOngoing
                0x08020fd6       0x22 Thirdparty\STM32G0xx_HAL_Driver\Src\stm32g0xx_hal_adc.o
 .text.LL_ADC_REG_StartConversion
                0x08020ff8       0x24 Thirdparty\STM32G0xx_HAL_Driver\Src\stm32g0xx_hal_adc.o
 .text.LL_ADC_REG_StopConversion
                0x0802101c       0x24 Thirdparty\STM32G0xx_HAL_Driver\Src\stm32g0xx_hal_adc.o
 .text.LL_ADC_REG_IsConversionOngoing
                0x08021040       0x22 Thirdparty\STM32G0xx_HAL_Driver\Src\stm32g0xx_hal_adc.o
 *fill*         0x08021062        0x2 
 .text.HAL_ADC_Init
                0x08021064      0x350 Thirdparty\STM32G0xx_HAL_Driver\Src\stm32g0xx_hal_adc.o
                0x08021064                HAL_ADC_Init
 .text.HAL_ADC_Start
                0x080213b4       0x9c Thirdparty\STM32G0xx_HAL_Driver\Src\stm32g0xx_hal_adc.o
                0x080213b4                HAL_ADC_Start
 .text.HAL_ADC_Stop
                0x08021450       0x78 Thirdparty\STM32G0xx_HAL_Driver\Src\stm32g0xx_hal_adc.o
                0x08021450                HAL_ADC_Stop
 .text.HAL_ADC_PollForConversion
                0x080214c8      0x128 Thirdparty\STM32G0xx_HAL_Driver\Src\stm32g0xx_hal_adc.o
                0x080214c8                HAL_ADC_PollForConversion
 .text.HAL_ADC_Start_DMA
                0x080215f0      0x11c Thirdparty\STM32G0xx_HAL_Driver\Src\stm32g0xx_hal_adc.o
                0x080215f0                HAL_ADC_Start_DMA
 .text.HAL_ADC_GetValue
                0x0802170c       0x16 Thirdparty\STM32G0xx_HAL_Driver\Src\stm32g0xx_hal_adc.o
                0x0802170c                HAL_ADC_GetValue
 .text.HAL_ADC_ConvCpltCallback
                0x08021722       0x10 Thirdparty\STM32G0xx_HAL_Driver\Src\stm32g0xx_hal_adc.o
                0x08021722                HAL_ADC_ConvCpltCallback
 .text.HAL_ADC_ConvHalfCpltCallback
                0x08021732       0x10 Thirdparty\STM32G0xx_HAL_Driver\Src\stm32g0xx_hal_adc.o
                0x08021732                HAL_ADC_ConvHalfCpltCallback
 .text.HAL_ADC_ErrorCallback
                0x08021742       0x10 Thirdparty\STM32G0xx_HAL_Driver\Src\stm32g0xx_hal_adc.o
                0x08021742                HAL_ADC_ErrorCallback
 *fill*         0x08021752        0x2 
 .text.HAL_ADC_ConfigChannel
                0x08021754      0x3b0 Thirdparty\STM32G0xx_HAL_Driver\Src\stm32g0xx_hal_adc.o
                0x08021754                HAL_ADC_ConfigChannel
 .text.ADC_ConversionStop
                0x08021b04       0x84 Thirdparty\STM32G0xx_HAL_Driver\Src\stm32g0xx_hal_adc.o
                0x08021b04                ADC_ConversionStop
 .text.ADC_Enable
                0x08021b88      0x10c Thirdparty\STM32G0xx_HAL_Driver\Src\stm32g0xx_hal_adc.o
                0x08021b88                ADC_Enable
 .text.ADC_Disable
                0x08021c94       0xbc Thirdparty\STM32G0xx_HAL_Driver\Src\stm32g0xx_hal_adc.o
                0x08021c94                ADC_Disable
 .text.ADC_DMAConvCplt
                0x08021d50       0xc8 Thirdparty\STM32G0xx_HAL_Driver\Src\stm32g0xx_hal_adc.o
 .text.ADC_DMAHalfConvCplt
                0x08021e18       0x1e Thirdparty\STM32G0xx_HAL_Driver\Src\stm32g0xx_hal_adc.o
 .text.ADC_DMAError
                0x08021e36       0x36 Thirdparty\STM32G0xx_HAL_Driver\Src\stm32g0xx_hal_adc.o
 .text.__NVIC_EnableIRQ
                0x08021e6c       0x34 Thirdparty\STM32G0xx_HAL_Driver\Src\stm32g0xx_hal_cortex.o
 .text.__NVIC_DisableIRQ
                0x08021ea0       0x44 Thirdparty\STM32G0xx_HAL_Driver\Src\stm32g0xx_hal_cortex.o
 .text.__NVIC_SetPriority
                0x08021ee4       0xdc Thirdparty\STM32G0xx_HAL_Driver\Src\stm32g0xx_hal_cortex.o
 .text.SysTick_Config
                0x08021fc0       0x48 Thirdparty\STM32G0xx_HAL_Driver\Src\stm32g0xx_hal_cortex.o
 .text.HAL_NVIC_SetPriority
                0x08022008       0x2a Thirdparty\STM32G0xx_HAL_Driver\Src\stm32g0xx_hal_cortex.o
                0x08022008                HAL_NVIC_SetPriority
 .text.HAL_NVIC_EnableIRQ
                0x08022032       0x20 Thirdparty\STM32G0xx_HAL_Driver\Src\stm32g0xx_hal_cortex.o
                0x08022032                HAL_NVIC_EnableIRQ
 .text.HAL_NVIC_DisableIRQ
                0x08022052       0x20 Thirdparty\STM32G0xx_HAL_Driver\Src\stm32g0xx_hal_cortex.o
                0x08022052                HAL_NVIC_DisableIRQ
 .text.HAL_SYSTICK_Config
                0x08022072       0x1a Thirdparty\STM32G0xx_HAL_Driver\Src\stm32g0xx_hal_cortex.o
                0x08022072                HAL_SYSTICK_Config
 .text.HAL_CRC_Init
                0x0802208c       0xcc Thirdparty\STM32G0xx_HAL_Driver\Src\stm32g0xx_hal_crc.o
                0x0802208c                HAL_CRC_Init
 .text.HAL_CRC_Accumulate
                0x08022158       0x8e Thirdparty\STM32G0xx_HAL_Driver\Src\stm32g0xx_hal_crc.o
                0x08022158                HAL_CRC_Accumulate
 .text.HAL_CRC_Calculate
                0x080221e6       0x9e Thirdparty\STM32G0xx_HAL_Driver\Src\stm32g0xx_hal_crc.o
                0x080221e6                HAL_CRC_Calculate
 .text.CRC_Handle_8
                0x08022284      0x122 Thirdparty\STM32G0xx_HAL_Driver\Src\stm32g0xx_hal_crc.o
 .text.CRC_Handle_16
                0x080223a6       0x6e Thirdparty\STM32G0xx_HAL_Driver\Src\stm32g0xx_hal_crc.o
 .text.HAL_CRCEx_Polynomial_Set
                0x08022414       0xea Thirdparty\STM32G0xx_HAL_Driver\Src\stm32g0xx_hal_crc_ex.o
                0x08022414                HAL_CRCEx_Polynomial_Set
 *fill*         0x080224fe        0x2 
 .text.HAL_DMA_Init
                0x08022500      0x158 Thirdparty\STM32G0xx_HAL_Driver\Src\stm32g0xx_hal_dma.o
                0x08022500                HAL_DMA_Init
 .text.HAL_DMA_Start_IT
                0x08022658      0x10c Thirdparty\STM32G0xx_HAL_Driver\Src\stm32g0xx_hal_dma.o
                0x08022658                HAL_DMA_Start_IT
 .text.HAL_DMA_Abort
                0x08022764       0xc0 Thirdparty\STM32G0xx_HAL_Driver\Src\stm32g0xx_hal_dma.o
                0x08022764                HAL_DMA_Abort
 .text.HAL_DMA_Abort_IT
                0x08022824       0xd0 Thirdparty\STM32G0xx_HAL_Driver\Src\stm32g0xx_hal_dma.o
                0x08022824                HAL_DMA_Abort_IT
 .text.HAL_DMA_IRQHandler
                0x080228f4      0x188 Thirdparty\STM32G0xx_HAL_Driver\Src\stm32g0xx_hal_dma.o
                0x080228f4                HAL_DMA_IRQHandler
 .text.HAL_DMA_GetError
                0x08022a7c       0x14 Thirdparty\STM32G0xx_HAL_Driver\Src\stm32g0xx_hal_dma.o
                0x08022a7c                HAL_DMA_GetError
 .text.DMA_SetConfig
                0x08022a90       0x78 Thirdparty\STM32G0xx_HAL_Driver\Src\stm32g0xx_hal_dma.o
 .text.DMA_CalcDMAMUXChannelBaseAndMask
                0x08022b08       0x94 Thirdparty\STM32G0xx_HAL_Driver\Src\stm32g0xx_hal_dma.o
 .text.DMA_CalcDMAMUXRequestGenBaseAndMask
                0x08022b9c       0x48 Thirdparty\STM32G0xx_HAL_Driver\Src\stm32g0xx_hal_dma.o
 .text.HAL_FLASH_Program
                0x08022be4       0x9c Thirdparty\STM32G0xx_HAL_Driver\Src\stm32g0xx_hal_flash.o
                0x08022be4                HAL_FLASH_Program
 .text.HAL_FLASH_Unlock
                0x08022c80       0x48 Thirdparty\STM32G0xx_HAL_Driver\Src\stm32g0xx_hal_flash.o
                0x08022c80                HAL_FLASH_Unlock
 .text.HAL_FLASH_Lock
                0x08022cc8       0x44 Thirdparty\STM32G0xx_HAL_Driver\Src\stm32g0xx_hal_flash.o
                0x08022cc8                HAL_FLASH_Lock
 .text.FLASH_WaitForLastOperation
                0x08022d0c       0x9c Thirdparty\STM32G0xx_HAL_Driver\Src\stm32g0xx_hal_flash.o
                0x08022d0c                FLASH_WaitForLastOperation
 .text.FLASH_Program_DoubleWord
                0x08022da8       0x40 Thirdparty\STM32G0xx_HAL_Driver\Src\stm32g0xx_hal_flash.o
 .text.HAL_FLASHEx_Erase
                0x08022de8       0xe0 Thirdparty\STM32G0xx_HAL_Driver\Src\stm32g0xx_hal_flash_ex.o
                0x08022de8                HAL_FLASHEx_Erase
 .text.FLASH_MassErase
                0x08022ec8       0x28 Thirdparty\STM32G0xx_HAL_Driver\Src\stm32g0xx_hal_flash_ex.o
 .text.FLASH_PageErase
                0x08022ef0       0x58 Thirdparty\STM32G0xx_HAL_Driver\Src\stm32g0xx_hal_flash_ex.o
                0x08022ef0                FLASH_PageErase
 .text.HAL_GPIO_Init
                0x08022f48      0x2d8 Thirdparty\STM32G0xx_HAL_Driver\Src\stm32g0xx_hal_gpio.o
                0x08022f48                HAL_GPIO_Init
 .text.HAL_GPIO_DeInit
                0x08023220      0x1b0 Thirdparty\STM32G0xx_HAL_Driver\Src\stm32g0xx_hal_gpio.o
                0x08023220                HAL_GPIO_DeInit
 .text.HAL_GPIO_ReadPin
                0x080233d0       0x3a Thirdparty\STM32G0xx_HAL_Driver\Src\stm32g0xx_hal_gpio.o
                0x080233d0                HAL_GPIO_ReadPin
 .text.HAL_GPIO_WritePin
                0x0802340a       0x3a Thirdparty\STM32G0xx_HAL_Driver\Src\stm32g0xx_hal_gpio.o
                0x0802340a                HAL_GPIO_WritePin
 .text.HAL_GPIO_TogglePin
                0x08023444       0x36 Thirdparty\STM32G0xx_HAL_Driver\Src\stm32g0xx_hal_gpio.o
                0x08023444                HAL_GPIO_TogglePin
 .text.HAL_MspInit
                0x0802347a        0xa Thirdparty\STM32G0xx_HAL_Driver\Src\stm32g0xx_hal_msp_template.o
                0x0802347a                HAL_MspInit
 .text.HAL_PWR_EnableWakeUpPin
                0x08023484       0x40 Thirdparty\STM32G0xx_HAL_Driver\Src\stm32g0xx_hal_pwr.o
                0x08023484                HAL_PWR_EnableWakeUpPin
 .text.HAL_PWR_DisableWakeUpPin
                0x080234c4       0x28 Thirdparty\STM32G0xx_HAL_Driver\Src\stm32g0xx_hal_pwr.o
                0x080234c4                HAL_PWR_DisableWakeUpPin
 .text.HAL_PWR_EnterSTOPMode
                0x080234ec       0x70 Thirdparty\STM32G0xx_HAL_Driver\Src\stm32g0xx_hal_pwr.o
                0x080234ec                HAL_PWR_EnterSTOPMode
 .text.HAL_PWR_EnterSTANDBYMode
                0x0802355c       0x34 Thirdparty\STM32G0xx_HAL_Driver\Src\stm32g0xx_hal_pwr.o
                0x0802355c                HAL_PWR_EnterSTANDBYMode
 .text.HAL_PWREx_EnableSRAMRetention