Archive member included to satisfy reference by file (symbol)

C:/ST/STM32CubeIDE_1.17.0/STM32CubeIDE/plugins/com.st.stm32cube.ide.mcu.externaltools.gnu-tools-for-stm32.12.3.rel1.win32_1.1.0.202410251130/tools/bin/../lib/gcc/arm-none-eabi/12.3.1/../../../../arm-none-eabi/lib/thumb/v6-m/nofp\libc.a(libc_a-atof.o)
                              BOS\BOS_CLI.o (atof)
C:/ST/STM32CubeIDE_1.17.0/STM32CubeIDE/plugins/com.st.stm32cube.ide.mcu.externaltools.gnu-tools-for-stm32.12.3.rel1.win32_1.1.0.202410251130/tools/bin/../lib/gcc/arm-none-eabi/12.3.1/../../../../arm-none-eabi/lib/thumb/v6-m/nofp\libc.a(libc_a-atoi.o)
                              BOS\BOS_CLIcommands.o (atoi)
C:/ST/STM32CubeIDE_1.17.0/STM32CubeIDE/plugins/com.st.stm32cube.ide.mcu.externaltools.gnu-tools-for-stm32.12.3.rel1.win32_1.1.0.202410251130/tools/bin/../lib/gcc/arm-none-eabi/12.3.1/../../../../arm-none-eabi/lib/thumb/v6-m/nofp\libc.a(libc_a-atol.o)
                              BOS\BOS.o (atol)
C:/ST/STM32CubeIDE_1.17.0/STM32CubeIDE/plugins/com.st.stm32cube.ide.mcu.externaltools.gnu-tools-for-stm32.12.3.rel1.win32_1.1.0.202410251130/tools/bin/../lib/gcc/arm-none-eabi/12.3.1/../../../../arm-none-eabi/lib/thumb/v6-m/nofp\libc.a(libc_a-exit.o)
                              C:/ST/STM32CubeIDE_1.17.0/STM32CubeIDE/plugins/com.st.stm32cube.ide.mcu.externaltools.gnu-tools-for-stm32.12.3.rel1.win32_1.1.0.202410251130/tools/bin/../lib/gcc/arm-none-eabi/12.3.1/../../../../arm-none-eabi/lib/thumb/v6-m/nofp/crt0.o (exit)
C:/ST/STM32CubeIDE_1.17.0/STM32CubeIDE/plugins/com.st.stm32cube.ide.mcu.externaltools.gnu-tools-for-stm32.12.3.rel1.win32_1.1.0.202410251130/tools/bin/../lib/gcc/arm-none-eabi/12.3.1/../../../../arm-none-eabi/lib/thumb/v6-m/nofp\libc.a(libc_a-malloc.o)
                              BOS\BOS.o (malloc)
C:/ST/STM32CubeIDE_1.17.0/STM32CubeIDE/plugins/com.st.stm32cube.ide.mcu.externaltools.gnu-tools-for-stm32.12.3.rel1.win32_1.1.0.202410251130/tools/bin/../lib/gcc/arm-none-eabi/12.3.1/../../../../arm-none-eabi/lib/thumb/v6-m/nofp\libc.a(libc_a-mallocr.o)
                              C:/ST/STM32CubeIDE_1.17.0/STM32CubeIDE/plugins/com.st.stm32cube.ide.mcu.externaltools.gnu-tools-for-stm32.12.3.rel1.win32_1.1.0.202410251130/tools/bin/../lib/gcc/arm-none-eabi/12.3.1/../../../../arm-none-eabi/lib/thumb/v6-m/nofp\libc.a(libc_a-malloc.o) (_malloc_r)
C:/ST/STM32CubeIDE_1.17.0/STM32CubeIDE/plugins/com.st.stm32cube.ide.mcu.externaltools.gnu-tools-for-stm32.12.3.rel1.win32_1.1.0.202410251130/tools/bin/../lib/gcc/arm-none-eabi/12.3.1/../../../../arm-none-eabi/lib/thumb/v6-m/nofp\libc.a(libc_a-mlock.o)
                              C:/ST/STM32CubeIDE_1.17.0/STM32CubeIDE/plugins/com.st.stm32cube.ide.mcu.externaltools.gnu-tools-for-stm32.12.3.rel1.win32_1.1.0.202410251130/tools/bin/../lib/gcc/arm-none-eabi/12.3.1/../../../../arm-none-eabi/lib/thumb/v6-m/nofp\libc.a(libc_a-mallocr.o) (__malloc_lock)
C:/ST/STM32CubeIDE_1.17.0/STM32CubeIDE/plugins/com.st.stm32cube.ide.mcu.externaltools.gnu-tools-for-stm32.12.3.rel1.win32_1.1.0.202410251130/tools/bin/../lib/gcc/arm-none-eabi/12.3.1/../../../../arm-none-eabi/lib/thumb/v6-m/nofp\libc.a(libc_a-rand.o)
                              BOS\BOS_CLIcommands.o (rand)
C:/ST/STM32CubeIDE_1.17.0/STM32CubeIDE/plugins/com.st.stm32cube.ide.mcu.externaltools.gnu-tools-for-stm32.12.3.rel1.win32_1.1.0.202410251130/tools/bin/../lib/gcc/arm-none-eabi/12.3.1/../../../../arm-none-eabi/lib/thumb/v6-m/nofp\libc.a(libc_a-realloc.o)
                              BOS\BOS_CLI.o (realloc)
C:/ST/STM32CubeIDE_1.17.0/STM32CubeIDE/plugins/com.st.stm32cube.ide.mcu.externaltools.gnu-tools-for-stm32.12.3.rel1.win32_1.1.0.202410251130/tools/bin/../lib/gcc/arm-none-eabi/12.3.1/../../../../arm-none-eabi/lib/thumb/v6-m/nofp\libc.a(libc_a-reallocr.o)
                              C:/ST/STM32CubeIDE_1.17.0/STM32CubeIDE/plugins/com.st.stm32cube.ide.mcu.externaltools.gnu-tools-for-stm32.12.3.rel1.win32_1.1.0.202410251130/tools/bin/../lib/gcc/arm-none-eabi/12.3.1/../../../../arm-none-eabi/lib/thumb/v6-m/nofp\libc.a(libc_a-realloc.o) (_realloc_r)
C:/ST/STM32CubeIDE_1.17.0/STM32CubeIDE/plugins/com.st.stm32cube.ide.mcu.externaltools.gnu-tools-for-stm32.12.3.rel1.win32_1.1.0.202410251130/tools/bin/../lib/gcc/arm-none-eabi/12.3.1/../../../../arm-none-eabi/lib/thumb/v6-m/nofp\libc.a(libc_a-strtod.o)
                              C:/ST/STM32CubeIDE_1.17.0/STM32CubeIDE/plugins/com.st.stm32cube.ide.mcu.externaltools.gnu-tools-for-stm32.12.3.rel1.win32_1.1.0.202410251130/tools/bin/../lib/gcc/arm-none-eabi/12.3.1/../../../../arm-none-eabi/lib/thumb/v6-m/nofp\libc.a(libc_a-atof.o) (strtod)
C:/ST/STM32CubeIDE_1.17.0/STM32CubeIDE/plugins/com.st.stm32cube.ide.mcu.externaltools.gnu-tools-for-stm32.12.3.rel1.win32_1.1.0.202410251130/tools/bin/../lib/gcc/arm-none-eabi/12.3.1/../../../../arm-none-eabi/lib/thumb/v6-m/nofp\libc.a(libc_a-strtol.o)
[...]
Memory Configuration

Name             Origin             Length             Attributes
RAM              0x20000000         0x00024000         xrw
FLASH            0x08000000         0x00080000         xr
*default*        0x00000000         0xffffffff

Linker script and memory map

LOAD C:/ST/STM32CubeIDE_1.17.0/STM32CubeIDE/plugins/com.st.stm32cube.ide.mcu.externaltools.gnu-tools-for-stm32.12.3.rel1.win32_1.1.0.202410251130/tools/bin/../lib/gcc/arm-none-eabi/12.3.1/thumb/v6-m/nofp/crti.o
LOAD C:/ST/STM32CubeIDE_1.17.0/STM32CubeIDE/plugins/com.st.stm32cube.ide.mcu.externaltools.gnu-tools-for-stm32.12.3.rel1.win32_1.1.0.202410251130/tools/bin/../lib/gcc/arm-none-eabi/12.3.1/thumb/v6-m/nofp/crtbegin.o
LOAD C:/ST/STM32CubeIDE_1.17.0/STM32CubeIDE/plugins/com.st.stm32cube.ide.mcu.externaltools.gnu-tools-for-stm32.12.3.rel1.win32_1.1.0.202410251130/tools/bin/../lib/gcc/arm-none-eabi/12.3.1/../../../../arm-none-eabi/lib/thumb/v6-m/nofp/crt0.o
LOAD BOS\BOS.o
LOAD BOS\BOS_CLI.o
LOAD BOS\BOS_CLIcommands.o
LOAD BOS\BOS_dma.o
LOAD BOS\BOS_freertos.o
LOAD BOS\BOS_messaging.o
LOAD BOS\BOS_msgparser.o
LOAD H2BR0\H2BR0.o
LOAD H2BR0\H2BR0_adc.o
LOAD H2BR0\H2BR0_dma.o
LOAD H2BR0\H2BR0_eeprom.o
LOAD H2BR0\H2BR0_gpio.o
LOAD H2BR0\H2BR0_inputs.o
LOAD H2BR0\H2BR0_it.o
LOAD H2BR0\H2BR0_rtc.o
LOAD H2BR0\H2BR0_timers.o
LOAD H2BR0\H2BR0_uart.o
LOAD H2BR0\startup_stm32g0b1ceuxn.o
LOAD Thirdparty\CMSIS\STM32G0xx\Device\ST\STM32G0xx\Source\Templates\system_stm32g0xx.o
LOAD Thirdparty\EEPROM_Emul\Core\eeprom_emul.o
LOAD Thirdparty\EEPROM_Emul\Porting\STM32G0\flash_interface.o
LOAD Thirdparty\Middleware\STM32G0xx\FreeRTOS\Source\CMSIS_RTOS\cmsis_os.o
LOAD Thirdparty\Middleware\STM32G0xx\FreeRTOS\Source\FreeRTOS_CLI.o
LOAD Thirdparty\Middleware\STM32G0xx\FreeRTOS\Source\croutine.o
LOAD Thirdparty\Middleware\STM32G0xx\FreeRTOS\Source\event_groups.o
LOAD Thirdparty\Middleware\STM32G0xx\FreeRTOS\Source\list.o
LOAD Thirdparty\Middleware\STM32G0xx\FreeRTOS\Source\portable\GCC\ARM_CM0\port.o
LOAD Thirdparty\Middleware\STM32G0xx\FreeRTOS\Source\portable\MemMang\heap_4.o
LOAD Thirdparty\Middleware\STM32G0xx\FreeRTOS\Source\queue.o
LOAD Thirdparty\Middleware\STM32G0xx\FreeRTOS\Source\stream_buffer.o
LOAD Thirdparty\Middleware\STM32G0xx\FreeRTOS\Source\tasks.o
LOAD Thirdparty\Middleware\STM32G0xx\FreeRTOS\Source\timers.o
LOAD Thirdparty\STM32G0xx_HAL_Driver\Src\stm32g0xx_hal.o
LOAD Thirdparty\STM32G0xx_HAL_Driver\Src\stm32g0xx_hal_adc.o
LOAD Thirdparty\STM32G0xx_HAL_Driver\Src\stm32g0xx_hal_adc_ex.o
LOAD Thirdparty\STM32G0xx_HAL_Driver\Src\stm32g0xx_hal_cec.o
LOAD Thirdparty\STM32G0xx_HAL_Driver\Src\stm32g0xx_hal_comp.o
LOAD Thirdparty\STM32G0xx_HAL_Driver\Src\stm32g0xx_hal_cortex.o
LOAD Thirdparty\STM32G0xx_HAL_Driver\Src\stm32g0xx_hal_crc.o
LOAD Thirdparty\STM32G0xx_HAL_Driver\Src\stm32g0xx_hal_crc_ex.o
LOAD Thirdparty\STM32G0xx_HAL_Driver\Src\stm32g0xx_hal_cryp.o
LOAD Thirdparty\STM32G0xx_HAL_Driver\Src\stm32g0xx_hal_cryp_ex.o
LOAD Thirdparty\STM32G0xx_HAL_Driver\Src\stm32g0xx_hal_dac.o
LOAD Thirdparty\STM32G0xx_HAL_Driver\Src\stm32g0xx_hal_dac_ex.o
LOAD Thirdparty\STM32G0xx_HAL_Driver\Src\stm32g0xx_hal_dma.o
LOAD Thirdparty\STM32G0xx_HAL_Driver\Src\stm32g0xx_hal_dma_ex.o
LOAD Thirdparty\STM32G0xx_HAL_Driver\Src\stm32g0xx_hal_exti.o
LOAD Thirdparty\STM32G0xx_HAL_Driver\Src\stm32g0xx_hal_fdcan.o
LOAD Thirdparty\STM32G0xx_HAL_Driver\Src\stm32g0xx_hal_flash.o
LOAD Thirdparty\STM32G0xx_HAL_Driver\Src\stm32g0xx_hal_flash_ex.o
LOAD Thirdparty\STM32G0xx_HAL_Driver\Src\stm32g0xx_hal_gpio.o
LOAD Thirdparty\STM32G0xx_HAL_Driver\Src\stm32g0xx_hal_hcd.o
LOAD Thirdparty\STM32G0xx_HAL_Driver\Src\stm32g0xx_hal_i2c.o
LOAD Thirdparty\STM32G0xx_HAL_Driver\Src\stm32g0xx_hal_i2c_ex.o
LOAD Thirdparty\STM32G0xx_HAL_Driver\Src\stm32g0xx_hal_i2s.o
LOAD Thirdparty\STM32G0xx_HAL_Driver\Src\stm32g0xx_hal_irda.o
LOAD Thirdparty\STM32G0xx_HAL_Driver\Src\stm32g0xx_hal_iwdg.o
LOAD Thirdparty\STM32G0xx_HAL_Driver\Src\stm32g0xx_hal_lptim.o
LOAD Thirdparty\STM32G0xx_HAL_Driver\Src\stm32g0xx_hal_msp_template.o
LOAD Thirdparty\STM32G0xx_HAL_Driver\Src\stm32g0xx_hal_pcd.o
LOAD Thirdparty\STM32G0xx_HAL_Driver\Src\stm32g0xx_hal_pcd_ex.o
LOAD Thirdparty\STM32G0xx_HAL_Driver\Src\stm32g0xx_hal_pwr.o
LOAD Thirdparty\STM32G0xx_HAL_Driver\Src\stm32g0xx_hal_pwr_ex.o
LOAD Thirdparty\STM32G0xx_HAL_Driver\Src\stm32g0xx_hal_rcc.o
LOAD Thirdparty\STM32G0xx_HAL_Driver\Src\stm32g0xx_hal_rcc_ex.o
LOAD Thirdparty\STM32G0xx_HAL_Driver\Src\stm32g0xx_hal_rng.o
LOAD Thirdparty\STM32G0xx_HAL_Driver\Src\stm32g0xx_hal_rtc.o
LOAD Thirdparty\STM32G0xx_HAL_Driver\Src\stm32g0xx_hal_rtc_ex.o
LOAD Thirdparty\STM32G0xx_HAL_Driver\Src\stm32g0xx_hal_smartcard.o
LOAD Thirdparty\STM32G0xx_HAL_Driver\Src\stm32g0xx_hal_smartcard_ex.o
LOAD Thirdparty\STM32G0xx_HAL_Driver\Src\stm32g0xx_hal_smbus.o
LOAD Thirdparty\STM32G0xx_HAL_Driver\Src\stm32g0xx_hal_smbus_ex.o
LOAD Thirdparty\STM32G0xx_HAL_Driver\Src\stm32g0xx_hal_spi.o
LOAD Thirdparty\STM32G0xx_HAL_Driver\Src\stm32g0xx_hal_spi_ex.o
LOAD Thirdparty\STM32G0xx_HAL_Driver\Src\stm32g0xx_hal_tim.o
LOAD Thirdparty\STM32G0xx_HAL_Driver\Src\stm32g0xx_hal_tim_ex.o
LOAD Thirdparty\STM32G0xx_HAL_Driver\Src\stm32g0xx_hal_uart.o
LOAD Thirdparty\STM32G0xx_HAL_Driver\Src\stm32g0xx_hal_uart_ex.o
LOAD Thirdparty\STM32G0xx_HAL_Driver\Src\stm32g0xx_hal_usart.o
LOAD Thirdparty\STM32G0xx_HAL_Driver\Src\stm32g0xx_hal_usart_ex.o
LOAD Thirdparty\STM32G0xx_HAL_Driver\Src\stm32g0xx_hal_wwdg.o
LOAD Thirdparty\STM32G0xx_HAL_Driver\Src\stm32g0xx_ll_adc.o
LOAD Thirdparty\STM32G0xx_HAL_Driver\Src\stm32g0xx_ll_comp.o
LOAD Thirdparty\STM32G0xx_HAL_Driver\Src\stm32g0xx_ll_crc.o
LOAD Thirdparty\STM32G0xx_HAL_Driver\Src\stm32g0xx_ll_crs.o
LOAD Thirdparty\STM32G0xx_HAL_Driver\Src\stm32g0xx_ll_dac.o
LOAD Thirdparty\STM32G0xx_HAL_Driver\Src\stm32g0xx_ll_dma.o
LOAD Thirdparty\STM32G0xx_HAL_Driver\Src\stm32g0xx_ll_exti.o
LOAD Thirdparty\STM32G0xx_HAL_Driver\Src\stm32g0xx_ll_gpio.o
LOAD Thirdparty\STM32G0xx_HAL_Driver\Src\stm32g0xx_ll_i2c.o
LOAD Thirdparty\STM32G0xx_HAL_Driver\Src\stm32g0xx_ll_lptim.o
LOAD Thirdparty\STM32G0xx_HAL_Driver\Src\stm32g0xx_ll_lpuart.o
LOAD Thirdparty\STM32G0xx_HAL_Driver\Src\stm32g0xx_ll_pwr.o
LOAD Thirdparty\STM32G0xx_HAL_Driver\Src\stm32g0xx_ll_rcc.o
LOAD Thirdparty\STM32G0xx_HAL_Driver\Src\stm32g0xx_ll_rng.o
LOAD Thirdparty\STM32G0xx_HAL_Driver\Src\stm32g0xx_ll_rtc.o
LOAD Thirdparty\STM32G0xx_HAL_Driver\Src\stm32g0xx_ll_spi.o
LOAD Thirdparty\STM32G0xx_HAL_Driver\Src\stm32g0xx_ll_tim.o
LOAD Thirdparty\STM32G0xx_HAL_Driver\Src\stm32g0xx_ll_ucpd.o
LOAD Thirdparty\STM32G0xx_HAL_Driver\Src\stm32g0xx_ll_usart.o
LOAD Thirdparty\STM32G0xx_HAL_Driver\Src\stm32g0xx_ll_usb.o
LOAD Thirdparty\STM32G0xx_HAL_Driver\Src\stm32g0xx_ll_utils.o
LOAD User\main.o
LOAD syscalls.o
START GROUP
LOAD C:/ST/STM32CubeIDE_1.17.0/STM32CubeIDE/plugins/com.st.stm32cube.ide.mcu.externaltools.gnu-tools-for-stm32.12.3.rel1.win32_1.1.0.202410251130/tools/bin/../lib/gcc/arm-none-eabi/12.3.1/../../../../arm-none-eabi/lib/thumb/v6-m/nofp\libc.a
LOAD C:/ST/STM32CubeIDE_1.17.0/STM32CubeIDE/plugins/com.st.stm32cube.ide.mcu.externaltools.gnu-tools-for-stm32.12.3.rel1.win32_1.1.0.202410251130/tools/bin/../lib/gcc/arm-none-eabi/12.3.1/../../../../arm-none-eabi/lib/thumb/v6-m/nofp\libm.a
END GROUP
START GROUP
LOAD C:/ST/STM32CubeIDE_1.17.0/STM32CubeIDE/plugins/com.st.stm32cube.ide.mcu.externaltools.gnu-tools-for-stm32.12.3.rel1.win32_1.1.0.202410251130/tools/bin/../lib/gcc/arm-none-eabi/12.3.1/thumb/v6-m/nofp\libgcc.a
LOAD C:/ST/STM32CubeIDE_1.17.0/STM32CubeIDE/plugins/com.st.stm32cube.ide.mcu.externaltools.gnu-tools-for-stm32.12.3.rel1.win32_1.1.0.202410251130/tools/bin/../lib/gcc/arm-none-eabi/12.3.1/../../../../arm-none-eabi/lib/thumb/v6-m/nofp\libc.a
END GROUP
START GROUP
LOAD C:/ST/STM32CubeIDE_1.17.0/STM32CubeIDE/plugins/com.st.stm32cube.ide.mcu.externaltools.gnu-tools-for-stm32.12.3.rel1.win32_1.1.0.202410251130/tools/bin/../lib/gcc/arm-none-eabi/12.3.1/thumb/v6-m/nofp\libgcc.a
LOAD C:/ST/STM32CubeIDE_1.17.0/STM32CubeIDE/plugins/com.st.stm32cube.ide.mcu.externaltools.gnu-tools-for-stm32.12.3.rel1.win32_1.1.0.202410251130/tools/bin/../lib/gcc/arm-none-eabi/12.3.1/../../../../arm-none-eabi/lib/thumb/v6-m/nofp\libc.a
LOAD C:/ST/STM32CubeIDE_1.17.0/STM32CubeIDE/plugins/com.st.stm32cube.ide.mcu.externaltools.gnu-tools-for-stm32.12.3.rel1.win32_1.1.0.202410251130/tools/bin/../lib/gcc/arm-none-eabi/12.3.1/../../../../arm-none-eabi/lib/thumb/v6-m/nofp\libnosys.a
END GROUP
LOAD C:/ST/STM32CubeIDE_1.17.0/STM32CubeIDE/plugins/com.st.stm32cube.ide.mcu.externaltools.gnu-tools-for-stm32.12.3.rel1.win32_1.1.0.202410251130/tools/bin/../lib/gcc/arm-none-eabi/12.3.1/thumb/v6-m/nofp/crtend.o
LOAD C:/ST/STM32CubeIDE_1.17.0/STM32CubeIDE/plugins/com.st.stm32cube.ide.mcu.externaltools.gnu-tools-for-stm32.12.3.rel1.win32_1.1.0.202410251130/tools/bin/../lib/gcc/arm-none-eabi/12.3.1/thumb/v6-m/nofp/crtn.o
                0x20024000                        _estack = (ORIGIN (RAM) + LENGTH (RAM))
                0x00000200                        _Min_Heap_Size = 0x200
                0x00000400                        _Min_Stack_Size = 0x400

.isr_vector     0x08000000       0xbc
                0x08000000                        . = ALIGN (0x4)
 *(.isr_vector)
 .isr_vector    0x08000000       0xbc H2BR0\startup_stm32g0b1ceuxn.o
                0x08000000                g_pfnVectors
                0x080000bc                        . = ALIGN (0x4)

.text           0x080000c0    0x2c558
                0x080000c0                        . = ALIGN (0x4)
 *(.text)
 .text          0x080000c0       0x48 C:/ST/STM32CubeIDE_1.17.0/STM32CubeIDE/plugins/com.st.stm32cube.ide.mcu.externaltools.gnu-tools-for-stm32.12.3.rel1.win32_1.1.0.202410251130/tools/bin/../lib/gcc/arm-none-eabi/12.3.1/thumb/v6-m/nofp/crtbegin.o
 .text          0x08000108       0x14 C:/ST/STM32CubeIDE_1.17.0/STM32CubeIDE/plugins/com.st.stm32cube.ide.mcu.externaltools.gnu-tools-for-stm32.12.3.rel1.win32_1.1.0.202410251130/tools/bin/../lib/gcc/arm-none-eabi/12.3.1/../../../../arm-none-eabi/lib/thumb/v6-m/nofp\libc.a(libc_a-strcmp.o)
                0x08000108                strcmp
 .text          0x0800011c        0xe C:/ST/STM32CubeIDE_1.17.0/STM32CubeIDE/plugins/com.st.stm32cube.ide.mcu.externaltools.gnu-tools-for-stm32.12.3.rel1.win32_1.1.0.202410251130/tools/bin/../lib/gcc/arm-none-eabi/12.3.1/../../../../arm-none-eabi/lib/thumb/v6-m/nofp\libc.a(libc_a-strlen.o)
                0x0800011c                strlen
 *fill*         0x0800012a        0x2 
 .text          0x0800012c       0x14 C:/ST/STM32CubeIDE_1.17.0/STM32CubeIDE/plugins/com.st.stm32cube.ide.mcu.externaltools.gnu-tools-for-stm32.12.3.rel1.win32_1.1.0.202410251130/tools/bin/../lib/gcc/arm-none-eabi/12.3.1/thumb/v6-m/nofp\libgcc.a(_thumb1_case_uqi.o)
                0x0800012c                __gnu_thumb1_case_uqi
 .text          0x08000140       0x14 C:/ST/STM32CubeIDE_1.17.0/STM32CubeIDE/plugins/com.st.stm32cube.ide.mcu.externaltools.gnu-tools-for-stm32.12.3.rel1.win32_1.1.0.202410251130/tools/bin/../lib/gcc/arm-none-eabi/12.3.1/thumb/v6-m/nofp\libgcc.a(_thumb1_case_uhi.o)
                0x08000140                __gnu_thumb1_case_uhi
 .text          0x08000154      0x114 C:/ST/STM32CubeIDE_1.17.0/STM32CubeIDE/plugins/com.st.stm32cube.ide.mcu.externaltools.gnu-tools-for-stm32.12.3.rel1.win32_1.1.0.202410251130/tools/bin/../lib/gcc/arm-none-eabi/12.3.1/thumb/v6-m/nofp\libgcc.a(_udivsi3.o)
                0x08000154                __aeabi_uidiv
                0x08000154                __udivsi3
                0x08000260                __aeabi_uidivmod
 .text          0x08000268      0x1d4 C:/ST/STM32CubeIDE_1.17.0/STM32CubeIDE/plugins/com.st.stm32cube.ide.mcu.externaltools.gnu-tools-for-stm32.12.3.rel1.win32_1.1.0.202410251130/tools/bin/../lib/gcc/arm-none-eabi/12.3.1/thumb/v6-m/nofp\libgcc.a(_divsi3.o)
                0x08000268                __divsi3
                0x08000268                __aeabi_idiv
                0x08000434                __aeabi_idivmod
 .text          0x0800043c        0x4 C:/ST/STM32CubeIDE_1.17.0/STM32CubeIDE/plugins/com.st.stm32cube.ide.mcu.externaltools.gnu-tools-for-stm32.12.3.rel1.win32_1.1.0.202410251130/tools/bin/../lib/gcc/arm-none-eabi/12.3.1/thumb/v6-m/nofp\libgcc.a(_dvmd_tls.o)
                0x0800043c                __aeabi_idiv0
                0x0800043c                __aeabi_ldiv0
 .text          0x08000440       0x7c C:/ST/STM32CubeIDE_1.17.0/STM32CubeIDE/plugins/com.st.stm32cube.ide.mcu.externaltools.gnu-tools-for-stm32.12.3.rel1.win32_1.1.0.202410251130/tools/bin/../lib/gcc/arm-none-eabi/12.3.1/thumb/v6-m/nofp\libgcc.a(_arm_cmpdf2.o)
                0x08000440                __aeabi_cdrcmple
                0x08000450                __aeabi_cdcmple
                0x08000450                __aeabi_cdcmpeq
                0x08000460                __aeabi_dcmpeq
                0x0800046c                __aeabi_dcmplt
                0x08000480                __aeabi_dcmple
                0x08000494                __aeabi_dcmpgt
                0x080004a8                __aeabi_dcmpge
 .text          0x080004bc       0x74 C:/ST/STM32CubeIDE_1.17.0/STM32CubeIDE/plugins/com.st.stm32cube.ide.mcu.externaltools.gnu-tools-for-stm32.12.3.rel1.win32_1.1.0.202410251130/tools/bin/../lib/gcc/arm-none-eabi/12.3.1/thumb/v6-m/nofp\libgcc.a(_arm_cmpsf2.o)
                0x080004bc                __aeabi_cfrcmple
                0x080004c4                __aeabi_cfcmpeq
                0x080004c4                __aeabi_cfcmple
                0x080004d4                __aeabi_fcmpeq
                0x080004e0                __aeabi_fcmplt
                0x080004f4                __aeabi_fcmple
                0x08000508                __aeabi_fcmpgt
                0x0800051c                __aeabi_fcmpge
 .text          0x08000530       0x40 C:/ST/STM32CubeIDE_1.17.0/STM32CubeIDE/plugins/com.st.stm32cube.ide.mcu.externaltools.gnu-tools-for-stm32.12.3.rel1.win32_1.1.0.202410251130/tools/bin/../lib/gcc/arm-none-eabi/12.3.1/thumb/v6-m/nofp\libgcc.a(_aeabi_uldivmod.o)
                0x08000530                __aeabi_uldivmod
 .text          0x08000570       0x5c C:/ST/STM32CubeIDE_1.17.0/STM32CubeIDE/plugins/com.st.stm32cube.ide.mcu.externaltools.gnu-tools-for-stm32.12.3.rel1.win32_1.1.0.202410251130/tools/bin/../lib/gcc/arm-none-eabi/12.3.1/thumb/v6-m/nofp\libgcc.a(_muldi3.o)
                0x08000570                __muldi3
                0x08000570                __aeabi_lmul
 .text          0x080005cc       0x30 C:/ST/STM32CubeIDE_1.17.0/STM32CubeIDE/plugins/com.st.stm32cube.ide.mcu.externaltools.gnu-tools-for-stm32.12.3.rel1.win32_1.1.0.202410251130/tools/bin/../lib/gcc/arm-none-eabi/12.3.1/thumb/v6-m/nofp\libgcc.a(_fixunssfsi.o)
                0x080005cc                __fixunssfsi
                0x080005cc                __aeabi_f2uiz
 .text          0x080005fc       0x3c C:/ST/STM32CubeIDE_1.17.0/STM32CubeIDE/plugins/com.st.stm32cube.ide.mcu.externaltools.gnu-tools-for-stm32.12.3.rel1.win32_1.1.0.202410251130/tools/bin/../lib/gcc/arm-none-eabi/12.3.1/thumb/v6-m/nofp\libgcc.a(_fixunsdfsi.o)
                0x080005fc                __aeabi_d2uiz
                0x080005fc                __fixunsdfsi
 .text          0x08000638       0x38 C:/ST/STM32CubeIDE_1.17.0/STM32CubeIDE/plugins/com.st.stm32cube.ide.mcu.externaltools.gnu-tools-for-stm32.12.3.rel1.win32_1.1.0.202410251130/tools/bin/../lib/gcc/arm-none-eabi/12.3.1/thumb/v6-m/nofp\libgcc.a(_fixdfdi.o)
                0x08000638                __fixdfdi
                0x08000638                __aeabi_d2lz
 .text          0x08000670       0x3c C:/ST/STM32CubeIDE_1.17.0/STM32CubeIDE/plugins/com.st.stm32cube.ide.mcu.externaltools.gnu-tools-for-stm32.12.3.rel1.win32_1.1.0.202410251130/tools/bin/../lib/gcc/arm-none-eabi/12.3.1/thumb/v6-m/nofp\libgcc.a(_fixunsdfdi.o)
                0x08000670                __fixunsdfdi
                0x08000670                __aeabi_d2ulz
 .text          0x080006ac       0x2c C:/ST/STM32CubeIDE_1.17.0/STM32CubeIDE/plugins/com.st.stm32cube.ide.mcu.externaltools.gnu-tools-for-stm32.12.3.rel1.win32_1.1.0.202410251130/tools/bin/../lib/gcc/arm-none-eabi/12.3.1/thumb/v6-m/nofp\libgcc.a(_floatdidf.o)
                0x080006ac                __aeabi_l2d
                0x080006ac                __floatdidf
 .text          0x080006d8      0x198 C:/ST/STM32CubeIDE_1.17.0/STM32CubeIDE/plugins/com.st.stm32cube.ide.mcu.externaltools.gnu-tools-for-stm32.12.3.rel1.win32_1.1.0.202410251130/tools/bin/../lib/gcc/arm-none-eabi/12.3.1/thumb/v6-m/nofp\libgcc.a(_udivmoddi4.o)
                0x080006d8                __udivmoddi4
 .text          0x08000870      0x314 C:/ST/STM32CubeIDE_1.17.0/STM32CubeIDE/plugins/com.st.stm32cube.ide.mcu.externaltools.gnu-tools-for-stm32.12.3.rel1.win32_1.1.0.202410251130/tools/bin/../lib/gcc/arm-none-eabi/12.3.1/thumb/v6-m/nofp\libgcc.a(addsf3.o)
                0x08000870                __aeabi_fadd
 .text          0x08000b84      0x240 C:/ST/STM32CubeIDE_1.17.0/STM32CubeIDE/plugins/com.st.stm32cube.ide.mcu.externaltools.gnu-tools-for-stm32.12.3.rel1.win32_1.1.0.202410251130/tools/bin/../lib/gcc/arm-none-eabi/12.3.1/thumb/v6-m/nofp\libgcc.a(divsf3.o)
                0x08000b84                __aeabi_fdiv
 .text          0x08000dc4       0x50 C:/ST/STM32CubeIDE_1.17.0/STM32CubeIDE/plugins/com.st.stm32cube.ide.mcu.externaltools.gnu-tools-for-stm32.12.3.rel1.win32_1.1.0.202410251130/tools/bin/../lib/gcc/arm-none-eabi/12.3.1/thumb/v6-m/nofp\libgcc.a(eqsf2.o)
                0x08000dc4                __eqsf2
                0x08000dc4                __nesf2
 .text          0x08000e14       0xa0 C:/ST/STM32CubeIDE_1.17.0/STM32CubeIDE/plugins/com.st.stm32cube.ide.mcu.externaltools.gnu-tools-for-stm32.12.3.rel1.win32_1.1.0.202410251130/tools/bin/../lib/gcc/arm-none-eabi/12.3.1/thumb/v6-m/nofp\libgcc.a(gesf2.o)
                0x08000e14                __gesf2
                0x08000e14                __gtsf2
 .text          0x08000eb4       0x9c C:/ST/STM32CubeIDE_1.17.0/STM32CubeIDE/plugins/com.st.stm32cube.ide.mcu.externaltools.gnu-tools-for-stm32.12.3.rel1.win32_1.1.0.202410251130/tools/bin/../lib/gcc/arm-none-eabi/12.3.1/thumb/v6-m/nofp\libgcc.a(lesf2.o)
                0x08000eb4                __ltsf2
                0x08000eb4                __lesf2
 .text          0x08000f50      0x27c C:/ST/STM32CubeIDE_1.17.0/STM32CubeIDE/plugins/com.st.stm32cube.ide.mcu.externaltools.gnu-tools-for-stm32.12.3.rel1.win32_1.1.0.202410251130/tools/bin/../lib/gcc/arm-none-eabi/12.3.1/thumb/v6-m/nofp\libgcc.a(mulsf3.o)
                0x08000f50                __aeabi_fmul
 .text          0x080011cc      0x348 C:/ST/STM32CubeIDE_1.17.0/STM32CubeIDE/plugins/com.st.stm32cube.ide.mcu.externaltools.gnu-tools-for-stm32.12.3.rel1.win32_1.1.0.202410251130/tools/bin/../lib/gcc/arm-none-eabi/12.3.1/thumb/v6-m/nofp\libgcc.a(subsf3.o)
                0x080011cc                __aeabi_fsub
 .text          0x08001514       0x40 C:/ST/STM32CubeIDE_1.17.0/STM32CubeIDE/plugins/com.st.stm32cube.ide.mcu.externaltools.gnu-tools-for-stm32.12.3.rel1.win32_1.1.0.202410251130/tools/bin/../lib/gcc/arm-none-eabi/12.3.1/thumb/v6-m/nofp\libgcc.a(fixsfsi.o)
                0x08001514                __aeabi_f2iz
 .text          0x08001554       0x84 C:/ST/STM32CubeIDE_1.17.0/STM32CubeIDE/plugins/com.st.stm32cube.ide.mcu.externaltools.gnu-tools-for-stm32.12.3.rel1.win32_1.1.0.202410251130/tools/bin/../lib/gcc/arm-none-eabi/12.3.1/thumb/v6-m/nofp\libgcc.a(floatunsisf.o)
                0x08001554                __aeabi_ui2f
 .text          0x080015d8      0x6c8 C:/ST/STM32CubeIDE_1.17.0/STM32CubeIDE/plugins/com.st.stm32cube.ide.mcu.externaltools.gnu-tools-for-stm32.12.3.rel1.win32_1.1.0.202410251130/tools/bin/../lib/gcc/arm-none-eabi/12.3.1/thumb/v6-m/nofp\libgcc.a(adddf3.o)
                0x080015d8                __aeabi_dadd
 .text          0x08001ca0      0x634 C:/ST/STM32CubeIDE_1.17.0/STM32CubeIDE/plugins/com.st.stm32cube.ide.mcu.externaltools.gnu-tools-for-stm32.12.3.rel1.win32_1.1.0.202410251130/tools/bin/../lib/gcc/arm-none-eabi/12.3.1/thumb/v6-m/nofp\libgcc.a(divdf3.o)
                0x08001ca0                __aeabi_ddiv
 .text          0x080022d4       0x88 C:/ST/STM32CubeIDE_1.17.0/STM32CubeIDE/plugins/com.st.stm32cube.ide.mcu.externaltools.gnu-tools-for-stm32.12.3.rel1.win32_1.1.0.202410251130/tools/bin/../lib/gcc/arm-none-eabi/12.3.1/thumb/v6-m/nofp\libgcc.a(eqdf2.o)
                0x080022d4                __nedf2
                0x080022d4                __eqdf2
 .text          0x0800235c       0xe8 C:/ST/STM32CubeIDE_1.17.0/STM32CubeIDE/plugins/com.st.stm32cube.ide.mcu.externaltools.gnu-tools-for-stm32.12.3.rel1.win32_1.1.0.202410251130/tools/bin/../lib/gcc/arm-none-eabi/12.3.1/thumb/v6-m/nofp\libgcc.a(gedf2.o)
                0x0800235c                __gedf2
                0x0800235c                __gtdf2
 .text          0x08002444       0xe4 C:/ST/STM32CubeIDE_1.17.0/STM32CubeIDE/plugins/com.st.stm32cube.ide.mcu.externaltools.gnu-tools-for-stm32.12.3.rel1.win32_1.1.0.202410251130/tools/bin/../lib/gcc/arm-none-eabi/12.3.1/thumb/v6-m/nofp\libgcc.a(ledf2.o)
                0x08002444                __ledf2
                0x08002444                __ltdf2
 .text          0x08002528      0x590 C:/ST/STM32CubeIDE_1.17.0/STM32CubeIDE/plugins/com.st.stm32cube.ide.mcu.externaltools.gnu-tools-for-stm32.12.3.rel1.win32_1.1.0.202410251130/tools/bin/../lib/gcc/arm-none-eabi/12.3.1/thumb/v6-m/nofp\libgcc.a(muldf3.o)
                0x08002528                __aeabi_dmul
 .text          0x08002ab8      0x738 C:/ST/STM32CubeIDE_1.17.0/STM32CubeIDE/plugins/com.st.stm32cube.ide.mcu.externaltools.gnu-tools-for-stm32.12.3.rel1.win32_1.1.0.202410251130/tools/bin/../lib/gcc/arm-none-eabi/12.3.1/thumb/v6-m/nofp\libgcc.a(subdf3.o)
                0x08002ab8                __aeabi_dsub
 .text          0x080031f0       0x44 C:/ST/STM32CubeIDE_1.17.0/STM32CubeIDE/plugins/com.st.stm32cube.ide.mcu.externaltools.gnu-tools-for-stm32.12.3.rel1.win32_1.1.0.202410251130/tools/bin/../lib/gcc/arm-none-eabi/12.3.1/thumb/v6-m/nofp\libgcc.a(unorddf2.o)
                0x080031f0                __aeabi_dcmpun
 .text          0x08003234       0x78 C:/ST/STM32CubeIDE_1.17.0/STM32CubeIDE/plugins/com.st.stm32cube.ide.mcu.externaltools.gnu-tools-for-stm32.12.3.rel1.win32_1.1.0.202410251130/tools/bin/../lib/gcc/arm-none-eabi/12.3.1/thumb/v6-m/nofp\libgcc.a(fixdfsi.o)
                0x08003234                __aeabi_d2iz
 .text          0x080032ac       0x5c C:/ST/STM32CubeIDE_1.17.0/STM32CubeIDE/plugins/com.st.stm32cube.ide.mcu.externaltools.gnu-tools-for-stm32.12.3.rel1.win32_1.1.0.202410251130/tools/bin/../lib/gcc/arm-none-eabi/12.3.1/thumb/v6-m/nofp\libgcc.a(floatsidf.o)
                0x080032ac                __aeabi_i2d
 .text          0x08003308       0x48 C:/ST/STM32CubeIDE_1.17.0/STM32CubeIDE/plugins/com.st.stm32cube.ide.mcu.externaltools.gnu-tools-for-stm32.12.3.rel1.win32_1.1.0.202410251130/tools/bin/../lib/gcc/arm-none-eabi/12.3.1/thumb/v6-m/nofp\libgcc.a(floatunsidf.o)
                0x08003308                __aeabi_ui2d
 .text          0x08003350       0x90 C:/ST/STM32CubeIDE_1.17.0/STM32CubeIDE/plugins/com.st.stm32cube.ide.mcu.externaltools.gnu-tools-for-stm32.12.3.rel1.win32_1.1.0.202410251130/tools/bin/../lib/gcc/arm-none-eabi/12.3.1/thumb/v6-m/nofp\libgcc.a(extendsfdf2.o)
                0x08003350                __aeabi_f2d
 .text          0x080033e0      0x108 C:/ST/STM32CubeIDE_1.17.0/STM32CubeIDE/plugins/com.st.stm32cube.ide.mcu.externaltools.gnu-tools-for-stm32.12.3.rel1.win32_1.1.0.202410251130/tools/bin/../lib/gcc/arm-none-eabi/12.3.1/thumb/v6-m/nofp\libgcc.a(truncdfsf2.o)
                0x080033e0                __aeabi_d2f
 .text          0x080034e8       0x3c C:/ST/STM32CubeIDE_1.17.0/STM32CubeIDE/plugins/com.st.stm32cube.ide.mcu.externaltools.gnu-tools-for-stm32.12.3.rel1.win32_1.1.0.202410251130/tools/bin/../lib/gcc/arm-none-eabi/12.3.1/thumb/v6-m/nofp\libgcc.a(_clzsi2.o)
                0x080034e8                __clzsi2
 .text          0x08003524       0x18 C:/ST/STM32CubeIDE_1.17.0/STM32CubeIDE/plugins/com.st.stm32cube.ide.mcu.externaltools.gnu-tools-for-stm32.12.3.rel1.win32_1.1.0.202410251130/tools/bin/../lib/gcc/arm-none-eabi/12.3.1/thumb/v6-m/nofp\libgcc.a(_clzdi2.o)
                0x08003524                __clzdi2
 *(.text*)
 .text.__NVIC_SystemReset
                0x0800353c       0x24 BOS\BOS.o
 .text.LoadEEvars
                0x08003560       0x2a BOS\BOS.o
                0x08003560                LoadEEvars
 *fill*         0x0800358a        0x2 
 .text.LoadROtopology
                0x0800358c       0xfc BOS\BOS.o
                0x0800358c                LoadROtopology
 .text.LoadEEportsDir
                0x08003688       0x68 BOS\BOS.o
                0x08003688                LoadEEportsDir
 .text.LoadEEalias
                0x080036f0       0xd8 BOS\BOS.o
                0x080036f0                LoadEEalias
 .text.LoadEEgroup
                0x080037c8      0x120 BOS\BOS.o
                0x080037c8                LoadEEgroup
 .text.LoadEEstreams
                0x080038e8      0x228 BOS\BOS.o
                0x080038e8                LoadEEstreams
 .text.LoadEEparams
                0x08003b10      0x2e4 BOS\BOS.o
                0x08003b10                LoadEEparams
 .text.LoadEEbuttons
                0x08003df4      0x124 BOS\BOS.o
                0x08003df4                LoadEEbuttons
 .text.LoadROsnippets
                0x08003f18      0x1d8 BOS\BOS.o
                0x08003f18                LoadROsnippets
 .text.SaveEEportsDir
                0x080040f0       0x78 BOS\BOS.o
                0x080040f0                SaveEEportsDir
 .text.SaveEEalias
                0x08004168       0xd0 BOS\BOS.o
                0x08004168                SaveEEalias
 .text.SaveEEstreams
                0x08004238       0xdc BOS\BOS.o
                0x08004238                SaveEEstreams
 .text.SaveEEparams
                0x08004314       0xb4 BOS\BOS.o
                0x08004314                SaveEEparams
 .text.ClearEEportsDir
                0x080043c8       0x84 BOS\BOS.o
                0x080043c8                ClearEEportsDir
 .text.IsLowerCLIbaud
                0x0800444c       0xe8 BOS\BOS.o
                0x0800444c                IsLowerCLIbaud
 .text.IsModuleParameter
                0x08004534       0x64 BOS\BOS.o
                0x08004534                IsModuleParameter
 .text.IsMathOperator
                0x08004598       0xc4 BOS\BOS.o
                0x08004598                IsMathOperator
 .text.BOS_Init
                0x0800465c      0x130 BOS\BOS.o
                0x0800465c                BOS_Init
 .text.Module_Init
                0x0800478c       0x1e BOS\BOS.o
                0x0800478c                Module_Init
 *fill*         0x080047aa        0x2 
 .text.Explore  0x080047ac      0xa14 BOS\BOS.o
                0x080047ac                Explore
 .text.ExploreNeighbors
                0x080051c0       0x90 BOS\BOS.o
                0x080051c0                ExploreNeighbors
 .text.FindBroadcastRoutes
                0x08005250      0x3b0 BOS\BOS.o
                0x08005250                FindBroadcastRoutes
 .text.FindRoute
                0x08005600      0x2d8 BOS\BOS.o
                0x08005600                FindRoute
 .text.minArr   0x080058d8       0x88 BOS\BOS.o
                0x080058d8                minArr
 .text.QnotEmpty
                0x08005960       0x50 BOS\BOS.o
                0x08005960                QnotEmpty
 .text.DisplayTopology
                0x080059b0      0x258 BOS\BOS.o
                0x080059b0                DisplayTopology
 .text.DisplayPortsDir
                0x08005c08      0x118 BOS\BOS.o
                0x08005c08                DisplayPortsDir
 .text.DisplayModuleStatus
                0x08005d20      0x3b4 BOS\BOS.o
                0x08005d20                DisplayModuleStatus
 .text.GetID    0x080060d4      0x15c BOS\BOS.o
                0x080060d4                GetID
 .text.NameModule
                0x08006230      0x140 BOS\BOS.o
                0x08006230                NameModule
 .text.AddModuleToGroup
                0x08006370      0x1b8 BOS\BOS.o
                0x08006370                AddModuleToGroup
 .text.WriteToRemote
                0x08006528      0x418 BOS\BOS.o
                0x08006528                WriteToRemote
 .text.GetDateString
                0x08006940       0x5c BOS\BOS.o
                0x08006940                GetDateString
 .text.Bridge   0x0800699c       0x4c BOS\BOS.o
                0x0800699c                Bridge
 .text.Unbridge
                0x080069e8       0xbc BOS\BOS.o
                0x080069e8                Unbridge
 .text.prvCLITask
                0x08006aa4      0x254 BOS\BOS_CLI.o
                0x08006aa4                prvCLITask
 .text.CLI_CommandParser
                0x08006cf8      0x57c BOS\BOS_CLI.o
                0x08006cf8                CLI_CommandParser
 .text.StringToLowerCase
                0x08007274       0x6c BOS\BOS_CLI.o
                0x08007274                StringToLowerCase
 .text.AddSnippet
                0x080072e0      0x118 BOS\BOS_CLI.o
                0x080072e0                AddSnippet
 .text.ParseSnippetCondition
                0x080073f8      0x298 BOS\BOS_CLI.o
                0x080073f8                ParseSnippetCondition
 .text.CheckSnippetCondition
                0x08007690      0x1cc BOS\BOS_CLI.o
                0x08007690                CheckSnippetCondition
 .text.ExecuteSnippet
                0x0800785c       0xdc BOS\BOS_CLI.o
                0x0800785c                ExecuteSnippet
 .text.ParseSnippetCommand
                0x08007938       0xe0 BOS\BOS_CLI.o
                0x08007938                ParseSnippetCommand
 .text.__NVIC_SystemReset
                0x08007a18       0x24 BOS\BOS_CLIcommands.o
 .text.RegisterUserCLICommands
                0x08007a3c        0xa BOS\BOS_CLIcommands.o
                0x08007a3c                RegisterUserCLICommands
 *fill*         0x08007a46        0x2 
 .text.vRegisterCLICommands
                0x08007a48      0x1a4 BOS\BOS_CLIcommands.o
                0x08007a48                vRegisterCLICommands
 .text.prvTaskStatsCommand
                0x08007bec       0x40 BOS\BOS_CLIcommands.o
 .text.prvRunTimeStatsCommand
                0x08007c2c       0x40 BOS\BOS_CLIcommands.o
 .text.pingCommand
                0x08007c6c       0x98 BOS\BOS_CLIcommands.o
 .text.bootloaderUpdateCommand
                0x08007d04      0x200 BOS\BOS_CLIcommands.o
 .text.exploreCommand
                0x08007f04       0xf8 BOS\BOS_CLIcommands.o
 .text.resetCommand
                0x08007ffc       0x10 BOS\BOS_CLIcommands.o
 .text.nameCommand
                0x0800800c       0xe8 BOS\BOS_CLIcommands.o
 .text.groupCommand
                0x080080f4      0x2fc BOS\BOS_CLIcommands.o
 .text.statusCommand
                0x080083f0       0x1c BOS\BOS_CLIcommands.o
 .text.infoCommand
                0x0800840c       0xfc BOS\BOS_CLIcommands.o
 .text.addbuttonCommand
                0x08008508      0x150 BOS\BOS_CLIcommands.o
 .text.removebuttonCommand
                0x08008658       0x94 BOS\BOS_CLIcommands.o
 .text.setCommand
                0x080086ec      0xba8 BOS\BOS_CLIcommands.o
 .text.getCommand
                0x08009294      0x39c BOS\BOS_CLIcommands.o
 .text.defaultCommand
                0x08009630       0xf8 BOS\BOS_CLIcommands.o
 .text.timeCommand
                0x08009728       0xd8 BOS\BOS_CLIcommands.o
 .text.dateCommand
                0x08009800       0x34 BOS\BOS_CLIcommands.o
 .text.setBaudrateCommand
                0x08009834       0xc0 BOS\BOS_CLIcommands.o
 .text.uuidCommand
                0x080098f4       0x90 BOS\BOS_CLIcommands.o
 .text.idcodeCommand
                0x08009984       0x7c BOS\BOS_CLIcommands.o
 .text.flashsizeCommand
                0x08009a00       0x34 BOS\BOS_CLIcommands.o
 .text.snipCommand
                0x08009a34      0x2dc BOS\BOS_CLIcommands.o
 .text.actSnipCommand
                0x08009d10       0xb8 BOS\BOS_CLIcommands.o
 .text.pauseSnipCommand
                0x08009dc8       0xb8 BOS\BOS_CLIcommands.o
 .text.delSnipCommand
                0x08009e80      0x1d4 BOS\BOS_CLIcommands.o
 .text.bridgeCommand
                0x0800a054      0x11c BOS\BOS_CLIcommands.o
 .text.unbridgeCommand
                0x0800a170      0x11c BOS\BOS_CLIcommands.o
 .text.testportCommand
                0x0800a28c      0x2d8 BOS\BOS_CLIcommands.o
 .text.ADCReadCommand
                0x0800a564      0x134 BOS\BOS_CLIcommands.o
 .text.ReadTempCommand
                0x0800a698       0x54 BOS\BOS_CLIcommands.o
 .text.ReadVrefCommand
                0x0800a6ec       0x54 BOS\BOS_CLIcommands.o
 .text.GetReadPrecentageCommand
                0x0800a740       0x98 BOS\BOS_CLIcommands.o
 .text.StartDMAstream
                0x0800a7d8       0xb0 BOS\BOS_dma.o
                0x0800a7d8                StartDMAstream
 .text.DMA_IRQHandler
                0x0800a888      0x118 BOS\BOS_dma.o
                0x0800a888                DMA_IRQHandler
 .text.ResetUartORE
                0x0800a9a0       0x48 BOS\BOS_dma.o
                0x0800a9a0                ResetUartORE
 .text.MX_FREERTOS_Init
                0x0800a9e8      0x214 BOS\BOS_freertos.o
                0x0800a9e8                MX_FREERTOS_Init
 .text.StartDefaultTask
                0x0800abfc       0xf8 BOS\BOS_freertos.o
                0x0800abfc                StartDefaultTask
 .text.vMainConfigureTimerForRunTimeStats
                0x0800acf4       0x2c BOS\BOS_freertos.o
                0x0800acf4                vMainConfigureTimerForRunTimeStats
 .text.ulMainGetRunTimeCounterValue
                0x0800ad20       0x9c BOS\BOS_freertos.o
                0x0800ad20                ulMainGetRunTimeCounterValue
 .text.SetupDMAStreams
                0x0800adbc      0x3c8 BOS\BOS_messaging.o
                0x0800adbc                SetupDMAStreams
 .text.StreamTimerCallback
                0x0800b184       0xa4 BOS\BOS_messaging.o
                0x0800b184                StreamTimerCallback
 .text.ForwardReceivedMessage
                0x0800b228       0x8c BOS\BOS_messaging.o
                0x0800b228                ForwardReceivedMessage
 .text.BroadcastReceivedMessage
                0x0800b2b4       0x70 BOS\BOS_messaging.o
                0x0800b2b4                BroadcastReceivedMessage
 .text.NotifyMessagingTask
                0x0800b324       0x90 BOS\BOS_messaging.o
                0x0800b324                NotifyMessagingTask
 .text.BroadcastMessage
                0x0800b3b4       0x94 BOS\BOS_messaging.o
                0x0800b3b4                BroadcastMessage
 .text.SendMessageToModule
                0x0800b448       0xa4 BOS\BOS_messaging.o
                0x0800b448                SendMessageToModule
 .text.SendLargeMessageToModule
                0x0800b4ec      0x10c BOS\BOS_messaging.o
                0x0800b4ec                SendLargeMessageToModule
 .text.SendMessageFromPort
                0x0800b5f8      0x4e0 BOS\BOS_messaging.o
                0x0800b5f8                SendMessageFromPort
 .text.StartScastDMAStream
                0x0800bad8      0x314 BOS\BOS_messaging.o
                0x0800bad8                StartScastDMAStream
 .text.__NVIC_SystemReset
                0x0800bdec       0x24 BOS\BOS_msgparser.o
 .text.BackEndTask
                0x0800be10      0xbb8 BOS\BOS_msgparser.o
                0x0800be10                BackEndTask
 .text.PxMessagingTask
                0x0800c9c8     0x48dc BOS\BOS_msgparser.o
                0x0800c9c8                PxMessagingTask
 .text.User_MessagingParser
                0x080112a4       0x3a BOS\BOS_msgparser.o
                0x080112a4                User_MessagingParser
 .text.SystemClock_Config
                0x080112de       0xb4 H2BR0\H2BR0.o
                0x080112de                SystemClock_Config
 *fill*         0x08011392        0x2 
 .text.EnableStopModebyUARTx
                0x08011394       0xb8 H2BR0\H2BR0.o
                0x08011394                EnableStopModebyUARTx
 .text.EnableStandbyModebyWakeupPinx
                0x0801144c       0x64 H2BR0\H2BR0.o
                0x0801144c                EnableStandbyModebyWakeupPinx
 .text.DisableStandbyModeWakeupPinx
                0x080114b0       0x98 H2BR0\H2BR0.o
                0x080114b0                DisableStandbyModeWakeupPinx
 .text.SaveTopologyToRO
                0x08011548      0x1bc H2BR0\H2BR0.o
                0x08011548                SaveTopologyToRO
 .text.SaveSnippetsToRO
                0x08011704      0x1f8 H2BR0\H2BR0.o
                0x08011704                SaveSnippetsToRO
 .text.ClearROtopology
                0x080118fc       0x38 H2BR0\H2BR0.o
                0x080118fc                ClearROtopology
 .text.RemoteBootloaderUpdate
                0x08011934      0x178 H2BR0\H2BR0.o
                0x08011934                RemoteBootloaderUpdate
 .text.SetupPortForRemoteBootloaderUpdate
                0x08011aac       0x52 H2BR0\H2BR0.o
                0x08011aac                SetupPortForRemoteBootloaderUpdate
 *fill*         0x08011afe        0x2 
 .text.Module_Peripheral_Init
                0x08011b00      0x160 H2BR0\H2BR0.o
                0x08011b00                Module_Peripheral_Init
 .text.Module_MessagingTask
                0x08011c60      0x334 H2BR0\H2BR0.o
                0x08011c60                Module_MessagingTask
 .text.GetPort  0x08011f94       0x6c H2BR0\H2BR0.o
                0x08011f94                GetPort
 .text.RegisterModuleCLICommands
                0x08012000       0x90 H2BR0\H2BR0.o
                0x08012000                RegisterModuleCLICommands
 .text.GetModuleParameter
                0x08012090       0x2a H2BR0\H2BR0.o
                0x08012090                GetModuleParameter
 *fill*         0x080120ba        0x2 
 .text.ExportStreanToPort
                0x080120bc       0xb4 H2BR0\H2BR0.o
                0x080120bc                ExportStreanToPort
 .text.PollingSleepCLISafe
                0x08012170      0x100 H2BR0\H2BR0.o
 .text.StreamMemsToCLI
                0x08012270      0x178 H2BR0\H2BR0.o
 .text.SampleEMGToString
                0x080123e8       0x88 H2BR0\H2BR0.o
                0x080123e8                SampleEMGToString
 .text.SampleEEGToString
                0x08012470       0x54 H2BR0\H2BR0.o
                0x08012470                SampleEEGToString
 .text.SampleEOGToString
                0x080124c4       0x54 H2BR0\H2BR0.o
                0x080124c4                SampleEOGToString
 .text.SampleECGToString
                0x08012518       0x54 H2BR0\H2BR0.o
                0x08012518                SampleECGToString
 .text.StreamToCLI
                0x0801256c       0x7c H2BR0\H2BR0.o
                0x0801256c                StreamToCLI
 .text.EXGSignalProcessing
                0x080125e8       0x1a H2BR0\H2BR0.o
                0x080125e8                EXGSignalProcessing
 *fill*         0x08012602        0x2 
 .text.EXG_Enable
                0x08012604       0x28 H2BR0\H2BR0.o
                0x08012604                EXG_Enable
 .text.GetSamplingFlag
                0x0801262c       0x1c H2BR0\H2BR0.o
                0x0801262c                GetSamplingFlag
 .text.ResetSamplingFlag
                0x08012648       0x14 H2BR0\H2BR0.o
                0x08012648                ResetSamplingFlag
 .text.SetSamplingFlag
                0x0801265c       0x14 H2BR0\H2BR0.o
                0x0801265c                SetSamplingFlag
 .text.CheckLeadsStatus
                0x08012670       0xa4 H2BR0\H2BR0.o
                0x08012670                CheckLeadsStatus
 .text.ECG_Filter
                0x08012714      0x210 H2BR0\H2BR0.o
                0x08012714                ECG_Filter
 .text.EOG_Filter
                0x08012924      0x11c H2BR0\H2BR0.o
                0x08012924                EOG_Filter
 .text.EEG_Filter
                0x08012a40      0x124 H2BR0\H2BR0.o
                0x08012a40                EEG_Filter
 .text.EMG_Filter
                0x08012b64      0x22c H2BR0\H2BR0.o
                0x08012b64                EMG_Filter
 .text.ECG_BaselineFilter
                0x08012d90       0xb0 H2BR0\H2BR0.o
                0x08012d90                ECG_BaselineFilter
 .text.ECG_HeartRateCalculation
                0x08012e40      0x1c8 H2BR0\H2BR0.o
                0x08012e40                ECG_HeartRateCalculation
 .text.EMG_Rectifying
                0x08013008       0x38 H2BR0\H2BR0.o
                0x08013008                EMG_Rectifying
 .text.EMG_EnvelopeDetection
                0x08013040       0xa8 H2BR0\H2BR0.o
                0x08013040                EMG_EnvelopeDetection
 .text.EMG_PulseDetection
                0x080130e8       0x8c H2BR0\H2BR0.o
                0x080130e8                EMG_PulseDetection
 .text.EyeBlinkDetection
                0x08013174      0x15c H2BR0\H2BR0.o
                0x08013174                EyeBlinkDetection
 .text.EXG_SignalProcessing
                0x080132d0       0xfc H2BR0\H2BR0.o
                0x080132d0                EXG_SignalProcessing
 .text.HAL_TIM_PeriodElapsedCallback
                0x080133cc       0x80 H2BR0\H2BR0.o
                0x080133cc                HAL_TIM_PeriodElapsedCallback
 .text.EXG_Init
                0x0801344c       0xe0 H2BR0\H2BR0.o
                0x0801344c                EXG_Init
 .text.EMG_SetThreshold
                0x0801352c       0x9c H2BR0\H2BR0.o
                0x0801352c                EMG_SetThreshold
 .text.EMG_CheckPulse
                0x080135c8       0x5c H2BR0\H2BR0.o
                0x080135c8                EMG_CheckPulse
 .text.EOG_CheckEyeBlink
                0x08013624       0x58 H2BR0\H2BR0.o
                0x08013624                EOG_CheckEyeBlink
 .text.ECG_Sample
                0x0801367c       0x4c H2BR0\H2BR0.o
                0x0801367c                ECG_Sample
 .text.EOG_Sample
                0x080136c8       0x4c H2BR0\H2BR0.o
                0x080136c8                EOG_Sample
 .text.EEG_Sample
                0x08013714       0x4c H2BR0\H2BR0.o
                0x08013714                EEG_Sample
 .text.EMG_Sample
                0x08013760       0x60 H2BR0\H2BR0.o
                0x08013760                EMG_Sample
 .text.ECG_HeartRate
                0x080137c0       0x44 H2BR0\H2BR0.o
                0x080137c0                ECG_HeartRate
 .text.PlotToTerminal
                0x08013804      0x138 H2BR0\H2BR0.o
                0x08013804                PlotToTerminal
 .text.LeadsStatus
                0x0801393c       0x30 H2BR0\H2BR0.o
                0x0801393c                LeadsStatus
 .text.SampletoPort
                0x0801396c      0x604 H2BR0\H2BR0.o
                0x0801396c                SampletoPort
 .text.StreamEXGCommand
                0x08013f70      0x200 H2BR0\H2BR0.o
                0x08013f70                StreamEXGCommand
 .text.StreamCommandParser
                0x08014170      0x116 H2BR0\H2BR0.o
 *fill*         0x08014286        0x2 
 .text.CLI_PlotToTerminalCommand
                0x08014288      0x154 H2BR0\H2BR0.o
                0x08014288                CLI_PlotToTerminalCommand
 .text.CLI_ECG_SampleCommand
                0x080143dc       0x98 H2BR0\H2BR0.o
                0x080143dc                CLI_ECG_SampleCommand
 .text.CLI_EOG_SampleCommand
                0x08014474       0x98 H2BR0\H2BR0.o
                0x08014474                CLI_EOG_SampleCommand
 .text.CLI_EEG_SampleCommand
                0x0801450c       0x98 H2BR0\H2BR0.o
                0x0801450c                CLI_EEG_SampleCommand
 .text.CLI_EMG_SampleCommand
                0x080145a4       0xe0 H2BR0\H2BR0.o
                0x080145a4                CLI_EMG_SampleCommand
 .text.CLI_EMG_SetThresholdCommand
                0x08014684       0x9c H2BR0\H2BR0.o
                0x08014684                CLI_EMG_SetThresholdCommand
 .text.CLI_EMG_CheckPulseCommand
                0x08014720       0x88 H2BR0\H2BR0.o
                0x08014720                CLI_EMG_CheckPulseCommand
 .text.CLI_ECG_HeartRateCommand
                0x080147a8       0x78 H2BR0\H2BR0.o
                0x080147a8                CLI_ECG_HeartRateCommand
 .text.CLI_EOG_CheckEyeBlinkCommand
                0x08014820       0x88 H2BR0\H2BR0.o
                0x08014820                CLI_EOG_CheckEyeBlinkCommand
 .text.CLI_LeadsStatusCommand
                0x080148a8       0x84 H2BR0\H2BR0.o
                0x080148a8                CLI_LeadsStatusCommand
 .text.MX_ADC1_Init
                0x0801492c       0xcc H2BR0\H2BR0_adc.o
                0x0801492c                MX_ADC1_Init
 .text.HAL_ADC_MspInit
                0x080149f8       0xdc H2BR0\H2BR0_adc.o
                0x080149f8                HAL_ADC_MspInit
 .text.DMA_Init
                0x08014ad4       0x74 H2BR0\H2BR0_dma.o
                0x08014ad4                DMA_Init
 .text.SetupMessagingRxDMAs
                0x08014b48       0xf4 H2BR0\H2BR0_dma.o
                0x08014b48                SetupMessagingRxDMAs
 .text.DMA_MSG_RX_Setup
                0x08014c3c       0x68 H2BR0\H2BR0_dma.o
                0x08014c3c                DMA_MSG_RX_Setup
 .text.DMA_STREAM_Setup
                0x08014ca4       0xf0 H2BR0\H2BR0_dma.o
                0x08014ca4                DMA_STREAM_Setup
 .text.StopDMA  0x08014d94       0x98 H2BR0\H2BR0_dma.o
                0x08014d94                StopDMA
 .text.SwitchMsgDMAToStream
                0x08014e2c       0x52 H2BR0\H2BR0_dma.o
                0x08014e2c                SwitchMsgDMAToStream
 *fill*         0x08014e7e        0x2 
 .text.SwitchStreamDMAToMsg
                0x08014e80       0xc8 H2BR0\H2BR0_dma.o
                0x08014e80                SwitchStreamDMAToMsg
 .text.CRC_Init
                0x08014f48       0x44 H2BR0\H2BR0_dma.o
                0x08014f48                CRC_Init
 .text.HAL_CRC_MspInit
                0x08014f8c       0x30 H2BR0\H2BR0_dma.o
                0x08014f8c                HAL_CRC_MspInit
 .text.CalculateCRC8
                0x08014fbc      0x154 H2BR0\H2BR0_dma.o
                0x08014fbc                CalculateCRC8
 .text.__NVIC_SystemReset
                0x08015110       0x24 H2BR0\H2BR0_eeprom.o
 .text.EE_Init  0x08015134       0x56 H2BR0\H2BR0_eeprom.o
                0x08015134                EE_Init
 .text.EE_ReadVariable
                0x0801518a       0x42 H2BR0\H2BR0_eeprom.o
                0x0801518a                EE_ReadVariable
 .text.EE_WriteVariable
                0x080151cc       0x72 H2BR0\H2BR0_eeprom.o
                0x080151cc                EE_WriteVariable
 .text.EE_Format
                0x0801523e       0x3a H2BR0\H2BR0_eeprom.o
                0x0801523e                EE_Format
 .text.EE_FormatForFactoryReset
                0x08015278       0x2c H2BR0\H2BR0_eeprom.o
                0x08015278                EE_FormatForFactoryReset
 .text.GPIO_Init
                0x080152a4       0x90 H2BR0\H2BR0_gpio.o
                0x080152a4                GPIO_Init
 .text.IND_LED_Init
                0x08015334       0x38 H2BR0\H2BR0_gpio.o
                0x08015334                IND_LED_Init
 .text.IsFactoryReset
                0x0801536c      0x15c H2BR0\H2BR0_gpio.o
                0x0801536c                IsFactoryReset
 .text.GetPortGPIOs
                0x080154c8      0x11c H2BR0\H2BR0_gpio.o
                0x080154c8                GetPortGPIOs
 .text.MX_ADC_Init
                0x080155e4       0x88 H2BR0\H2BR0_inputs.o
                0x080155e4                MX_ADC_Init
 .text.Error_Handler
                0x0801566c       0x10 H2BR0\H2BR0_inputs.o
                0x0801566c                Error_Handler
 .text.GetChannel
                0x0801567c       0xac H2BR0\H2BR0_inputs.o
                0x0801567c                GetChannel
 .text.GetRank  0x08015728       0xa4 H2BR0\H2BR0_inputs.o
                0x08015728                GetRank
 .text.CheckAttachedButtons
                0x080157cc      0x580 H2BR0\H2BR0_inputs.o
                0x080157cc                CheckAttachedButtons
 .text.AddPortButton
                0x08015d4c      0x268 H2BR0\H2BR0_inputs.o
                0x08015d4c                AddPortButton
 .text.RemovePortButton
                0x08015fb4      0x194 H2BR0\H2BR0_inputs.o
                0x08015fb4                RemovePortButton
 .text.SetButtonEvents
                0x08016148      0x174 H2BR0\H2BR0_inputs.o
                0x08016148                SetButtonEvents
 .text.ADCSelectChannel
                0x080162bc       0xac H2BR0\H2BR0_inputs.o
                0x080162bc                ADCSelectChannel
 .text.ReadADCChannel
                0x08016368      0x10c H2BR0\H2BR0_inputs.o
                0x08016368                ReadADCChannel
 .text.ReadTempAndVref
                0x08016474      0x1f0 H2BR0\H2BR0_inputs.o
                0x08016474                ReadTempAndVref
 .text.GetReadPrecentage
                0x08016664      0x21c H2BR0\H2BR0_inputs.o
                0x08016664                GetReadPrecentage
 .text.buttonReleasedCallback
                0x08016880       0x14 H2BR0\H2BR0_inputs.o
                0x08016880                buttonReleasedCallback
 .text.buttonClickedCallback
                0x08016894       0x14 H2BR0\H2BR0_inputs.o
                0x08016894                buttonClickedCallback
 .text.buttonDblClickedCallback
                0x080168a8       0x14 H2BR0\H2BR0_inputs.o
                0x080168a8                buttonDblClickedCallback
 .text.__NVIC_SystemReset
                0x080168bc       0x24 H2BR0\H2BR0_it.o
 .text.SysTick_Handler
                0x080168e0       0x12 H2BR0\H2BR0_it.o
                0x080168e0                SysTick_Handler
 *fill*         0x080168f2        0x2 
 .text.HardFault_Handler
                0x080168f4       0x40 H2BR0\H2BR0_it.o
                0x080168f4                HardFault_Handler
 .text.HAL_UARTEx_RxEventCallback
                0x08016934       0x74 H2BR0\H2BR0_it.o
                0x08016934                HAL_UARTEx_RxEventCallback
 .text.TIM2_IRQHandler
                0x080169a8       0x18 H2BR0\H2BR0_it.o
                0x080169a8                TIM2_IRQHandler
 .text.USART1_IRQHandler
                0x080169c0       0xac H2BR0\H2BR0_it.o
                0x080169c0                USART1_IRQHandler
 .text.USART2_LPUART2_IRQHandler
                0x08016a6c       0xac H2BR0\H2BR0_it.o
                0x08016a6c                USART2_LPUART2_IRQHandler
 .text.USART3_4_5_6_LPUART1_IRQHandler
                0x08016b18      0x1bc H2BR0\H2BR0_it.o
                0x08016b18                USART3_4_5_6_LPUART1_IRQHandler
 .text.DMA1_Channel1_IRQHandler
                0x08016cd4       0x20 H2BR0\H2BR0_it.o
                0x08016cd4                DMA1_Channel1_IRQHandler
 .text.DMA1_Channel2_3_IRQHandler
                0x08016cf4       0x54 H2BR0\H2BR0_it.o
                0x08016cf4                DMA1_Channel2_3_IRQHandler
 .text.DMA1_Ch4_7_DMA2_Ch1_5_DMAMUX1_OVR_IRQHandler
                0x08016d48       0x78 H2BR0\H2BR0_it.o
                0x08016d48                DMA1_Ch4_7_DMA2_Ch1_5_DMAMUX1_OVR_IRQHandler
 .text.HAL_UART_TxCpltCallback
                0x08016dc0       0x38 H2BR0\H2BR0_it.o
                0x08016dc0                HAL_UART_TxCpltCallback
 .text.HAL_UART_ErrorCallback
                0x08016df8       0xd4 H2BR0\H2BR0_it.o
                0x08016df8                HAL_UART_ErrorCallback
 .text.HAL_UART_RxCpltCallback
                0x08016ecc       0x10 H2BR0\H2BR0_it.o
                0x08016ecc                HAL_UART_RxCpltCallback
 .text.HAL_UARTEx_WakeupCallback
                0x08016edc       0x5c H2BR0\H2BR0_it.o
                0x08016edc                HAL_UARTEx_WakeupCallback
 .text.vApplicationStackOverflowHook
                0x08016f38       0x44 H2BR0\H2BR0_it.o
                0x08016f38                vApplicationStackOverflowHook
 .text.vApplicationMallocFailedHook
                0x08016f7c       0x40 H2BR0\H2BR0_it.o
                0x08016f7c                vApplicationMallocFailedHook
 .text.RTC_Init
                0x08016fbc       0xd8 H2BR0\H2BR0_rtc.o
                0x08016fbc                RTC_Init
 .text.RTC_CalendarConfig
                0x08017094      0x18c H2BR0\H2BR0_rtc.o
                0x08017094                RTC_CalendarConfig
 .text.BOS_CalendarConfig
                0x08017220      0x194 H2BR0\H2BR0_rtc.o
                0x08017220                BOS_CalendarConfig
 .text.GetTimeDate
                0x080173b4       0x90 H2BR0\H2BR0_rtc.o
                0x080173b4                GetTimeDate
 .text.HAL_RTC_MspInit
                0x08017444       0x74 H2BR0\H2BR0_rtc.o
                0x08017444                HAL_RTC_MspInit
 .text.HAL_RTC_MspDeInit
                0x080174b8       0x44 H2BR0\H2BR0_rtc.o
                0x080174b8                HAL_RTC_MspDeInit
 .text.MX_TIM2_Init
                0x080174fc       0x8c H2BR0\H2BR0_timers.o
                0x080174fc                MX_TIM2_Init
 .text.TIM_USEC_Init
                0x08017588       0x74 H2BR0\H2BR0_timers.o
                0x08017588                TIM_USEC_Init
 .text.TIM_MSEC_Init
                0x080175fc       0x78 H2BR0\H2BR0_timers.o
                0x080175fc                TIM_MSEC_Init
 .text.HAL_TIM_Base_MspInit
                0x08017674       0x48 H2BR0\H2BR0_timers.o
                0x08017674                HAL_TIM_Base_MspInit
 .text.StartMicroDelay
                0x080176bc       0x48 H2BR0\H2BR0_timers.o
                0x080176bc                StartMicroDelay
 .text.StartMilliDelay
                0x08017704       0x48 H2BR0\H2BR0_timers.o
                0x08017704                StartMilliDelay
 .text.MX_USART1_UART_Init
                0x0801774c       0x7c H2BR0\H2BR0_uart.o
                0x0801774c                MX_USART1_UART_Init
 .text.MX_USART2_UART_Init
                0x080177c8       0x7c H2BR0\H2BR0_uart.o
                0x080177c8                MX_USART2_UART_Init
 .text.MX_USART3_UART_Init
                0x08017844       0x7c H2BR0\H2BR0_uart.o
                0x08017844                MX_USART3_UART_Init
 .text.MX_USART5_UART_Init
                0x080178c0       0x60 H2BR0\H2BR0_uart.o
                0x080178c0                MX_USART5_UART_Init
 .text.MX_USART6_UART_Init
                0x08017920       0x60 H2BR0\H2BR0_uart.o
                0x08017920                MX_USART6_UART_Init
 .text.HAL_UART_MspInit
                0x08017980      0x52c H2BR0\H2BR0_uart.o
                0x08017980                HAL_UART_MspInit
 .text.writePxMutex
                0x08017eac       0xac H2BR0\H2BR0_uart.o
                0x08017eac                writePxMutex
 .text.writePxITMutex
                0x08017f58       0x80 H2BR0\H2BR0_uart.o
                0x08017f58                writePxITMutex
 .text.UpdateBaudrate
                0x08017fd8       0x3e H2BR0\H2BR0_uart.o
                0x08017fd8                UpdateBaudrate
 *fill*         0x08018016        0x2 
 .text.GetUart  0x08018018       0x54 H2BR0\H2BR0_uart.o
                0x08018018                GetUart
 .text.SwapUartPins
                0x0801806c      0x118 H2BR0\H2BR0_uart.o
                0x0801806c                SwapUartPins
 .text.ReadPortsDir
                0x08018184       0xa8 H2BR0\H2BR0_uart.o
                0x08018184                ReadPortsDir
 .text.ReadPortsDirMSG
                0x0801822c       0x80 H2BR0\H2BR0_uart.o
                0x0801822c                ReadPortsDirMSG
 .text.UpdateMyPortsDir
                0x080182ac       0x84 H2BR0\H2BR0_uart.o
                0x080182ac                UpdateMyPortsDir
 .text.Reset_Handler
                0x08018330       0x90 H2BR0\startup_stm32g0b1ceuxn.o
                0x08018330                Reset_Handler
 .text.Default_Handler
                0x080183c0        0x2 H2BR0\startup_stm32g0b1ceuxn.o
                0x080183c0                I2C2_3_IRQHandler
                0x080183c0                TIM1_CC_IRQHandler
                0x080183c0                ADC1_COMP_IRQHandler
                0x080183c0                NMI_Handler
                0x080183c0                I2C1_IRQHandler
                0x080183c0                TIM7_LPTIM2_IRQHandler
                0x080183c0                TIM17_FDCAN_IT1_IRQHandler
                0x080183c0                RCC_CRS_IRQHandler
                0x080183c0                RTC_TAMP_IRQHandler
                0x080183c0                SPI1_IRQHandler
                0x080183c0                USB_UCPD1_2_IRQHandler
                0x080183c0                EXTI2_3_IRQHandler
                0x080183c0                PVD_VDDIO2_IRQHandler
                0x080183c0                EXTI4_15_IRQHandler
                0x080183c0                Default_Handler
                0x080183c0                CEC_IRQHandler
                0x080183c0                TIM14_IRQHandler
                0x080183c0                TIM15_IRQHandler
                0x080183c0                TIM3_TIM4_IRQHandler
                0x080183c0                EXTI0_1_IRQHandler
                0x080183c0                SPI2_3_IRQHandler
                0x080183c0                TIM6_DAC_LPTIM1_IRQHandler
                0x080183c0                WWDG_IRQHandler
                0x080183c0                FLASH_IRQHandler
                0x080183c0                TIM16_FDCAN_IT0_IRQHandler
                0x080183c0                TIM1_BRK_UP_TRG_COM_IRQHandler
 .text.SystemInit
                0x080183c2        0xa Thirdparty\CMSIS\STM32G0xx\Device\ST\STM32G0xx\Source\Templates\system_stm32g0xx.o
                0x080183c2                SystemInit
 .text.LL_CRC_ResetCRCCalculationUnit
                0x080183cc       0x1c Thirdparty\EEPROM_Emul\Core\eeprom_emul.o
 .text.LL_CRC_SetPolynomialSize
                0x080183e8       0x24 Thirdparty\EEPROM_Emul\Core\eeprom_emul.o
 .text.LL_CRC_SetPolynomialCoef
                0x0801840c       0x18 Thirdparty\EEPROM_Emul\Core\eeprom_emul.o
 .text.LL_CRC_FeedData32
                0x08018424       0x18 Thirdparty\EEPROM_Emul\Core\eeprom_emul.o
 .text.LL_CRC_FeedData16
                0x0801843c       0x22 Thirdparty\EEPROM_Emul\Core\eeprom_emul.o
 .text.LL_CRC_ReadData16
                0x0801845e       0x16 Thirdparty\EEPROM_Emul\Core\eeprom_emul.o
 .text.LL_AHB1_GRP1_EnableClock
                0x08018474       0x2c Thirdparty\EEPROM_Emul\Core\eeprom_emul.o
 .text.EEPROM_Init
                0x080184a0     0x1874 Thirdparty\EEPROM_Emul\Core\eeprom_emul.o
                0x080184a0                EEPROM_Init
 .text.EEPROM_Format
                0x08019d14      0x2a8 Thirdparty\EEPROM_Emul\Core\eeprom_emul.o
                0x08019d14                EEPROM_Format
 .text.EE_ReadVariable16bits
                0x08019fbc       0x60 Thirdparty\EEPROM_Emul\Core\eeprom_emul.o
                0x08019fbc                EE_ReadVariable16bits
 .text.EE_WriteVariable16bits
                0x0801a01c       0x48 Thirdparty\EEPROM_Emul\Core\eeprom_emul.o
                0x0801a01c                EE_WriteVariable16bits
 .text.EE_CleanUp
                0x0801a064      0x2a4 Thirdparty\EEPROM_Emul\Core\eeprom_emul.o
                0x0801a064                EE_CleanUp
 .text.ReadVariable
                0x0801a308      0x340 Thirdparty\EEPROM_Emul\Core\eeprom_emul.o
 .text.WriteVariable
                0x0801a648       0x52 Thirdparty\EEPROM_Emul\Core\eeprom_emul.o
 .text.VerifyPageFullyErased
                0x0801a69a       0x4e Thirdparty\EEPROM_Emul\Core\eeprom_emul.o
 .text.FindPage
                0x0801a6e8      0x444 Thirdparty\EEPROM_Emul\Core\eeprom_emul.o
 .text.PagesTransfer
                0x0801ab2c      0x8ec Thirdparty\EEPROM_Emul\Core\eeprom_emul.o
 .text.VerifyPagesFullWriteVariable
                0x0801b418      0x1ac Thirdparty\EEPROM_Emul\Core\eeprom_emul.o
 .text.SetPageState
                0x0801b5c4      0x364 Thirdparty\EEPROM_Emul\Core\eeprom_emul.o
 .text.GetPageState
                0x0801b928       0xa0 Thirdparty\EEPROM_Emul\Core\eeprom_emul.o
 .text.ConfigureCrc
                0x0801b9c8       0x34 Thirdparty\EEPROM_Emul\Core\eeprom_emul.o
                0x0801b9c8                ConfigureCrc
 .text.CalculateCrc
                0x0801b9fc       0x48 Thirdparty\EEPROM_Emul\Core\eeprom_emul.o
                0x0801b9fc                CalculateCrc
 .text.FI_WriteDoubleWord
                0x0801ba44       0x22 Thirdparty\EEPROM_Emul\Porting\STM32G0\flash_interface.o
                0x0801ba44                FI_WriteDoubleWord
 *fill*         0x0801ba66        0x2 
 .text.FI_PageErase
                0x0801ba68      0x120 Thirdparty\EEPROM_Emul\Porting\STM32G0\flash_interface.o
                0x0801ba68                FI_PageErase
 .text.FI_CacheFlush
                0x0801bb88        0xa Thirdparty\EEPROM_Emul\Porting\STM32G0\flash_interface.o
                0x0801bb88                FI_CacheFlush
 *fill*         0x0801bb92        0x2 
 .text.GetBankNumber
                0x0801bb94       0x90 Thirdparty\EEPROM_Emul\Porting\STM32G0\flash_interface.o
 .text.FI_CheckBankConfig
                0x0801bc24       0x18 Thirdparty\EEPROM_Emul\Porting\STM32G0\flash_interface.o
                0x0801bc24                FI_CheckBankConfig
 .text.inHandlerMode
                0x0801bc3c       0x1c Thirdparty\Middleware\STM32G0xx\FreeRTOS\Source\CMSIS_RTOS\cmsis_os.o
 .text.osKernelStart
                0x0801bc58       0x10 Thirdparty\Middleware\STM32G0xx\FreeRTOS\Source\CMSIS_RTOS\cmsis_os.o
                0x0801bc58                osKernelStart
 .text.osDelay  0x0801bc68       0x28 Thirdparty\Middleware\STM32G0xx\FreeRTOS\Source\CMSIS_RTOS\cmsis_os.o
                0x0801bc68                osDelay
 .text.osSemaphoreCreate
                0x0801bc90       0x4a Thirdparty\Middleware\STM32G0xx\FreeRTOS\Source\CMSIS_RTOS\cmsis_os.o
                0x0801bc90                osSemaphoreCreate
 *fill*         0x0801bcda        0x2 
 .text.osSemaphoreWait
                0x0801bcdc       0x94 Thirdparty\Middleware\STM32G0xx\FreeRTOS\Source\CMSIS_RTOS\cmsis_os.o
                0x0801bcdc                osSemaphoreWait
 .text.osSemaphoreRelease
                0x0801bd70       0x64 Thirdparty\Middleware\STM32G0xx\FreeRTOS\Source\CMSIS_RTOS\cmsis_os.o
                0x0801bd70                osSemaphoreRelease
 .text.osSystickHandler
                0x0801bdd4       0x18 Thirdparty\Middleware\STM32G0xx\FreeRTOS\Source\CMSIS_RTOS\cmsis_os.o
                0x0801bdd4                osSystickHandler
 .text.FreeRTOS_CLIRegisterCommand
                0x0801bdec       0x50 Thirdparty\Middleware\STM32G0xx\FreeRTOS\Source\FreeRTOS_CLI.o
                0x0801bdec                FreeRTOS_CLIRegisterCommand
 .text.FreeRTOS_CLIProcessCommand
                0x0801be3c      0x11c Thirdparty\Middleware\STM32G0xx\FreeRTOS\Source\FreeRTOS_CLI.o
                0x0801be3c                FreeRTOS_CLIProcessCommand
 .text.FreeRTOS_CLIGetOutputBuffer
                0x0801bf58       0x10 Thirdparty\Middleware\STM32G0xx\FreeRTOS\Source\FreeRTOS_CLI.o
                0x0801bf58                FreeRTOS_CLIGetOutputBuffer
 .text.FreeRTOS_CLIGetParameter
                0x0801bf68       0xbc Thirdparty\Middleware\STM32G0xx\FreeRTOS\Source\FreeRTOS_CLI.o
                0x0801bf68                FreeRTOS_CLIGetParameter
 .text.prvHelpCommand
                0x0801c024      0x154 Thirdparty\Middleware\STM32G0xx\FreeRTOS\Source\FreeRTOS_CLI.o
 .text.prvGetNumberOfParameters
                0x0801c178       0x7a Thirdparty\Middleware\STM32G0xx\FreeRTOS\Source\FreeRTOS_CLI.o
 .text.vListInitialise
                0x0801c1f2       0x3c Thirdparty\Middleware\STM32G0xx\FreeRTOS\Source\list.o
                0x0801c1f2                vListInitialise
 .text.vListInitialiseItem
                0x0801c22e       0x16 Thirdparty\Middleware\STM32G0xx\FreeRTOS\Source\list.o
                0x0801c22e                vListInitialiseItem
 .text.vListInsertEnd
                0x0801c244       0x44 Thirdparty\Middleware\STM32G0xx\FreeRTOS\Source\list.o
                0x0801c244                vListInsertEnd
 .text.vListInsert
                0x0801c288       0x6c Thirdparty\Middleware\STM32G0xx\FreeRTOS\Source\list.o
                0x0801c288                vListInsert
 .text.uxListRemove
                0x0801c2f4       0x50 Thirdparty\Middleware\STM32G0xx\FreeRTOS\Source\list.o
                0x0801c2f4                uxListRemove
 .text.pxPortInitialiseStack
                0x0801c344       0x54 Thirdparty\Middleware\STM32G0xx\FreeRTOS\Source\portable\GCC\ARM_CM0\port.o
                0x0801c344                pxPortInitialiseStack
 .text.prvTaskExitError
                0x0801c398       0x1e Thirdparty\Middleware\STM32G0xx\FreeRTOS\Source\portable\GCC\ARM_CM0\port.o
 .text.SVC_Handler
                0x0801c3b6        0xa Thirdparty\Middleware\STM32G0xx\FreeRTOS\Source\portable\GCC\ARM_CM0\port.o
                0x0801c3b6                SVC_Handler
 .text.vPortStartFirstTask
                0x0801c3c0       0x38 Thirdparty\Middleware\STM32G0xx\FreeRTOS\Source\portable\GCC\ARM_CM0\port.o
 .text.xPortStartScheduler
                0x0801c3f8       0x48 Thirdparty\Middleware\STM32G0xx\FreeRTOS\Source\portable\GCC\ARM_CM0\port.o
                0x0801c3f8                xPortStartScheduler
 .text.vPortYield
                0x0801c440       0x20 Thirdparty\Middleware\STM32G0xx\FreeRTOS\Source\portable\GCC\ARM_CM0\port.o
                0x0801c440                vPortYield
 .text.vPortEnterCritical
                0x0801c460       0x24 Thirdparty\Middleware\STM32G0xx\FreeRTOS\Source\portable\GCC\ARM_CM0\port.o
                0x0801c460                vPortEnterCritical
 .text.vPortExitCritical
                0x0801c484       0x24 Thirdparty\Middleware\STM32G0xx\FreeRTOS\Source\portable\GCC\ARM_CM0\port.o
                0x0801c484                vPortExitCritical
 .text.ulSetInterruptMaskFromISR
                0x0801c4a8        0xc Thirdparty\Middleware\STM32G0xx\FreeRTOS\Source\portable\GCC\ARM_CM0\port.o
                0x0801c4a8                ulSetInterruptMaskFromISR
 .text.vClearInterruptMaskFromISR
                0x0801c4b4        0x8 Thirdparty\Middleware\STM32G0xx\FreeRTOS\Source\portable\GCC\ARM_CM0\port.o
                0x0801c4b4                vClearInterruptMaskFromISR
 *fill*         0x0801c4bc        0x4 
 .text.PendSV_Handler
                0x0801c4c0       0x48 Thirdparty\Middleware\STM32G0xx\FreeRTOS\Source\portable\GCC\ARM_CM0\port.o
                0x0801c4c0                PendSV_Handler
 .text.xPortSysTickHandler
                0x0801c508       0x34 Thirdparty\Middleware\STM32G0xx\FreeRTOS\Source\portable\GCC\ARM_CM0\port.o
                0x0801c508                xPortSysTickHandler
 .text.vPortSetupTimerInterrupt
                0x0801c53c       0x44 Thirdparty\Middleware\STM32G0xx\FreeRTOS\Source\portable\GCC\ARM_CM0\port.o
                0x0801c53c                vPortSetupTimerInterrupt
 .text.pvPortMalloc
                0x0801c580      0x140 Thirdparty\Middleware\STM32G0xx\FreeRTOS\Source\portable\MemMang\heap_4.o
                0x0801c580                pvPortMalloc
 .text.vPortFree
                0x0801c6c0       0x80 Thirdparty\Middleware\STM32G0xx\FreeRTOS\Source\portable\MemMang\heap_4.o
                0x0801c6c0                vPortFree
 .text.prvHeapInit
                0x0801c740       0xc0 Thirdparty\Middleware\STM32G0xx\FreeRTOS\Source\portable\MemMang\heap_4.o
 .text.prvInsertBlockIntoFreeList
                0x0801c800       0xb0 Thirdparty\Middleware\STM32G0xx\FreeRTOS\Source\portable\MemMang\heap_4.o
 .text.xQueueGenericReset
                0x0801c8b0       0x9e Thirdparty\Middleware\STM32G0xx\FreeRTOS\Source\queue.o
                0x0801c8b0                xQueueGenericReset
 .text.xQueueGenericCreate
                0x0801c94e       0x52 Thirdparty\Middleware\STM32G0xx\FreeRTOS\Source\queue.o
                0x0801c94e                xQueueGenericCreate
 .text.prvInitialiseNewQueue
                0x0801c9a0       0x4e Thirdparty\Middleware\STM32G0xx\FreeRTOS\Source\queue.o
 .text.xQueueCreateCountingSemaphore
                0x0801c9ee       0x30 Thirdparty\Middleware\STM32G0xx\FreeRTOS\Source\queue.o
                0x0801c9ee                xQueueCreateCountingSemaphore
 .text.xQueueGenericSend
                0x0801ca1e      0x12a Thirdparty\Middleware\STM32G0xx\FreeRTOS\Source\queue.o
                0x0801ca1e                xQueueGenericSend
 .text.xQueueGenericSendFromISR
                0x0801cb48       0xa6 Thirdparty\Middleware\STM32G0xx\FreeRTOS\Source\queue.o
                0x0801cb48                xQueueGenericSendFromISR
 .text.xQueueGiveFromISR
                0x0801cbee       0x96 Thirdparty\Middleware\STM32G0xx\FreeRTOS\Source\queue.o
                0x0801cbee                xQueueGiveFromISR
 .text.xQueueReceive
                0x0801cc84      0x128 Thirdparty\Middleware\STM32G0xx\FreeRTOS\Source\queue.o
                0x0801cc84                xQueueReceive
 .text.xQueueSemaphoreTake
                0x0801cdac      0x178 Thirdparty\Middleware\STM32G0xx\FreeRTOS\Source\queue.o
                0x0801cdac                xQueueSemaphoreTake
 .text.xQueueReceiveFromISR
                0x0801cf24       0xa0 Thirdparty\Middleware\STM32G0xx\FreeRTOS\Source\queue.o
                0x0801cf24                xQueueReceiveFromISR
 .text.prvGetDisinheritPriorityAfterTimeout
                0x0801cfc4       0x2c Thirdparty\Middleware\STM32G0xx\FreeRTOS\Source\queue.o
 .text.prvCopyDataToQueue
                0x0801cff0       0xd6 Thirdparty\Middleware\STM32G0xx\FreeRTOS\Source\queue.o
 .text.prvCopyDataFromQueue
                0x0801d0c6       0x4c Thirdparty\Middleware\STM32G0xx\FreeRTOS\Source\queue.o
 .text.prvUnlockQueue
                0x0801d112       0xbc Thirdparty\Middleware\STM32G0xx\FreeRTOS\Source\queue.o
 .text.prvIsQueueEmpty
                0x0801d1ce       0x2c Thirdparty\Middleware\STM32G0xx\FreeRTOS\Source\queue.o
 .text.prvIsQueueFull
                0x0801d1fa       0x30 Thirdparty\Middleware\STM32G0xx\FreeRTOS\Source\queue.o
 *fill*         0x0801d22a        0x2 
 .text.vQueueAddToRegistry
                0x0801d22c       0x50 Thirdparty\Middleware\STM32G0xx\FreeRTOS\Source\queue.o
                0x0801d22c                vQueueAddToRegistry
 .text.vQueueWaitForMessageRestricted
                0x0801d27c       0x66 Thirdparty\Middleware\STM32G0xx\FreeRTOS\Source\queue.o
                0x0801d27c                vQueueWaitForMessageRestricted
 .text.xTaskCreate
                0x0801d2e2       0x90 Thirdparty\Middleware\STM32G0xx\FreeRTOS\Source\tasks.o
                0x0801d2e2                xTaskCreate
 *fill*         0x0801d372        0x2 
 .text.prvInitialiseNewTask
                0x0801d374      0x10c Thirdparty\Middleware\STM32G0xx\FreeRTOS\Source\tasks.o
 .text.prvAddNewTaskToReadyList
                0x0801d480       0xd0 Thirdparty\Middleware\STM32G0xx\FreeRTOS\Source\tasks.o
 .text.vTaskDelay
                0x0801d550       0x3a Thirdparty\Middleware\STM32G0xx\FreeRTOS\Source\tasks.o
                0x0801d550                vTaskDelay
 *fill*         0x0801d58a        0x2 
 .text.eTaskGetState
                0x0801d58c       0xd0 Thirdparty\Middleware\STM32G0xx\FreeRTOS\Source\tasks.o
                0x0801d58c                eTaskGetState
 .text.uxTaskPriorityGet
                0x0801d65c       0x34 Thirdparty\Middleware\STM32G0xx\FreeRTOS\Source\tasks.o
                0x0801d65c                uxTaskPriorityGet
 .text.vTaskPrioritySet
                0x0801d690      0x110 Thirdparty\Middleware\STM32G0xx\FreeRTOS\Source\tasks.o
                0x0801d690                vTaskPrioritySet
 .text.vTaskStartScheduler
                0x0801d7a0       0x74 Thirdparty\Middleware\STM32G0xx\FreeRTOS\Source\tasks.o
                0x0801d7a0                vTaskStartScheduler
 .text.vTaskSuspendAll
                0x0801d814       0x18 Thirdparty\Middleware\STM32G0xx\FreeRTOS\Source\tasks.o
                0x0801d814                vTaskSuspendAll
 .text.xTaskResumeAll
                0x0801d82c      0x10c Thirdparty\Middleware\STM32G0xx\FreeRTOS\Source\tasks.o
                0x0801d82c                xTaskResumeAll
 .text.xTaskGetTickCount
                0x0801d938       0x1c Thirdparty\Middleware\STM32G0xx\FreeRTOS\Source\tasks.o
                0x0801d938                xTaskGetTickCount
 .text.xTaskGetTickCountFromISR
                0x0801d954       0x20 Thirdparty\Middleware\STM32G0xx\FreeRTOS\Source\tasks.o
                0x0801d954                xTaskGetTickCountFromISR
 .text.uxTaskGetSystemState
                0x0801d974      0x120 Thirdparty\Middleware\STM32G0xx\FreeRTOS\Source\tasks.o
                0x0801d974                uxTaskGetSystemState
 .text.xTaskIncrementTick
                0x0801da94      0x150 Thirdparty\Middleware\STM32G0xx\FreeRTOS\Source\tasks.o
                0x0801da94                xTaskIncrementTick
 .text.vTaskSwitchContext
                0x0801dbe4      0x124 Thirdparty\Middleware\STM32G0xx\FreeRTOS\Source\tasks.o
                0x0801dbe4                vTaskSwitchContext
 .text.vTaskPlaceOnEventList
                0x0801dd08       0x34 Thirdparty\Middleware\STM32G0xx\FreeRTOS\Source\tasks.o
                0x0801dd08                vTaskPlaceOnEventList
 .text.vTaskPlaceOnEventListRestricted
                0x0801dd3c       0x44 Thirdparty\Middleware\STM32G0xx\FreeRTOS\Source\tasks.o
                0x0801dd3c                vTaskPlaceOnEventListRestricted
 .text.xTaskRemoveFromEventList
                0x0801dd80       0xb0 Thirdparty\Middleware\STM32G0xx\FreeRTOS\Source\tasks.o
                0x0801dd80                xTaskRemoveFromEventList
 .text.vTaskInternalSetTimeOutState
                0x0801de30       0x28 Thirdparty\Middleware\STM32G0xx\FreeRTOS\Source\tasks.o
                0x0801de30                vTaskInternalSetTimeOutState
 .text.xTaskCheckForTimeOut
                0x0801de58       0x8c Thirdparty\Middleware\STM32G0xx\FreeRTOS\Source\tasks.o
                0x0801de58                xTaskCheckForTimeOut
 .text.vTaskMissedYield
                0x0801dee4       0x14 Thirdparty\Middleware\STM32G0xx\FreeRTOS\Source\tasks.o
                0x0801dee4                vTaskMissedYield
 .text.prvIdleTask
                0x0801def8       0x20 Thirdparty\Middleware\STM32G0xx\FreeRTOS\Source\tasks.o
 .text.prvInitialiseTaskLists
                0x0801df18       0x88 Thirdparty\Middleware\STM32G0xx\FreeRTOS\Source\tasks.o
 .text.prvCheckTasksWaitingTermination
                0x0801dfa0       0x5c Thirdparty\Middleware\STM32G0xx\FreeRTOS\Source\tasks.o
 .text.vTaskGetInfo
                0x0801dffc       0xd8 Thirdparty\Middleware\STM32G0xx\FreeRTOS\Source\tasks.o
                0x0801dffc                vTaskGetInfo
 .text.prvListTasksWithinSingleList
                0x0801e0d4       0xa6 Thirdparty\Middleware\STM32G0xx\FreeRTOS\Source\tasks.o
 .text.prvTaskCheckFreeStackSpace
                0x0801e17a       0x34 Thirdparty\Middleware\STM32G0xx\FreeRTOS\Source\tasks.o
 .text.prvDeleteTCB
                0x0801e1ae       0x22 Thirdparty\Middleware\STM32G0xx\FreeRTOS\Source\tasks.o
 .text.prvResetNextTaskUnblockTime
                0x0801e1d0       0x3c Thirdparty\Middleware\STM32G0xx\FreeRTOS\Source\tasks.o
 .text.xTaskGetSchedulerState
                0x0801e20c       0x38 Thirdparty\Middleware\STM32G0xx\FreeRTOS\Source\tasks.o
                0x0801e20c                xTaskGetSchedulerState
 .text.xTaskPriorityInherit
                0x0801e244       0xd0 Thirdparty\Middleware\STM32G0xx\FreeRTOS\Source\tasks.o
                0x0801e244                xTaskPriorityInherit
 .text.xTaskPriorityDisinherit
                0x0801e314       0x98 Thirdparty\Middleware\STM32G0xx\FreeRTOS\Source\tasks.o
                0x0801e314                xTaskPriorityDisinherit
 .text.vTaskPriorityDisinheritAfterTimeout
                0x0801e3ac       0xc0 Thirdparty\Middleware\STM32G0xx\FreeRTOS\Source\tasks.o
                0x0801e3ac                vTaskPriorityDisinheritAfterTimeout
 .text.prvWriteNameToBuffer
                0x0801e46c       0x52 Thirdparty\Middleware\STM32G0xx\FreeRTOS\Source\tasks.o
 *fill*         0x0801e4be        0x2 
 .text.vTaskList
                0x0801e4c0      0x14c Thirdparty\Middleware\STM32G0xx\FreeRTOS\Source\tasks.o
                0x0801e4c0                vTaskList
 .text.vTaskGetRunTimeStats
                0x0801e60c      0x118 Thirdparty\Middleware\STM32G0xx\FreeRTOS\Source\tasks.o
                0x0801e60c                vTaskGetRunTimeStats
 .text.pvTaskIncrementMutexHeldCount
                0x0801e724       0x24 Thirdparty\Middleware\STM32G0xx\FreeRTOS\Source\tasks.o
                0x0801e724                pvTaskIncrementMutexHeldCount
 .text.ulTaskNotifyTake
                0x0801e748       0x84 Thirdparty\Middleware\STM32G0xx\FreeRTOS\Source\tasks.o
                0x0801e748                ulTaskNotifyTake
 .text.xTaskGenericNotify
                0x0801e7cc      0x104 Thirdparty\Middleware\STM32G0xx\FreeRTOS\Source\tasks.o
                0x0801e7cc                xTaskGenericNotify
 .text.xTaskGenericNotifyFromISR
                0x0801e8d0      0x140 Thirdparty\Middleware\STM32G0xx\FreeRTOS\Source\tasks.o
                0x0801e8d0                xTaskGenericNotifyFromISR
 .text.vTaskNotifyGiveFromISR
                0x0801ea10       0xd8 Thirdparty\Middleware\STM32G0xx\FreeRTOS\Source\tasks.o
                0x0801ea10                vTaskNotifyGiveFromISR
 .text.prvAddCurrentTaskToDelayedList
                0x0801eae8       0xa8 Thirdparty\Middleware\STM32G0xx\FreeRTOS\Source\tasks.o
 .text.xTimerCreateTimerTask
                0x0801eb90       0x4c Thirdparty\Middleware\STM32G0xx\FreeRTOS\Source\timers.o
                0x0801eb90                xTimerCreateTimerTask
 .text.xTimerCreate
                0x0801ebdc       0x46 Thirdparty\Middleware\STM32G0xx\FreeRTOS\Source\timers.o
                0x0801ebdc                xTimerCreate
 .text.prvInitialiseNewTimer
                0x0801ec22       0x5a Thirdparty\Middleware\STM32G0xx\FreeRTOS\Source\timers.o
 .text.xTimerGenericCommand
                0x0801ec7c       0x8c Thirdparty\Middleware\STM32G0xx\FreeRTOS\Source\timers.o
                0x0801ec7c                xTimerGenericCommand
 .text.prvProcessExpiredTimer
                0x0801ed08       0x80 Thirdparty\Middleware\STM32G0xx\FreeRTOS\Source\timers.o
 .text.prvTimerTask
                0x0801ed88       0x28 Thirdparty\Middleware\STM32G0xx\FreeRTOS\Source\timers.o
 .text.prvProcessTimerOrBlockTask
                0x0801edb0       0x90 Thirdparty\Middleware\STM32G0xx\FreeRTOS\Source\timers.o
 .text.prvGetNextExpireTime
                0x0801ee40       0x44 Thirdparty\Middleware\STM32G0xx\FreeRTOS\Source\timers.o
 .text.prvSampleTimeNow
                0x0801ee84       0x40 Thirdparty\Middleware\STM32G0xx\FreeRTOS\Source\timers.o
 .text.prvInsertTimerInActiveList
                0x0801eec4       0x84 Thirdparty\Middleware\STM32G0xx\FreeRTOS\Source\timers.o
 .text.prvProcessReceivedCommands
                0x0801ef48      0x16c Thirdparty\Middleware\STM32G0xx\FreeRTOS\Source\timers.o
 .text.prvSwitchTimerLists
                0x0801f0b4       0xb0 Thirdparty\Middleware\STM32G0xx\FreeRTOS\Source\timers.o
 .text.prvCheckForValidListAndQueue
                0x0801f164       0x74 Thirdparty\Middleware\STM32G0xx\FreeRTOS\Source\timers.o
 .text.HAL_Init
                0x0801f1d8       0x40 Thirdparty\STM32G0xx_HAL_Driver\Src\stm32g0xx_hal.o
                0x0801f1d8                HAL_Init
 .text.HAL_InitTick
                0x0801f218       0x94 Thirdparty\STM32G0xx_HAL_Driver\Src\stm32g0xx_hal.o
                0x0801f218                HAL_InitTick
 .text.HAL_IncTick
                0x0801f2ac       0x24 Thirdparty\STM32G0xx_HAL_Driver\Src\stm32g0xx_hal.o
                0x0801f2ac                HAL_IncTick
 .text.HAL_GetTick
                0x0801f2d0       0x14 Thirdparty\STM32G0xx_HAL_Driver\Src\stm32g0xx_hal.o
                0x0801f2d0                HAL_GetTick
 .text.HAL_Delay
                0x0801f2e4       0x48 Thirdparty\STM32G0xx_HAL_Driver\Src\stm32g0xx_hal.o
                0x0801f2e4                HAL_Delay
 .text.HAL_GetREVID
                0x0801f32c       0x18 Thirdparty\STM32G0xx_HAL_Driver\Src\stm32g0xx_hal.o
                0x0801f32c                HAL_GetREVID
 .text.HAL_GetDEVID
                0x0801f344       0x18 Thirdparty\STM32G0xx_HAL_Driver\Src\stm32g0xx_hal.o
                0x0801f344                HAL_GetDEVID
 .text.LL_ADC_SetCommonPathInternalCh
                0x0801f35c       0x28 Thirdparty\STM32G0xx_HAL_Driver\Src\stm32g0xx_hal_adc.o
 .text.LL_ADC_GetCommonPathInternalCh
                0x0801f384       0x1a Thirdparty\STM32G0xx_HAL_Driver\Src\stm32g0xx_hal_adc.o
 .text.LL_ADC_SetSamplingTimeCommonChannels
                0x0801f39e       0x3a Thirdparty\STM32G0xx_HAL_Driver\Src\stm32g0xx_hal_adc.o
 .text.LL_ADC_GetSamplingTimeCommonChannels
                0x0801f3d8       0x2e Thirdparty\STM32G0xx_HAL_Driver\Src\stm32g0xx_hal_adc.o
 .text.LL_ADC_REG_IsTriggerSourceSWStart
                0x0801f406       0x22 Thirdparty\STM32G0xx_HAL_Driver\Src\stm32g0xx_hal_adc.o
 .text.LL_ADC_REG_SetSequencerRanks
                0x0801f428       0x40 Thirdparty\STM32G0xx_HAL_Driver\Src\stm32g0xx_hal_adc.o
 .text.LL_ADC_REG_SetSequencerChAdd
                0x0801f468       0x22 Thirdparty\STM32G0xx_HAL_Driver\Src\stm32g0xx_hal_adc.o
 .text.LL_ADC_REG_SetSequencerChRem
                0x0801f48a       0x24 Thirdparty\STM32G0xx_HAL_Driver\Src\stm32g0xx_hal_adc.o
 *fill*         0x0801f4ae        0x2 
 .text.LL_ADC_SetChannelSamplingTime
                0x0801f4b0       0x38 Thirdparty\STM32G0xx_HAL_Driver\Src\stm32g0xx_hal_adc.o
 .text.LL_ADC_EnableInternalRegulator
                0x0801f4e8       0x28 Thirdparty\STM32G0xx_HAL_Driver\Src\stm32g0xx_hal_adc.o
 .text.LL_ADC_IsInternalRegulatorEnabled
                0x0801f510       0x28 Thirdparty\STM32G0xx_HAL_Driver\Src\stm32g0xx_hal_adc.o
 .text.LL_ADC_Enable
                0x0801f538       0x24 Thirdparty\STM32G0xx_HAL_Driver\Src\stm32g0xx_hal_adc.o
 .text.LL_ADC_Disable
                0x0801f55c       0x24 Thirdparty\STM32G0xx_HAL_Driver\Src\stm32g0xx_hal_adc.o
 .text.LL_ADC_IsEnabled
                0x0801f580       0x22 Thirdparty\STM32G0xx_HAL_Driver\Src\stm32g0xx_hal_adc.o
 .text.LL_ADC_IsDisableOngoing
                0x0801f5a2       0x22 Thirdparty\STM32G0xx_HAL_Driver\Src\stm32g0xx_hal_adc.o
 .text.LL_ADC_REG_StartConversion
                0x0801f5c4       0x24 Thirdparty\STM32G0xx_HAL_Driver\Src\stm32g0xx_hal_adc.o
 .text.LL_ADC_REG_StopConversion
                0x0801f5e8       0x24 Thirdparty\STM32G0xx_HAL_Driver\Src\stm32g0xx_hal_adc.o
 .text.LL_ADC_REG_IsConversionOngoing
                0x0801f60c       0x22 Thirdparty\STM32G0xx_HAL_Driver\Src\stm32g0xx_hal_adc.o
 *fill*         0x0801f62e        0x2 
 .text.HAL_ADC_Init
                0x0801f630      0x350 Thirdparty\STM32G0xx_HAL_Driver\Src\stm32g0xx_hal_adc.o
                0x0801f630                HAL_ADC_Init
 .text.HAL_ADC_Start
                0x0801f980       0x9c Thirdparty\STM32G0xx_HAL_Driver\Src\stm32g0xx_hal_adc.o
                0x0801f980                HAL_ADC_Start
 .text.HAL_ADC_Stop
                0x0801fa1c       0x78 Thirdparty\STM32G0xx_HAL_Driver\Src\stm32g0xx_hal_adc.o
                0x0801fa1c                HAL_ADC_Stop
 .text.HAL_ADC_PollForConversion
                0x0801fa94      0x128 Thirdparty\STM32G0xx_HAL_Driver\Src\stm32g0xx_hal_adc.o
                0x0801fa94                HAL_ADC_PollForConversion
 .text.HAL_ADC_Start_DMA
                0x0801fbbc      0x11c Thirdparty\STM32G0xx_HAL_Driver\Src\stm32g0xx_hal_adc.o
                0x0801fbbc                HAL_ADC_Start_DMA
 .text.HAL_ADC_GetValue
                0x0801fcd8       0x16 Thirdparty\STM32G0xx_HAL_Driver\Src\stm32g0xx_hal_adc.o
                0x0801fcd8                HAL_ADC_GetValue
 .text.HAL_ADC_ConvCpltCallback
                0x0801fcee       0x10 Thirdparty\STM32G0xx_HAL_Driver\Src\stm32g0xx_hal_adc.o
                0x0801fcee                HAL_ADC_ConvCpltCallback
 .text.HAL_ADC_ConvHalfCpltCallback
                0x0801fcfe       0x10 Thirdparty\STM32G0xx_HAL_Driver\Src\stm32g0xx_hal_adc.o
                0x0801fcfe                HAL_ADC_ConvHalfCpltCallback
 .text.HAL_ADC_ErrorCallback
                0x0801fd0e       0x10 Thirdparty\STM32G0xx_HAL_Driver\Src\stm32g0xx_hal_adc.o
                0x0801fd0e                HAL_ADC_ErrorCallback
 *fill*         0x0801fd1e        0x2 
 .text.HAL_ADC_ConfigChannel
                0x0801fd20      0x3b0 Thirdparty\STM32G0xx_HAL_Driver\Src\stm32g0xx_hal_adc.o
                0x0801fd20                HAL_ADC_ConfigChannel
 .text.ADC_ConversionStop
                0x080200d0       0x84 Thirdparty\STM32G0xx_HAL_Driver\Src\stm32g0xx_hal_adc.o
                0x080200d0                ADC_ConversionStop
 .text.ADC_Enable
                0x08020154      0x10c Thirdparty\STM32G0xx_HAL_Driver\Src\stm32g0xx_hal_adc.o
                0x08020154                ADC_Enable
 .text.ADC_Disable
                0x08020260       0xbc Thirdparty\STM32G0xx_HAL_Driver\Src\stm32g0xx_hal_adc.o
                0x08020260                ADC_Disable
 .text.ADC_DMAConvCplt
                0x0802031c       0xc8 Thirdparty\STM32G0xx_HAL_Driver\Src\stm32g0xx_hal_adc.o
 .text.ADC_DMAHalfConvCplt
                0x080203e4       0x1e Thirdparty\STM32G0xx_HAL_Driver\Src\stm32g0xx_hal_adc.o
 .text.ADC_DMAError
                0x08020402       0x36 Thirdparty\STM32G0xx_HAL_Driver\Src\stm32g0xx_hal_adc.o
 .text.__NVIC_EnableIRQ
                0x08020438       0x34 Thirdparty\STM32G0xx_HAL_Driver\Src\stm32g0xx_hal_cortex.o
 .text.__NVIC_SetPriority
                0x0802046c       0xdc Thirdparty\STM32G0xx_HAL_Driver\Src\stm32g0xx_hal_cortex.o
 .text.SysTick_Config
                0x08020548       0x48 Thirdparty\STM32G0xx_HAL_Driver\Src\stm32g0xx_hal_cortex.o
 .text.HAL_NVIC_SetPriority
                0x08020590       0x2a Thirdparty\STM32G0xx_HAL_Driver\Src\stm32g0xx_hal_cortex.o
                0x08020590                HAL_NVIC_SetPriority
 .text.HAL_NVIC_EnableIRQ
                0x080205ba       0x20 Thirdparty\STM32G0xx_HAL_Driver\Src\stm32g0xx_hal_cortex.o
                0x080205ba                HAL_NVIC_EnableIRQ
 .text.HAL_SYSTICK_Config
                0x080205da       0x1a Thirdparty\STM32G0xx_HAL_Driver\Src\stm32g0xx_hal_cortex.o
                0x080205da                HAL_SYSTICK_Config
 .text.HAL_CRC_Init
                0x080205f4       0xcc Thirdparty\STM32G0xx_HAL_Driver\Src\stm32g0xx_hal_crc.o
                0x080205f4                HAL_CRC_Init
 .text.HAL_CRC_Accumulate
                0x080206c0       0x8e Thirdparty\STM32G0xx_HAL_Driver\Src\stm32g0xx_hal_crc.o
                0x080206c0                HAL_CRC_Accumulate
 .text.HAL_CRC_Calculate
                0x0802074e       0x9e Thirdparty\STM32G0xx_HAL_Driver\Src\stm32g0xx_hal_crc.o
                0x0802074e                HAL_CRC_Calculate
 .text.CRC_Handle_8
                0x080207ec      0x122 Thirdparty\STM32G0xx_HAL_Driver\Src\stm32g0xx_hal_crc.o
 .text.CRC_Handle_16
                0x0802090e       0x6e Thirdparty\STM32G0xx_HAL_Driver\Src\stm32g0xx_hal_crc.o
 .text.HAL_CRCEx_Polynomial_Set
                0x0802097c       0xea Thirdparty\STM32G0xx_HAL_Driver\Src\stm32g0xx_hal_crc_ex.o
                0x0802097c                HAL_CRCEx_Polynomial_Set
 *fill*         0x08020a66        0x2 
 .text.HAL_DMA_Init
                0x08020a68      0x158 Thirdparty\STM32G0xx_HAL_Driver\Src\stm32g0xx_hal_dma.o
                0x08020a68                HAL_DMA_Init
 .text.HAL_DMA_Start_IT
                0x08020bc0      0x10c Thirdparty\STM32G0xx_HAL_Driver\Src\stm32g0xx_hal_dma.o
                0x08020bc0                HAL_DMA_Start_IT
 .text.HAL_DMA_Abort
                0x08020ccc       0xc0 Thirdparty\STM32G0xx_HAL_Driver\Src\stm32g0xx_hal_dma.o
                0x08020ccc                HAL_DMA_Abort
 .text.HAL_DMA_Abort_IT
                0x08020d8c       0xd0 Thirdparty\STM32G0xx_HAL_Driver\Src\stm32g0xx_hal_dma.o
                0x08020d8c                HAL_DMA_Abort_IT
 .text.HAL_DMA_IRQHandler
                0x08020e5c      0x188 Thirdparty\STM32G0xx_HAL_Driver\Src\stm32g0xx_hal_dma.o
                0x08020e5c                HAL_DMA_IRQHandler
 .text.HAL_DMA_GetError
                0x08020fe4       0x14 Thirdparty\STM32G0xx_HAL_Driver\Src\stm32g0xx_hal_dma.o
                0x08020fe4                HAL_DMA_GetError
 .text.DMA_SetConfig
                0x08020ff8       0x78 Thirdparty\STM32G0xx_HAL_Driver\Src\stm32g0xx_hal_dma.o
 .text.DMA_CalcDMAMUXChannelBaseAndMask
                0x08021070       0x94 Thirdparty\STM32G0xx_HAL_Driver\Src\stm32g0xx_hal_dma.o
 .text.DMA_CalcDMAMUXRequestGenBaseAndMask
                0x08021104       0x48 Thirdparty\STM32G0xx_HAL_Driver\Src\stm32g0xx_hal_dma.o
 .text.HAL_FLASH_Program
                0x0802114c       0x9c Thirdparty\STM32G0xx_HAL_Driver\Src\stm32g0xx_hal_flash.o
                0x0802114c                HAL_FLASH_Program
 .text.HAL_FLASH_Unlock
                0x080211e8       0x48 Thirdparty\STM32G0xx_HAL_Driver\Src\stm32g0xx_hal_flash.o
                0x080211e8                HAL_FLASH_Unlock
 .text.HAL_FLASH_Lock
                0x08021230       0x44 Thirdparty\STM32G0xx_HAL_Driver\Src\stm32g0xx_hal_flash.o
                0x08021230                HAL_FLASH_Lock
 .text.FLASH_WaitForLastOperation
                0x08021274       0x9c Thirdparty\STM32G0xx_HAL_Driver\Src\stm32g0xx_hal_flash.o
                0x08021274                FLASH_WaitForLastOperation
 .text.FLASH_Program_DoubleWord
                0x08021310       0x40 Thirdparty\STM32G0xx_HAL_Driver\Src\stm32g0xx_hal_flash.o
 .text.HAL_FLASHEx_Erase
                0x08021350       0xe0 Thirdparty\STM32G0xx_HAL_Driver\Src\stm32g0xx_hal_flash_ex.o
                0x08021350                HAL_FLASHEx_Erase
 .text.FLASH_MassErase
                0x08021430       0x28 Thirdparty\STM32G0xx_HAL_Driver\Src\stm32g0xx_hal_flash_ex.o
 .text.FLASH_PageErase
                0x08021458       0x58 Thirdparty\STM32G0xx_HAL_Driver\Src\stm32g0xx_hal_flash_ex.o
                0x08021458                FLASH_PageErase
 .text.HAL_GPIO_Init
                0x080214b0      0x2d8 Thirdparty\STM32G0xx_HAL_Driver\Src\stm32g0xx_hal_gpio.o
                0x080214b0                HAL_GPIO_Init
 .text.HAL_GPIO_DeInit
                0x08021788      0x1b0 Thirdparty\STM32G0xx_HAL_Driver\Src\stm32g0xx_hal_gpio.o
                0x08021788                HAL_GPIO_DeInit
 .text.HAL_GPIO_ReadPin
                0x08021938       0x3a Thirdparty\STM32G0xx_HAL_Driver\Src\stm32g0xx_hal_gpio.o
                0x08021938                HAL_GPIO_ReadPin
 .text.HAL_GPIO_WritePin
                0x08021972       0x3a Thirdparty\STM32G0xx_HAL_Driver\Src\stm32g0xx_hal_gpio.o
                0x08021972                HAL_GPIO_WritePin
 .text.HAL_GPIO_TogglePin
                0x080219ac       0x36 Thirdparty\STM32G0xx_HAL_Driver\Src\stm32g0xx_hal_gpio.o
                0x080219ac                HAL_GPIO_TogglePin
 .text.HAL_MspInit
                0x080219e2        0xa Thirdparty\STM32G0xx_HAL_Driver\Src\stm32g0xx_hal_msp_template.o
                0x080219e2                HAL_MspInit
 .text.HAL_PWR_EnableWakeUpPin
                0x080219ec       0x40 Thirdparty\STM32G0xx_HAL_Driver\Src\stm32g0xx_hal_pwr.o
                0x080219ec                HAL_PWR_EnableWakeUpPin
 .text.HAL_PWR_DisableWakeUpPin
                0x08021a2c       0x28 Thirdparty\STM32G0xx_HAL_Driver\Src\stm32g0xx_hal_pwr.o
                0x08021a2c                HAL_PWR_DisableWakeUpPin
 .text.HAL_PWR_EnterSTOPMode
                0x08021a54       0x70 Thirdparty\STM32G0xx_HAL_Driver\Src\stm32g0xx_hal_pwr.o
                0x08021a54                HAL_PWR_EnterSTOPMode
 .text.HAL_PWR_EnterSTANDBYMode
                0x08021ac4       0x34 Thirdparty\STM32G0xx_HAL_Driver\Src\stm32g0xx_hal_pwr.o
                0x08021ac4                HAL_PWR_EnterSTANDBYMode
 .text.HAL_PWREx_EnableSRAMRetention
                0x08021af8       0x1c Thirdparty\STM32G0xx_HAL_Driver\Src\stm32g0xx_hal_pwr_ex.o
                0x08021af8                HAL_PWREx_EnableSRAMRetention
 .text.HAL_PWREx_ControlVoltageScaling
                0x08021b14       0x80 Thirdparty\STM32G0xx_HAL_Driver\Src\stm32g0xx_hal_pwr_ex.o
                0x08021b14                HAL_PWREx_ControlVoltageScaling
 .text.LL_RCC_GetAPB1Prescaler
                0x08021b94       0x18 Thirdparty\STM32G0xx_HAL_Driver\Src\stm32g0xx_hal_rcc.o
 .text.HAL_RCC_OscConfig
                0x08021bac      0x6c0 Thirdparty\STM32G0xx_HAL_Driver\Src\stm32g0xx_hal_rcc.o
                0x08021bac                HAL_RCC_OscConfig
 .text.HAL_RCC_ClockConfig
                0x0802226c      0x210 Thirdparty\STM32G0xx_HAL_Driver\Src\stm32g0xx_hal_rcc.o
                0x0802226c                HAL_RCC_ClockConfig
 .text.HAL_RCC_GetSysClockFreq
                0x0802247c      0x104 Thirdparty\STM32G0xx_HAL_Driver\Src\stm32g0xx_hal_rcc.o
                0x0802247c                HAL_RCC_GetSysClockFreq
 .text.HAL_RCC_GetHCLKFreq
                0x08022580       0x14 Thirdparty\STM32G0xx_HAL_Driver\Src\stm32g0xx_hal_rcc.o
                0x08022580                HAL_RCC_GetHCLKFreq
 .text.HAL_RCC_GetPCLK1Freq
                0x08022594       0x2c Thirdparty\STM32G0xx_HAL_Driver\Src\stm32g0xx_hal_rcc.o
                0x08022594                HAL_RCC_GetPCLK1Freq
 .text.HAL_RCCEx_PeriphCLKConfig
                0x080225c0      0x478 Thirdparty\STM32G0xx_HAL_Driver\Src\stm32g0xx_hal_rcc_ex.o
                0x080225c0                HAL_RCCEx_PeriphCLKConfig
 .text.HAL_RTC_Init
                0x08022a38      0x144 Thirdparty\STM32G0xx_HAL_Driver\Src\stm32g0xx_hal_rtc.o
                0x08022a38                HAL_RTC_Init
 .text.HAL_RTC_DeInit
                0x08022b7c      0x138 Thirdparty\STM32G0xx_HAL_Driver\Src\stm32g0xx_hal_rtc.o
                0x08022b7c                HAL_RTC_DeInit
 .text.HAL_RTC_SetTime
                0x08022cb4      0x150 Thirdparty\STM32G0xx_HAL_Driver\Src\stm32g0xx_hal_rtc.o
                0x08022cb4                HAL_RTC_SetTime